phase anchored seed 1 params 705960 device cuda steps 10000 batch 256 init runs/s1/pretrain/model.pt
  eval A: refs t>=16  x_unfl 0.8469  x_fl 0.8469  x_bayes 0.8496  y 0.9919  joint_pre 1.8387  joint_anc 1.8411  wA 0.989
  eval B: refs t>=16  x_unfl 0.8460  x_fl 0.8460  x_bayes 0.8494  y 0.9829  joint_pre 1.8289  joint_anc 1.8320  wA 0.014
step      0  A: xgap +0.5186 f -0.005 | B: xgap -0.0031 f -0.005 | ygap A +0.0008 B +0.0002
step     25  loss 2.1031  A: xgap +0.4714 f 0.031 | B: xgap -0.0026 f 0.027 | ygap A +0.0001 B +0.0008  (1s)
step     50  loss 2.0228  A: xgap +0.3357 f 0.158 | B: xgap +0.0065 f 0.125 | ygap A +0.0000 B +0.0018  (2s)
step     75  loss 1.9539  A: xgap +0.1593 f 0.427 | B: xgap +0.0436 f 0.288 | ygap A +0.0027 B +0.0014  (3s)
step    100  loss 1.9261  A: xgap +0.1043 f 0.553 | B: xgap +0.0209 f 0.178 | ygap A +0.0040 B +0.0019  (4s)
step    125  loss 1.8619  A: xgap +0.0086 f 0.960 | B: xgap +0.0060 f 0.027 | ygap A +0.0030 B +0.0029  (5s)
step    150  loss 1.8630  A: xgap +0.0051 f 0.972 | B: xgap +0.0009 f 0.021 | ygap A +0.0029 B +0.0003  (6s)
step    175  loss 1.8553  A: xgap +0.0035 f 0.971 | B: xgap +0.0006 f 0.014 | ygap A +0.0019 B +0.0002  (7s)
step    200  loss 1.8626  A: xgap +0.0014 f 0.992 | B: xgap +0.0022 f 0.017 | ygap A +0.0007 B +0.0012  (8s)
step    225  loss 1.8704  A: xgap +0.0012 f 0.988 | B: xgap +0.0026 f 0.025 | ygap A +0.0004 B +0.0015  (9s)
step    250  loss 1.8571  A: xgap +0.0007 f 0.975 | B: xgap +0.0029 f 0.032 | ygap A -0.0001 B +0.0019  (10s)
step    275  loss 1.8815  A: xgap +0.0009 f 0.992 | B: xgap +0.0017 f 0.009 | ygap A +0.0006 B +0.0009  (11s)
step    300  loss 1.8700  A: xgap +0.0005 f 0.989 | B: xgap +0.0031 f 0.027 | ygap A -0.0001 B +0.0020  (12s)
step    325  loss 1.8689  A: xgap +0.0024 f 0.991 | B: xgap +0.0002 f 0.015 | ygap A +0.0013 B +0.0002  (13s)
step    350  loss 1.8588  A: xgap +0.0014 f 0.998 | B: xgap +0.0015 f 0.018 | ygap A +0.0007 B +0.0008  (13s)
step    375  loss 1.8702  A: xgap +0.0023 f 0.977 | B: xgap +0.0005 f 0.016 | ygap A +0.0009 B +0.0003  (14s)
step    400  loss 1.8703  A: xgap +0.0007 f 0.985 | B: xgap +0.0018 f 0.021 | ygap A +0.0004 B +0.0017  (15s)
step    425  loss 1.8621  A: xgap +0.0023 f 0.981 | B: xgap -0.0001 f 0.012 | ygap A +0.0011 B +0.0002  (16s)
step    450  loss 1.8709  A: xgap +0.0025 f 0.983 | B: xgap -0.0001 f 0.006 | ygap A +0.0011 B +0.0001  (17s)
step    475  loss 1.8580  A: xgap +0.0006 f 0.982 | B: xgap +0.0014 f 0.013 | ygap A +0.0001 B +0.0013  (18s)
step    500  loss 1.8677  A: xgap +0.0005 f 0.988 | B: xgap +0.0025 f 0.025 | ygap A +0.0002 B +0.0012  (19s)
step    525  loss 1.8690  A: xgap +0.0029 f 0.975 | B: xgap -0.0005 f 0.008 | ygap A +0.0013 B -0.0000  (20s)
step    550  loss 1.8503  A: xgap +0.0004 f 0.994 | B: xgap +0.0019 f 0.022 | ygap A +0.0002 B +0.0010  (21s)
step    575  loss 1.8643  A: xgap +0.0012 f 0.975 | B: xgap +0.0011 f 0.019 | ygap A +0.0003 B +0.0009  (22s)
step    600  loss 1.8608  A: xgap +0.0021 f 0.982 | B: xgap -0.0003 f 0.009 | ygap A +0.0013 B +0.0002  (23s)
step    625  loss 1.8620  A: xgap +0.0011 f 0.983 | B: xgap +0.0005 f 0.016 | ygap A +0.0008 B +0.0003  (24s)
step    650  loss 1.8677  A: xgap +0.0004 f 0.994 | B: xgap +0.0013 f 0.019 | ygap A +0.0004 B +0.0008  (25s)
step    675  loss 1.8649  A: xgap +0.0025 f 0.976 | B: xgap -0.0004 f 0.014 | ygap A +0.0011 B +0.0000  (26s)
step    700  loss 1.8548  A: xgap +0.0012 f 0.986 | B: xgap +0.0011 f 0.019 | ygap A +0.0006 B +0.0004  (27s)
step    725  loss 1.8738  A: xgap +0.0010 f 0.992 | B: xgap +0.0008 f 0.023 | ygap A +0.0005 B +0.0005  (28s)
step    750  loss 1.8683  A: xgap +0.0010 f 0.979 | B: xgap +0.0004 f 0.018 | ygap A +0.0005 B +0.0006  (29s)
step    775  loss 1.8695  A: xgap +0.0002 f 0.981 | B: xgap +0.0020 f 0.021 | ygap A -0.0001 B +0.0011  (30s)
step    800  loss 1.8552  A: xgap +0.0008 f 0.991 | B: xgap +0.0007 f 0.005 | ygap A +0.0008 B +0.0006  (31s)
step    825  loss 1.8661  A: xgap +0.0022 f 0.990 | B: xgap -0.0002 f 0.004 | ygap A +0.0009 B +0.0001  (32s)
step    850  loss 1.8601  A: xgap +0.0004 f 0.996 | B: xgap +0.0012 f 0.015 | ygap A +0.0002 B +0.0010  (33s)
step    875  loss 1.8551  A: xgap +0.0012 f 0.989 | B: xgap +0.0002 f 0.010 | ygap A +0.0007 B +0.0002  (34s)
step    900  loss 1.8527  A: xgap -0.0000 f 0.997 | B: xgap +0.0021 f 0.018 | ygap A -0.0001 B +0.0013  (35s)
step    925  loss 1.8655  A: xgap +0.0011 f 0.989 | B: xgap +0.0004 f 0.010 | ygap A +0.0008 B +0.0004  (36s)
step    950  loss 1.8609  A: xgap +0.0008 f 0.978 | B: xgap +0.0007 f 0.016 | ygap A +0.0001 B +0.0009  (37s)
step    975  loss 1.8520  A: xgap +0.0009 f 0.997 | B: xgap +0.0009 f 0.008 | ygap A +0.0002 B +0.0008  (38s)
step   1000  loss 1.8708  A: xgap -0.0003 f 1.003 | B: xgap +0.0033 f 0.021 | ygap A -0.0003 B +0.0019  (39s)
step   1100  loss 1.8742  A: xgap -0.0003 f 0.992 | B: xgap +0.0024 f 0.030 | ygap A -0.0002 B +0.0017  (42s)
step   1200  loss 1.8697  A: xgap +0.0005 f 0.985 | B: xgap +0.0008 f 0.015 | ygap A +0.0003 B +0.0010  (45s)
step   1300  loss 1.8709  A: xgap +0.0006 f 0.988 | B: xgap +0.0011 f 0.025 | ygap A +0.0002 B +0.0009  (48s)
step   1400  loss 1.8667  A: xgap +0.0020 f 0.982 | B: xgap -0.0005 f 0.007 | ygap A +0.0012 B -0.0000  (51s)
step   1500  loss 1.8689  A: xgap +0.0004 f 0.983 | B: xgap +0.0010 f 0.015 | ygap A +0.0002 B +0.0009  (54s)
step   1600  loss 1.8624  A: xgap +0.0018 f 0.985 | B: xgap -0.0003 f 0.011 | ygap A +0.0013 B -0.0001  (56s)
step   1700  loss 1.8801  A: xgap +0.0002 f 1.002 | B: xgap +0.0014 f 0.016 | ygap A +0.0003 B +0.0007  (59s)
step   1800  loss 1.8481  A: xgap +0.0007 f 0.990 | B: xgap +0.0007 f 0.008 | ygap A +0.0005 B +0.0007  (62s)
step   1900  loss 1.8671  A: xgap +0.0003 f 0.991 | B: xgap +0.0008 f 0.018 | ygap A +0.0004 B +0.0005  (65s)
step   2000  loss 1.8586  A: xgap -0.0001 f 0.989 | B: xgap +0.0015 f 0.024 | ygap A +0.0004 B +0.0006  (68s)
step   2100  loss 1.8649  A: xgap -0.0003 f 0.993 | B: xgap +0.0020 f 0.015 | ygap A -0.0002 B +0.0015  (71s)
step   2200  loss 1.8618  A: xgap +0.0020 f 0.972 | B: xgap -0.0005 f 0.009 | ygap A +0.0011 B -0.0000  (74s)
step   2300  loss 1.8655  A: xgap +0.0021 f 0.981 | B: xgap -0.0004 f 0.013 | ygap A +0.0013 B -0.0000  (76s)
step   2400  loss 1.8449  A: xgap +0.0024 f 0.977 | B: xgap -0.0008 f 0.009 | ygap A +0.0016 B -0.0004  (79s)
step   2500  loss 1.8570  A: xgap +0.0033 f 0.973 | B: xgap -0.0010 f 0.020 | ygap A +0.0026 B -0.0006  (82s)
step   2600  loss 1.8643  A: xgap +0.0015 f 0.984 | B: xgap -0.0001 f 0.008 | ygap A +0.0009 B -0.0000  (85s)
step   2700  loss 1.8602  A: xgap +0.0003 f 0.985 | B: xgap +0.0009 f 0.014 | ygap A +0.0005 B +0.0007  (88s)
step   2800  loss 1.8453  A: xgap +0.0001 f 0.986 | B: xgap +0.0013 f 0.021 | ygap A +0.0001 B +0.0007  (90s)
step   2900  loss 1.8647  A: xgap +0.0005 f 0.980 | B: xgap +0.0009 f 0.017 | ygap A +0.0000 B +0.0008  (93s)
step   3000  loss 1.8743  A: xgap -0.0000 f 0.982 | B: xgap +0.0012 f 0.020 | ygap A +0.0002 B +0.0010  (96s)
step   3100  loss 1.8565  A: xgap +0.0007 f 0.983 | B: xgap +0.0003 f 0.016 | ygap A +0.0005 B +0.0002  (99s)
step   3200  loss 1.8624  A: xgap +0.0006 f 0.985 | B: xgap +0.0005 f 0.023 | ygap A +0.0008 B +0.0004  (102s)
step   3300  loss 1.8646  A: xgap +0.0003 f 0.992 | B: xgap +0.0011 f 0.017 | ygap A +0.0003 B +0.0004  (105s)
step   3400  loss 1.8704  A: xgap +0.0004 f 0.979 | B: xgap +0.0010 f 0.016 | ygap A +0.0001 B +0.0007  (108s)
step   3500  loss 1.8610  A: xgap +0.0003 f 0.988 | B: xgap +0.0011 f 0.015 | ygap A +0.0002 B +0.0007  (111s)
step   3600  loss 1.8563  A: xgap +0.0010 f 1.005 | B: xgap +0.0006 f 0.013 | ygap A +0.0004 B +0.0005  (114s)
step   3700  loss 1.8692  A: xgap +0.0011 f 0.985 | B: xgap +0.0002 f 0.013 | ygap A +0.0006 B +0.0001  (117s)
step   3800  loss 1.8499  A: xgap +0.0016 f 0.976 | B: xgap -0.0004 f 0.014 | ygap A +0.0009 B -0.0001  (120s)
step   3900  loss 1.8542  A: xgap +0.0008 f 0.988 | B: xgap +0.0005 f 0.009 | ygap A +0.0002 B +0.0006  (123s)
step   4000  loss 1.8642  A: xgap +0.0002 f 0.989 | B: xgap +0.0007 f 0.017 | ygap A +0.0003 B +0.0006  (125s)
step   4100  loss 1.8696  A: xgap +0.0011 f 0.980 | B: xgap -0.0000 f 0.011 | ygap A +0.0004 B +0.0003  (128s)
step   4200  loss 1.8713  A: xgap +0.0011 f 0.986 | B: xgap -0.0000 f 0.006 | ygap A +0.0007 B +0.0001  (131s)
step   4300  loss 1.8563  A: xgap +0.0005 f 0.982 | B: xgap +0.0007 f 0.019 | ygap A +0.0003 B +0.0005  (134s)
step   4400  loss 1.8574  A: xgap +0.0007 f 0.988 | B: xgap +0.0001 f 0.010 | ygap A +0.0005 B +0.0004  (137s)
step   4500  loss 1.8600  A: xgap +0.0007 f 0.986 | B: xgap -0.0000 f 0.013 | ygap A +0.0005 B +0.0004  (141s)
step   4600  loss 1.8692  A: xgap -0.0007 f 0.987 | B: xgap +0.0027 f 0.029 | ygap A -0.0003 B +0.0017  (144s)
step   4700  loss 1.8538  A: xgap +0.0002 f 0.993 | B: xgap +0.0007 f 0.014 | ygap A +0.0003 B +0.0009  (147s)
step   4800  loss 1.8679  A: xgap +0.0011 f 0.989 | B: xgap -0.0003 f 0.011 | ygap A +0.0009 B +0.0001  (150s)
step   4900  loss 1.8675  A: xgap +0.0007 f 0.994 | B: xgap +0.0004 f 0.005 | ygap A +0.0006 B +0.0001  (153s)
step   5000  loss 1.8547  A: xgap +0.0015 f 0.974 | B: xgap -0.0006 f 0.014 | ygap A +0.0008 B +0.0001  (157s)
step   5500  loss 1.8581  A: xgap +0.0006 f 0.985 | B: xgap +0.0004 f 0.020 | ygap A +0.0005 B +0.0006  (170s)
step   6000  loss 1.8575  A: xgap +0.0004 f 0.990 | B: xgap +0.0010 f 0.018 | ygap A +0.0003 B +0.0003  (184s)
step   6500  loss 1.8581  A: xgap +0.0007 f 0.994 | B: xgap +0.0001 f 0.013 | ygap A +0.0006 B +0.0002  (197s)
step   7000  loss 1.8534  A: xgap +0.0015 f 0.977 | B: xgap -0.0005 f 0.017 | ygap A +0.0011 B -0.0003  (211s)
step   7500  loss 1.8506  A: xgap +0.0010 f 0.985 | B: xgap -0.0001 f 0.017 | ygap A +0.0007 B +0.0000  (224s)
step   8000  loss 1.8489  A: xgap +0.0007 f 0.986 | B: xgap +0.0002 f 0.013 | ygap A +0.0004 B +0.0002  (237s)
step   8500  loss 1.8597  A: xgap +0.0004 f 0.989 | B: xgap +0.0005 f 0.014 | ygap A +0.0004 B +0.0005  (245s)
step   9000  loss 1.8597  A: xgap +0.0004 f 0.980 | B: xgap +0.0005 f 0.021 | ygap A +0.0003 B +0.0003  (253s)
step   9500  loss 1.8573  A: xgap -0.0005 f 0.999 | B: xgap +0.0017 f 0.014 | ygap A -0.0002 B +0.0010  (261s)
step  10000  loss 1.8473  A: xgap +0.0010 f 0.975 | B: xgap -0.0001 f 0.020 | ygap A +0.0007 B -0.0001  (269s)
saved runs/s1/anchored
