phase anchored seed 2 params 705960 device cuda steps 10000 batch 256 init runs/s2/pretrain/model.pt
  eval A: refs t>=16  x_unfl 0.8469  x_fl 0.8469  x_bayes 0.8496  y 0.9919  joint_pre 1.8387  joint_anc 1.8411  wA 0.989
  eval B: refs t>=16  x_unfl 0.8460  x_fl 0.8460  x_bayes 0.8494  y 0.9829  joint_pre 1.8289  joint_anc 1.8320  wA 0.014
step      0  A: xgap +0.5081 f 0.004 | B: xgap -0.0031 f 0.006 | ygap A +0.0002 B +0.0008
step     25  loss 2.1046  A: xgap +0.4649 f 0.038 | B: xgap -0.0022 f 0.037 | ygap A +0.0003 B +0.0006  (1s)
step     50  loss 2.0306  A: xgap +0.3533 f 0.139 | B: xgap +0.0063 f 0.124 | ygap A +0.0000 B +0.0012  (2s)
step     75  loss 1.9770  A: xgap +0.1770 f 0.385 | B: xgap +0.0537 f 0.327 | ygap A +0.0012 B +0.0010  (3s)
step    100  loss 1.9269  A: xgap +0.0748 f 0.634 | B: xgap +0.0426 f 0.262 | ygap A +0.0050 B +0.0011  (4s)
step    125  loss 1.8806  A: xgap +0.0182 f 0.937 | B: xgap +0.0092 f 0.054 | ygap A +0.0039 B +0.0024  (5s)
step    150  loss 1.8689  A: xgap +0.0085 f 0.963 | B: xgap +0.0047 f 0.036 | ygap A +0.0016 B +0.0024  (6s)
step    175  loss 1.8671  A: xgap +0.0039 f 0.990 | B: xgap +0.0067 f 0.044 | ygap A +0.0005 B +0.0036  (7s)
step    200  loss 1.8764  A: xgap +0.0030 f 0.991 | B: xgap +0.0062 f 0.045 | ygap A +0.0002 B +0.0036  (8s)
step    225  loss 1.8479  A: xgap +0.0037 f 0.995 | B: xgap +0.0039 f 0.030 | ygap A +0.0001 B +0.0028  (9s)
step    250  loss 1.8632  A: xgap +0.0060 f 0.959 | B: xgap +0.0001 f 0.006 | ygap A +0.0035 B -0.0000  (10s)
step    275  loss 1.8691  A: xgap +0.0040 f 0.971 | B: xgap +0.0006 f 0.015 | ygap A +0.0020 B +0.0001  (11s)
step    300  loss 1.8633  A: xgap +0.0035 f 0.967 | B: xgap +0.0011 f 0.016 | ygap A +0.0015 B +0.0008  (12s)
step    325  loss 1.8513  A: xgap +0.0034 f 0.978 | B: xgap +0.0007 f 0.015 | ygap A +0.0014 B +0.0006  (13s)
step    350  loss 1.8650  A: xgap +0.0039 f 0.976 | B: xgap +0.0003 f 0.001 | ygap A +0.0016 B +0.0003  (14s)
step    375  loss 1.8738  A: xgap +0.0017 f 0.983 | B: xgap +0.0014 f 0.027 | ygap A +0.0008 B +0.0012  (15s)
step    400  loss 1.8704  A: xgap +0.0020 f 0.977 | B: xgap +0.0013 f 0.011 | ygap A +0.0004 B +0.0012  (16s)
step    425  loss 1.8567  A: xgap +0.0026 f 0.979 | B: xgap +0.0009 f 0.014 | ygap A +0.0012 B +0.0008  (17s)
step    450  loss 1.8636  A: xgap +0.0019 f 0.978 | B: xgap +0.0009 f 0.019 | ygap A +0.0013 B +0.0005  (18s)
step    475  loss 1.8635  A: xgap +0.0015 f 0.980 | B: xgap +0.0011 f 0.012 | ygap A +0.0005 B +0.0012  (19s)
step    500  loss 1.8607  A: xgap +0.0010 f 0.987 | B: xgap +0.0018 f 0.016 | ygap A +0.0004 B +0.0012  (20s)
step    525  loss 1.8583  A: xgap +0.0018 f 0.972 | B: xgap +0.0010 f 0.029 | ygap A +0.0011 B +0.0006  (21s)
step    550  loss 1.8598  A: xgap +0.0020 f 0.985 | B: xgap +0.0008 f 0.003 | ygap A +0.0016 B +0.0001  (22s)
step    575  loss 1.8529  A: xgap +0.0017 f 0.990 | B: xgap +0.0016 f 0.013 | ygap A +0.0006 B +0.0008  (23s)
step    600  loss 1.8686  A: xgap +0.0012 f 0.984 | B: xgap +0.0016 f 0.022 | ygap A +0.0003 B +0.0013  (24s)
step    625  loss 1.8668  A: xgap +0.0018 f 0.976 | B: xgap +0.0008 f 0.025 | ygap A +0.0008 B +0.0007  (25s)
step    650  loss 1.8714  A: xgap +0.0014 f 0.980 | B: xgap +0.0009 f 0.017 | ygap A +0.0009 B +0.0010  (26s)
step    675  loss 1.8685  A: xgap +0.0025 f 0.972 | B: xgap +0.0001 f 0.021 | ygap A +0.0018 B -0.0003  (26s)
step    700  loss 1.8626  A: xgap +0.0009 f 0.990 | B: xgap +0.0011 f 0.010 | ygap A +0.0006 B +0.0008  (27s)
step    725  loss 1.8587  A: xgap +0.0007 f 0.987 | B: xgap +0.0014 f 0.017 | ygap A +0.0003 B +0.0012  (28s)
step    750  loss 1.8579  A: xgap +0.0020 f 0.985 | B: xgap +0.0003 f 0.015 | ygap A +0.0012 B +0.0001  (29s)
step    775  loss 1.8521  A: xgap +0.0010 f 0.989 | B: xgap +0.0009 f 0.020 | ygap A +0.0005 B +0.0009  (30s)
step    800  loss 1.8622  A: xgap +0.0005 f 0.993 | B: xgap +0.0013 f 0.016 | ygap A +0.0004 B +0.0009  (31s)
step    825  loss 1.8650  A: xgap +0.0011 f 0.985 | B: xgap +0.0006 f 0.014 | ygap A +0.0005 B +0.0007  (32s)
step    850  loss 1.8657  A: xgap +0.0006 f 0.991 | B: xgap +0.0013 f 0.015 | ygap A +0.0003 B +0.0013  (33s)
step    875  loss 1.8574  A: xgap -0.0002 f 0.996 | B: xgap +0.0028 f 0.027 | ygap A -0.0002 B +0.0018  (34s)
step    900  loss 1.8618  A: xgap +0.0018 f 0.982 | B: xgap +0.0005 f 0.020 | ygap A +0.0008 B +0.0004  (35s)
step    925  loss 1.8650  A: xgap +0.0011 f 0.980 | B: xgap +0.0009 f 0.021 | ygap A +0.0006 B +0.0007  (36s)
step    950  loss 1.8701  A: xgap +0.0016 f 0.984 | B: xgap +0.0004 f 0.009 | ygap A +0.0010 B +0.0004  (37s)
step    975  loss 1.8719  A: xgap +0.0016 f 0.997 | B: xgap +0.0006 f 0.019 | ygap A +0.0011 B +0.0002  (38s)
step   1000  loss 1.8647  A: xgap +0.0016 f 0.981 | B: xgap +0.0006 f 0.016 | ygap A +0.0005 B +0.0006  (40s)
step   1100  loss 1.8770  A: xgap +0.0016 f 0.986 | B: xgap +0.0004 f 0.017 | ygap A +0.0011 B +0.0002  (42s)
step   1200  loss 1.8502  A: xgap +0.0020 f 0.981 | B: xgap -0.0000 f 0.013 | ygap A +0.0011 B +0.0002  (45s)
step   1300  loss 1.8731  A: xgap +0.0004 f 0.992 | B: xgap +0.0013 f 0.017 | ygap A +0.0003 B +0.0007  (48s)
step   1400  loss 1.8481  A: xgap +0.0000 f 0.985 | B: xgap +0.0022 f 0.023 | ygap A +0.0002 B +0.0010  (51s)
step   1500  loss 1.8421  A: xgap -0.0004 f 0.997 | B: xgap +0.0028 f 0.016 | ygap A -0.0004 B +0.0018  (54s)
step   1600  loss 1.8708  A: xgap +0.0016 f 0.989 | B: xgap +0.0001 f 0.014 | ygap A +0.0012 B +0.0001  (57s)
step   1700  loss 1.8604  A: xgap +0.0016 f 0.984 | B: xgap -0.0001 f 0.013 | ygap A +0.0011 B +0.0002  (60s)
step   1800  loss 1.8520  A: xgap -0.0005 f 0.988 | B: xgap +0.0028 f 0.026 | ygap A -0.0003 B +0.0019  (63s)
step   1900  loss 1.8591  A: xgap +0.0001 f 0.990 | B: xgap +0.0014 f 0.015 | ygap A +0.0000 B +0.0012  (66s)
step   2000  loss 1.8563  A: xgap +0.0010 f 0.978 | B: xgap +0.0003 f 0.016 | ygap A +0.0008 B +0.0001  (69s)
step   2100  loss 1.8716  A: xgap +0.0004 f 0.986 | B: xgap +0.0008 f 0.023 | ygap A +0.0005 B +0.0006  (72s)
step   2200  loss 1.8571  A: xgap +0.0003 f 0.988 | B: xgap +0.0011 f 0.018 | ygap A +0.0002 B +0.0009  (74s)
step   2300  loss 1.8587  A: xgap +0.0007 f 0.992 | B: xgap +0.0008 f 0.020 | ygap A +0.0003 B +0.0010  (77s)
step   2400  loss 1.8563  A: xgap -0.0003 f 0.988 | B: xgap +0.0022 f 0.020 | ygap A -0.0002 B +0.0014  (80s)
step   2500  loss 1.8642  A: xgap +0.0014 f 0.988 | B: xgap +0.0001 f 0.006 | ygap A +0.0010 B +0.0000  (83s)
step   2600  loss 1.8693  A: xgap +0.0020 f 0.981 | B: xgap -0.0001 f 0.008 | ygap A +0.0014 B -0.0001  (86s)
step   2700  loss 1.8606  A: xgap +0.0006 f 0.985 | B: xgap +0.0006 f 0.021 | ygap A +0.0006 B +0.0005  (89s)
step   2800  loss 1.8601  A: xgap +0.0021 f 0.974 | B: xgap -0.0003 f 0.014 | ygap A +0.0011 B +0.0001  (91s)
step   2900  loss 1.8563  A: xgap +0.0011 f 0.989 | B: xgap +0.0001 f 0.010 | ygap A +0.0011 B +0.0003  (94s)
step   3000  loss 1.8522  A: xgap +0.0014 f 0.970 | B: xgap +0.0001 f 0.024 | ygap A +0.0009 B +0.0002  (97s)
step   3100  loss 1.8550  A: xgap +0.0003 f 0.988 | B: xgap +0.0008 f 0.018 | ygap A +0.0002 B +0.0007  (100s)
step   3200  loss 1.8548  A: xgap +0.0006 f 0.984 | B: xgap +0.0002 f 0.016 | ygap A +0.0009 B +0.0001  (103s)
step   3300  loss 1.8637  A: xgap -0.0002 f 0.984 | B: xgap +0.0014 f 0.026 | ygap A +0.0000 B +0.0010  (106s)
step   3400  loss 1.8703  A: xgap -0.0003 f 0.990 | B: xgap +0.0015 f 0.018 | ygap A +0.0000 B +0.0010  (109s)
step   3500  loss 1.8617  A: xgap +0.0007 f 0.993 | B: xgap +0.0003 f 0.012 | ygap A +0.0005 B +0.0003  (111s)
step   3600  loss 1.8584  A: xgap +0.0010 f 0.986 | B: xgap +0.0002 f 0.016 | ygap A +0.0009 B +0.0000  (114s)
step   3700  loss 1.8690  A: xgap +0.0005 f 0.984 | B: xgap +0.0007 f 0.008 | ygap A +0.0006 B +0.0006  (117s)
step   3800  loss 1.8672  A: xgap +0.0002 f 0.985 | B: xgap +0.0009 f 0.013 | ygap A +0.0003 B +0.0009  (120s)
step   3900  loss 1.8617  A: xgap -0.0002 f 0.989 | B: xgap +0.0016 f 0.021 | ygap A -0.0001 B +0.0013  (123s)
step   4000  loss 1.8537  A: xgap +0.0019 f 0.975 | B: xgap -0.0002 f 0.015 | ygap A +0.0013 B +0.0000  (126s)
step   4100  loss 1.8561  A: xgap -0.0002 f 0.990 | B: xgap +0.0015 f 0.019 | ygap A -0.0001 B +0.0011  (129s)
step   4200  loss 1.8649  A: xgap -0.0006 f 0.991 | B: xgap +0.0020 f 0.023 | ygap A -0.0003 B +0.0019  (132s)
step   4300  loss 1.8534  A: xgap +0.0000 f 0.993 | B: xgap +0.0018 f 0.013 | ygap A -0.0001 B +0.0011  (135s)
step   4400  loss 1.8661  A: xgap -0.0002 f 0.990 | B: xgap +0.0015 f 0.016 | ygap A +0.0002 B +0.0010  (138s)
step   4500  loss 1.8544  A: xgap +0.0003 f 0.994 | B: xgap +0.0010 f 0.011 | ygap A +0.0002 B +0.0007  (141s)
step   4600  loss 1.8546  A: xgap +0.0012 f 0.977 | B: xgap +0.0002 f 0.022 | ygap A +0.0012 B +0.0001  (144s)
step   4700  loss 1.8629  A: xgap +0.0006 f 0.980 | B: xgap +0.0004 f 0.011 | ygap A +0.0006 B +0.0005  (148s)
step   4800  loss 1.8621  A: xgap +0.0028 f 0.972 | B: xgap -0.0010 f 0.010 | ygap A +0.0016 B -0.0004  (151s)
step   4900  loss 1.8696  A: xgap +0.0002 f 0.990 | B: xgap +0.0008 f 0.013 | ygap A +0.0002 B +0.0005  (154s)
step   5000  loss 1.8517  A: xgap +0.0014 f 1.001 | B: xgap +0.0000 f 0.000 | ygap A +0.0010 B -0.0001  (157s)
step   5500  loss 1.8461  A: xgap +0.0008 f 0.983 | B: xgap +0.0003 f 0.014 | ygap A +0.0005 B +0.0004  (171s)
step   6000  loss 1.8526  A: xgap +0.0008 f 0.990 | B: xgap +0.0005 f 0.009 | ygap A +0.0005 B +0.0005  (184s)
step   6500  loss 1.8418  A: xgap +0.0024 f 0.979 | B: xgap -0.0006 f 0.013 | ygap A +0.0015 B -0.0002  (198s)
step   7000  loss 1.8599  A: xgap +0.0011 f 0.993 | B: xgap +0.0005 f 0.016 | ygap A +0.0003 B +0.0006  (211s)
step   7500  loss 1.8570  A: xgap +0.0011 f 0.982 | B: xgap -0.0002 f 0.015 | ygap A +0.0004 B +0.0004  (225s)
step   8000  loss 1.8740  A: xgap -0.0001 f 0.995 | B: xgap +0.0011 f 0.013 | ygap A +0.0003 B +0.0007  (238s)
step   8500  loss 1.8576  A: xgap +0.0006 f 0.986 | B: xgap +0.0005 f 0.015 | ygap A +0.0005 B +0.0004  (246s)
step   9000  loss 1.8520  A: xgap +0.0002 f 0.987 | B: xgap +0.0008 f 0.019 | ygap A +0.0002 B +0.0007  (253s)
step   9500  loss 1.8542  A: xgap +0.0008 f 0.988 | B: xgap +0.0004 f 0.005 | ygap A +0.0005 B +0.0003  (261s)
step  10000  loss 1.8618  A: xgap +0.0003 f 0.987 | B: xgap +0.0008 f 0.014 | ygap A +0.0002 B +0.0006  (269s)
saved runs/s2/anchored
