phase anchored seed 0 params 705960 device cpu steps 10000 batch 256 init runs/s0/pretrain/model.pt
  eval A: refs t>=16  x_unfl 0.8469  x_fl 0.8469  x_bayes 0.8496  y 0.9919  joint_pre 1.8387  joint_anc 1.8411  wA 0.989
  eval B: refs t>=16  x_unfl 0.8460  x_fl 0.8460  x_bayes 0.8494  y 0.9829  joint_pre 1.8289  joint_anc 1.8320  wA 0.014
step      0  A: xgap +0.5042 f 0.005 | B: xgap -0.0032 f 0.006 | ygap A -0.0002 B +0.0011
step     25  loss 2.0712  A: xgap +0.4607 f 0.038 | B: xgap -0.0023 f 0.037 | ygap A +0.0001 B +0.0005  (13s)
step     50  loss 2.0079  A: xgap +0.3498 f 0.139 | B: xgap +0.0060 f 0.122 | ygap A -0.0001 B +0.0013  (26s)
step     75  loss 1.9657  A: xgap +0.1753 f 0.388 | B: xgap +0.0521 f 0.322 | ygap A +0.0004 B +0.0019  (40s)
step    100  loss 1.9292  A: xgap +0.0850 f 0.595 | B: xgap +0.0393 f 0.261 | ygap A +0.0024 B +0.0014  (53s)
step    125  loss 1.8810  A: xgap +0.0121 f 0.959 | B: xgap +0.0054 f 0.021 | ygap A +0.0029 B +0.0026  (66s)
step    150  loss 1.8730  A: xgap +0.0055 f 0.990 | B: xgap +0.0041 f 0.023 | ygap A +0.0022 B +0.0013  (79s)
step    175  loss 1.8772  A: xgap +0.0022 f 0.990 | B: xgap +0.0071 f 0.050 | ygap A +0.0005 B +0.0035  (92s)
step    200  loss 1.8745  A: xgap +0.0034 f 0.973 | B: xgap +0.0020 f 0.019 | ygap A +0.0013 B +0.0010  (105s)
step    225  loss 1.8850  A: xgap +0.0022 f 0.991 | B: xgap +0.0032 f 0.027 | ygap A +0.0012 B +0.0013  (118s)
step    250  loss 1.8691  A: xgap +0.0018 f 0.990 | B: xgap +0.0022 f 0.023 | ygap A +0.0006 B +0.0015  (131s)
step    275  loss 1.8710  A: xgap +0.0030 f 0.973 | B: xgap +0.0008 f 0.014 | ygap A +0.0016 B +0.0004  (144s)
step    300  loss 1.8713  A: xgap +0.0024 f 0.977 | B: xgap +0.0010 f 0.023 | ygap A +0.0012 B +0.0007  (158s)
step    325  loss 1.8606  A: xgap +0.0022 f 0.977 | B: xgap +0.0015 f 0.024 | ygap A +0.0006 B +0.0010  (171s)
step    350  loss 1.8723  A: xgap +0.0023 f 0.981 | B: xgap +0.0010 f 0.018 | ygap A +0.0009 B +0.0006  (184s)
step    375  loss 1.8535  A: xgap +0.0025 f 0.981 | B: xgap +0.0006 f 0.013 | ygap A +0.0014 B +0.0002  (197s)
step    400  loss 1.8627  A: xgap +0.0017 f 0.980 | B: xgap +0.0015 f 0.013 | ygap A +0.0005 B +0.0012  (209s)
step    425  loss 1.8516  A: xgap +0.0014 f 0.984 | B: xgap +0.0011 f 0.015 | ygap A +0.0008 B +0.0007  (223s)
step    450  loss 1.8611  A: xgap +0.0007 f 0.982 | B: xgap +0.0028 f 0.018 | ygap A -0.0004 B +0.0026  (236s)
step    475  loss 1.8646  A: xgap +0.0017 f 0.990 | B: xgap +0.0012 f 0.011 | ygap A +0.0007 B +0.0007  (249s)
step    500  loss 1.8705  A: xgap +0.0017 f 0.977 | B: xgap +0.0007 f 0.021 | ygap A +0.0007 B +0.0006  (262s)
step    525  loss 1.8569  A: xgap +0.0005 f 0.982 | B: xgap +0.0020 f 0.020 | ygap A +0.0002 B +0.0017  (275s)
step    550  loss 1.8756  A: xgap +0.0019 f 0.977 | B: xgap +0.0007 f 0.018 | ygap A +0.0011 B +0.0007  (287s)
step    575  loss 1.8757  A: xgap +0.0001 f 0.993 | B: xgap +0.0035 f 0.029 | ygap A -0.0001 B +0.0022  (300s)
step    600  loss 1.8506  A: xgap +0.0009 f 0.985 | B: xgap +0.0015 f 0.021 | ygap A +0.0003 B +0.0013  (312s)
step    625  loss 1.8660  A: xgap +0.0009 f 0.990 | B: xgap +0.0010 f 0.017 | ygap A +0.0006 B +0.0006  (325s)
step    650  loss 1.8596  A: xgap +0.0009 f 0.990 | B: xgap +0.0010 f 0.011 | ygap A +0.0004 B +0.0008  (339s)
step    675  loss 1.8586  A: xgap +0.0006 f 0.988 | B: xgap +0.0015 f 0.023 | ygap A +0.0004 B +0.0012  (352s)
step    700  loss 1.8633  A: xgap +0.0014 f 0.974 | B: xgap +0.0004 f 0.013 | ygap A +0.0007 B +0.0006  (365s)
step    725  loss 1.8580  A: xgap +0.0024 f 0.979 | B: xgap -0.0001 f 0.004 | ygap A +0.0011 B +0.0004  (378s)
step    750  loss 1.8611  A: xgap +0.0009 f 0.983 | B: xgap +0.0013 f 0.012 | ygap A +0.0003 B +0.0014  (391s)
step    775  loss 1.8639  A: xgap +0.0015 f 0.979 | B: xgap +0.0008 f 0.010 | ygap A +0.0004 B +0.0010  (405s)
step    800  loss 1.8657  A: xgap +0.0012 f 0.979 | B: xgap +0.0007 f 0.022 | ygap A +0.0008 B +0.0005  (418s)
step    825  loss 1.8502  A: xgap +0.0007 f 0.981 | B: xgap +0.0014 f 0.013 | ygap A +0.0000 B +0.0013  (431s)
step    850  loss 1.8561  A: xgap +0.0020 f 0.975 | B: xgap +0.0001 f 0.016 | ygap A +0.0013 B +0.0003  (443s)
step    875  loss 1.8512  A: xgap +0.0011 f 0.980 | B: xgap +0.0007 f 0.027 | ygap A +0.0006 B +0.0006  (457s)
step    900  loss 1.8545  A: xgap +0.0017 f 0.982 | B: xgap +0.0001 f 0.014 | ygap A +0.0010 B +0.0000  (470s)
step    925  loss 1.8644  A: xgap +0.0027 f 0.976 | B: xgap -0.0006 f 0.006 | ygap A +0.0016 B -0.0003  (483s)
step    950  loss 1.8668  A: xgap +0.0008 f 0.987 | B: xgap +0.0012 f 0.013 | ygap A +0.0002 B +0.0012  (496s)
step    975  loss 1.8617  A: xgap +0.0032 f 0.978 | B: xgap -0.0005 f 0.010 | ygap A +0.0015 B -0.0001  (509s)
step   1000  loss 1.8667  A: xgap +0.0007 f 0.980 | B: xgap +0.0010 f 0.016 | ygap A +0.0004 B +0.0009  (523s)
step   1100  loss 1.8613  A: xgap +0.0007 f 0.975 | B: xgap +0.0011 f 0.020 | ygap A +0.0007 B +0.0005  (557s)
step   1200  loss 1.8553  A: xgap +0.0022 f 0.985 | B: xgap -0.0004 f 0.005 | ygap A +0.0016 B -0.0003  (593s)
step   1300  loss 1.8595  A: xgap +0.0016 f 0.990 | B: xgap +0.0001 f 0.014 | ygap A +0.0010 B +0.0001  (629s)
step   1400  loss 1.8634  A: xgap +0.0005 f 0.985 | B: xgap +0.0010 f 0.014 | ygap A -0.0001 B +0.0012  (664s)
step   1500  loss 1.8614  A: xgap +0.0009 f 0.992 | B: xgap +0.0009 f 0.022 | ygap A +0.0002 B +0.0008  (699s)
step   1600  loss 1.8613  A: xgap +0.0011 f 0.989 | B: xgap +0.0003 f 0.015 | ygap A +0.0006 B +0.0009  (733s)
step   1700  loss 1.8706  A: xgap -0.0001 f 0.991 | B: xgap +0.0020 f 0.022 | ygap A -0.0000 B +0.0011  (768s)
step   1800  loss 1.8520  A: xgap -0.0001 f 0.986 | B: xgap +0.0016 f 0.022 | ygap A -0.0002 B +0.0013  (804s)
step   1900  loss 1.8545  A: xgap -0.0001 f 0.992 | B: xgap +0.0019 f 0.016 | ygap A -0.0002 B +0.0013  (839s)
step   2000  loss 1.8558  A: xgap +0.0012 f 0.980 | B: xgap +0.0000 f 0.010 | ygap A +0.0007 B +0.0004  (875s)
step   2100  loss 1.8505  A: xgap +0.0000 f 0.987 | B: xgap +0.0016 f 0.017 | ygap A -0.0002 B +0.0013  (910s)
step   2200  loss 1.8671  A: xgap +0.0001 f 0.995 | B: xgap +0.0015 f 0.012 | ygap A +0.0000 B +0.0009  (946s)
step   2300  loss 1.8573  A: xgap +0.0019 f 0.975 | B: xgap -0.0004 f 0.016 | ygap A +0.0015 B -0.0004  (981s)
step   2400  loss 1.8496  A: xgap +0.0013 f 0.992 | B: xgap +0.0006 f 0.007 | ygap A +0.0006 B +0.0002  (1016s)
step   2500  loss 1.8637  A: xgap +0.0006 f 0.983 | B: xgap +0.0004 f 0.015 | ygap A +0.0003 B +0.0006  (1052s)
step   2600  loss 1.8601  A: xgap +0.0020 f 0.987 | B: xgap -0.0002 f 0.003 | ygap A +0.0010 B -0.0000  (1087s)
step   2700  loss 1.8678  A: xgap +0.0017 f 0.987 | B: xgap -0.0001 f 0.005 | ygap A +0.0011 B +0.0002  (1122s)
step   2800  loss 1.8527  A: xgap +0.0010 f 0.982 | B: xgap +0.0002 f 0.017 | ygap A +0.0007 B +0.0003  (1157s)
step   2900  loss 1.8652  A: xgap +0.0007 f 0.979 | B: xgap +0.0006 f 0.025 | ygap A +0.0006 B +0.0004  (1191s)
step   3000  loss 1.8664  A: xgap +0.0004 f 0.990 | B: xgap +0.0008 f 0.024 | ygap A +0.0003 B +0.0005  (1226s)
step   3100  loss 1.8663  A: xgap +0.0016 f 0.986 | B: xgap -0.0003 f 0.009 | ygap A +0.0014 B -0.0002  (1262s)
step   3200  loss 1.8575  A: xgap -0.0003 f 0.995 | B: xgap +0.0020 f 0.018 | ygap A -0.0004 B +0.0013  (1297s)
step   3300  loss 1.8617  A: xgap +0.0014 f 0.977 | B: xgap -0.0000 f 0.016 | ygap A +0.0007 B +0.0000  (1332s)
step   3400  loss 1.8675  A: xgap +0.0001 f 0.988 | B: xgap +0.0015 f 0.018 | ygap A -0.0002 B +0.0012  (1368s)
step   3500  loss 1.8540  A: xgap +0.0017 f 0.977 | B: xgap -0.0001 f 0.018 | ygap A +0.0011 B -0.0002  (1403s)
step   3600  loss 1.8629  A: xgap +0.0013 f 0.986 | B: xgap +0.0000 f 0.012 | ygap A +0.0010 B +0.0000  (1438s)
step   3700  loss 1.8650  A: xgap -0.0004 f 0.988 | B: xgap +0.0024 f 0.021 | ygap A -0.0004 B +0.0015  (1474s)
step   3800  loss 1.8565  A: xgap +0.0022 f 0.981 | B: xgap -0.0006 f 0.011 | ygap A +0.0013 B -0.0001  (1510s)
step   3900  loss 1.8580  A: xgap +0.0007 f 0.993 | B: xgap +0.0006 f 0.007 | ygap A +0.0003 B +0.0004  (1545s)
step   4000  loss 1.8667  A: xgap +0.0004 f 0.993 | B: xgap +0.0008 f 0.009 | ygap A +0.0002 B +0.0006  (1579s)
step   4100  loss 1.8600  A: xgap -0.0007 f 0.997 | B: xgap +0.0045 f 0.022 | ygap A -0.0009 B +0.0031  (1614s)
step   4200  loss 1.8560  A: xgap +0.0015 f 0.985 | B: xgap -0.0002 f 0.006 | ygap A +0.0011 B -0.0001  (1649s)
step   4300  loss 1.8738  A: xgap +0.0016 f 0.982 | B: xgap -0.0005 f 0.010 | ygap A +0.0011 B -0.0002  (1684s)
step   4400  loss 1.8535  A: xgap +0.0010 f 0.973 | B: xgap +0.0002 f 0.019 | ygap A +0.0006 B +0.0002  (1720s)
step   4500  loss 1.8685  A: xgap +0.0006 f 0.997 | B: xgap +0.0009 f 0.008 | ygap A +0.0002 B +0.0006  (1755s)
step   4600  loss 1.8559  A: xgap +0.0004 f 0.993 | B: xgap +0.0009 f 0.020 | ygap A +0.0007 B +0.0003  (1790s)
step   4700  loss 1.8663  A: xgap -0.0004 f 0.986 | B: xgap +0.0026 f 0.023 | ygap A -0.0006 B +0.0020  (1826s)
step   4800  loss 1.8589  A: xgap +0.0012 f 0.981 | B: xgap +0.0000 f 0.019 | ygap A +0.0008 B +0.0000  (1862s)
step   4900  loss 1.8659  A: xgap -0.0001 f 0.989 | B: xgap +0.0012 f 0.013 | ygap A +0.0001 B +0.0009  (1896s)
step   5000  loss 1.8604  A: xgap +0.0009 f 0.983 | B: xgap +0.0004 f 0.010 | ygap A +0.0006 B +0.0002  (1931s)
step   5500  loss 1.8682  A: xgap +0.0013 f 0.983 | B: xgap -0.0001 f 0.011 | ygap A +0.0008 B -0.0000  (2083s)
step   6000  loss 1.8744  A: xgap +0.0004 f 0.984 | B: xgap +0.0008 f 0.012 | ygap A +0.0002 B +0.0007  (2236s)
step   6500  loss 1.8664  A: xgap +0.0011 f 0.989 | B: xgap +0.0001 f 0.007 | ygap A +0.0008 B -0.0001  (2388s)
step   7000  loss 1.8735  A: xgap +0.0010 f 0.986 | B: xgap -0.0001 f 0.017 | ygap A +0.0009 B +0.0001  (2540s)
step   7500  loss 1.8603  A: xgap -0.0000 f 0.991 | B: xgap +0.0016 f 0.020 | ygap A +0.0000 B +0.0010  (2692s)
step   8000  loss 1.8531  A: xgap -0.0000 f 0.985 | B: xgap +0.0012 f 0.018 | ygap A -0.0002 B +0.0013  (2843s)
step   8500  loss 1.8654  A: xgap +0.0010 f 0.983 | B: xgap -0.0001 f 0.023 | ygap A +0.0007 B -0.0000  (2996s)
step   9000  loss 1.8539  A: xgap +0.0014 f 0.988 | B: xgap -0.0003 f 0.008 | ygap A +0.0010 B -0.0002  (3148s)
step   9500  loss 1.8555  A: xgap +0.0022 f 0.971 | B: xgap -0.0008 f 0.024 | ygap A +0.0013 B -0.0004  (3299s)
step  10000  loss 1.8618  A: xgap -0.0003 f 0.990 | B: xgap +0.0017 f 0.016 | ygap A -0.0002 B +0.0012  (3450s)
saved runs/s0/anchored
