phase pretrain seed 0 params 705960 device cpu steps 10000 batch 256 init None
  eval A: refs t>=16  x_unfl 0.9524  x_fl 0.9524  x_bayes 0.9540  y 0.9919  joint_pre 1.9442  joint_anc 1.9456  wA 0.989
  eval B: refs t>=16  x_unfl 0.9552  x_fl 0.9552  x_bayes 0.9572  y 0.9829  joint_pre 1.9381  joint_anc 1.9399  wA 0.014
step      0  A: xgap +0.1972 f 0.459 | B: xgap +0.1924 f 0.459 | ygap A +0.1621 B +0.1437
step   1000  loss 1.9604  A: xgap +0.0026 f 0.010 | B: xgap +0.0027 f 0.011 | ygap A +0.0033 B +0.0041  (298s)
step   2000  loss 1.9565  A: xgap +0.0016 f 0.004 | B: xgap +0.0017 f 0.001 | ygap A +0.0030 B +0.0024  (596s)
step   3000  loss 1.9711  A: xgap +0.0015 f 0.021 | B: xgap +0.0016 f 0.018 | ygap A +0.0010 B +0.0029  (892s)
step   4000  loss 1.9575  A: xgap +0.0012 f 0.000 | B: xgap +0.0011 f -0.003 | ygap A +0.0006 B +0.0019  (1189s)
step   5000  loss 1.9640  A: xgap +0.0010 f 0.007 | B: xgap +0.0010 f 0.009 | ygap A +0.0009 B +0.0012  (1489s)
step   6000  loss 1.9755  A: xgap +0.0009 f 0.008 | B: xgap +0.0009 f 0.004 | ygap A +0.0004 B +0.0010  (1789s)
step   7000  loss 1.9624  A: xgap +0.0008 f 0.003 | B: xgap +0.0008 f 0.004 | ygap A +0.0015 B +0.0002  (2090s)
step   8000  loss 1.9488  A: xgap +0.0007 f 0.008 | B: xgap +0.0008 f 0.004 | ygap A +0.0009 B +0.0010  (2390s)
step   9000  loss 1.9574  A: xgap +0.0008 f -0.001 | B: xgap +0.0007 f 0.003 | ygap A +0.0005 B +0.0010  (2687s)
step  10000  loss 1.9620  A: xgap +0.0011 f 0.004 | B: xgap +0.0009 f 0.004 | ygap A +0.0003 B +0.0013  (2997s)
saved runs_h/s0/pretrain
phase anchored seed 0 params 705960 device cpu steps 10000 batch 256 init runs_h/s0/pretrain/model.pt
  eval A: refs t>=16  x_unfl 0.9524  x_fl 0.9524  x_bayes 0.9540  y 0.9919  joint_pre 1.9442  joint_anc 1.9456  wA 0.989
  eval B: refs t>=16  x_unfl 0.9552  x_fl 0.9552  x_bayes 0.9572  y 0.9829  joint_pre 1.9381  joint_anc 1.9399  wA 0.014
step      0  A: xgap +0.2869 f 0.004 | B: xgap -0.0011 f 0.004 | ygap A +0.0003 B +0.0013
step     25  loss 2.0738  A: xgap +0.2317 f 0.095 | B: xgap +0.0016 f 0.089 | ygap A +0.0001 B +0.0009  (15s)
step     50  loss 2.0251  A: xgap +0.1485 f 0.263 | B: xgap +0.0168 f 0.240 | ygap A +0.0002 B +0.0011  (29s)
step     75  loss 2.0173  A: xgap +0.1055 f 0.376 | B: xgap +0.0333 f 0.340 | ygap A +0.0004 B +0.0010  (44s)
step    100  loss 2.0268  A: xgap +0.0907 f 0.425 | B: xgap +0.0393 f 0.365 | ygap A +0.0002 B +0.0014  (60s)
step    125  loss 2.0140  A: xgap +0.0823 f 0.454 | B: xgap +0.0277 f 0.291 | ygap A +0.0002 B +0.0023  (75s)
step    150  loss 1.9974  A: xgap +0.0353 f 0.675 | B: xgap +0.0121 f 0.089 | ygap A +0.0022 B +0.0032  (89s)
step    175  loss 1.9804  A: xgap +0.0081 f 0.929 | B: xgap +0.0068 f 0.066 | ygap A +0.0008 B +0.0025  (103s)
step    200  loss 1.9757  A: xgap +0.0077 f 0.941 | B: xgap +0.0033 f 0.013 | ygap A +0.0023 B +0.0005  (116s)
step    225  loss 1.9741  A: xgap +0.0038 f 0.972 | B: xgap +0.0035 f 0.021 | ygap A +0.0012 B +0.0014  (130s)
step    250  loss 1.9691  A: xgap +0.0027 f 0.984 | B: xgap +0.0034 f 0.025 | ygap A +0.0008 B +0.0014  (144s)
step    275  loss 1.9653  A: xgap +0.0027 f 0.968 | B: xgap +0.0032 f 0.032 | ygap A +0.0007 B +0.0014  (157s)
step    300  loss 1.9699  A: xgap +0.0021 f 0.998 | B: xgap +0.0036 f 0.030 | ygap A +0.0006 B +0.0015  (171s)
step    325  loss 1.9610  A: xgap +0.0025 f 0.972 | B: xgap +0.0031 f 0.024 | ygap A +0.0002 B +0.0017  (184s)
step    350  loss 1.9707  A: xgap +0.0036 f 0.954 | B: xgap +0.0017 f 0.018 | ygap A +0.0016 B +0.0004  (197s)
step    375  loss 1.9567  A: xgap +0.0031 f 0.969 | B: xgap +0.0026 f 0.021 | ygap A +0.0010 B +0.0010  (210s)
step    400  loss 1.9678  A: xgap +0.0018 f 0.992 | B: xgap +0.0024 f 0.027 | ygap A +0.0008 B +0.0012  (223s)
step    425  loss 1.9533  A: xgap +0.0020 f 0.976 | B: xgap +0.0023 f 0.025 | ygap A +0.0010 B +0.0008  (237s)
step    450  loss 1.9680  A: xgap +0.0023 f 0.983 | B: xgap +0.0022 f 0.016 | ygap A +0.0007 B +0.0010  (250s)
step    475  loss 1.9631  A: xgap +0.0017 f 0.987 | B: xgap +0.0025 f 0.038 | ygap A +0.0003 B +0.0014  (262s)
step    500  loss 1.9635  A: xgap +0.0023 f 0.974 | B: xgap +0.0015 f 0.026 | ygap A +0.0008 B +0.0008  (275s)
step    525  loss 1.9568  A: xgap +0.0017 f 0.977 | B: xgap +0.0019 f 0.026 | ygap A +0.0007 B +0.0011  (288s)
step    550  loss 1.9785  A: xgap +0.0019 f 0.976 | B: xgap +0.0026 f 0.033 | ygap A +0.0000 B +0.0020  (301s)
step    575  loss 1.9688  A: xgap +0.0012 f 0.980 | B: xgap +0.0023 f 0.028 | ygap A +0.0007 B +0.0010  (314s)
step    600  loss 1.9619  A: xgap +0.0020 f 0.967 | B: xgap +0.0017 f 0.038 | ygap A +0.0004 B +0.0011  (328s)
step    625  loss 1.9590  A: xgap +0.0022 f 0.988 | B: xgap +0.0018 f -0.003 | ygap A +0.0007 B +0.0011  (341s)
step    650  loss 1.9643  A: xgap +0.0023 f 0.973 | B: xgap +0.0012 f 0.002 | ygap A +0.0012 B +0.0007  (353s)
step    675  loss 1.9698  A: xgap +0.0017 f 0.972 | B: xgap +0.0013 f 0.018 | ygap A +0.0010 B +0.0005  (367s)
step    700  loss 1.9589  A: xgap +0.0009 f 0.992 | B: xgap +0.0023 f 0.028 | ygap A -0.0002 B +0.0018  (380s)
step    725  loss 1.9591  A: xgap +0.0030 f 0.977 | B: xgap +0.0013 f 0.007 | ygap A +0.0020 B -0.0002  (394s)
step    750  loss 1.9631  A: xgap +0.0015 f 0.990 | B: xgap +0.0017 f 0.032 | ygap A +0.0007 B +0.0010  (407s)
step    775  loss 1.9635  A: xgap +0.0024 f 0.992 | B: xgap +0.0011 f 0.004 | ygap A +0.0011 B +0.0005  (420s)
step    800  loss 1.9732  A: xgap +0.0019 f 0.974 | B: xgap +0.0012 f 0.026 | ygap A +0.0013 B +0.0002  (433s)
step    825  loss 1.9543  A: xgap +0.0016 f 0.982 | B: xgap +0.0017 f 0.015 | ygap A +0.0000 B +0.0017  (446s)
step    850  loss 1.9618  A: xgap +0.0023 f 0.955 | B: xgap +0.0013 f 0.034 | ygap A +0.0012 B +0.0005  (460s)
step    875  loss 1.9533  A: xgap +0.0020 f 0.969 | B: xgap +0.0017 f 0.031 | ygap A +0.0014 B +0.0002  (473s)
step    900  loss 1.9679  A: xgap +0.0029 f 0.960 | B: xgap +0.0005 f 0.010 | ygap A +0.0012 B +0.0003  (487s)
step    925  loss 1.9734  A: xgap +0.0021 f 0.973 | B: xgap +0.0008 f -0.004 | ygap A +0.0013 B +0.0002  (501s)
step    950  loss 1.9609  A: xgap +0.0021 f 0.968 | B: xgap +0.0013 f 0.019 | ygap A +0.0007 B +0.0007  (514s)
step    975  loss 1.9647  A: xgap +0.0031 f 0.973 | B: xgap +0.0005 f 0.001 | ygap A +0.0021 B -0.0004  (528s)
step   1000  loss 1.9627  A: xgap +0.0023 f 0.973 | B: xgap +0.0007 f 0.010 | ygap A +0.0013 B +0.0003  (541s)
step   1100  loss 1.9657  A: xgap +0.0016 f 0.976 | B: xgap +0.0011 f 0.033 | ygap A +0.0012 B +0.0005  (575s)
step   1200  loss 1.9615  A: xgap +0.0023 f 0.990 | B: xgap +0.0010 f 0.005 | ygap A +0.0013 B -0.0000  (610s)
step   1300  loss 1.9589  A: xgap +0.0012 f 0.998 | B: xgap +0.0013 f 0.010 | ygap A +0.0007 B +0.0006  (645s)
step   1400  loss 1.9660  A: xgap +0.0011 f 0.981 | B: xgap +0.0014 f 0.023 | ygap A +0.0003 B +0.0015  (680s)
step   1500  loss 1.9628  A: xgap +0.0009 f 0.988 | B: xgap +0.0016 f 0.030 | ygap A -0.0003 B +0.0017  (715s)
step   1600  loss 1.9660  A: xgap +0.0019 f 0.989 | B: xgap +0.0008 f 0.015 | ygap A +0.0010 B +0.0007  (749s)
step   1700  loss 1.9701  A: xgap +0.0010 f 0.988 | B: xgap +0.0019 f 0.031 | ygap A +0.0000 B +0.0012  (784s)
step   1800  loss 1.9472  A: xgap +0.0009 f 0.993 | B: xgap +0.0031 f 0.018 | ygap A -0.0003 B +0.0020  (819s)
step   1900  loss 1.9583  A: xgap +0.0010 f 0.977 | B: xgap +0.0015 f 0.032 | ygap A +0.0003 B +0.0009  (853s)
step   2000  loss 1.9600  A: xgap +0.0020 f 0.973 | B: xgap +0.0008 f 0.011 | ygap A +0.0007 B +0.0006  (888s)
step   2100  loss 1.9624  A: xgap +0.0003 f 0.991 | B: xgap +0.0023 f 0.038 | ygap A -0.0003 B +0.0021  (924s)
step   2200  loss 1.9727  A: xgap +0.0001 f 0.985 | B: xgap +0.0033 f 0.040 | ygap A -0.0006 B +0.0034  (959s)
step   2300  loss 1.9597  A: xgap +0.0023 f 0.968 | B: xgap +0.0001 f 0.021 | ygap A +0.0017 B -0.0002  (995s)
step   2400  loss 1.9586  A: xgap +0.0010 f 0.990 | B: xgap +0.0013 f 0.006 | ygap A +0.0004 B +0.0009  (1029s)
step   2500  loss 1.9647  A: xgap +0.0013 f 0.985 | B: xgap +0.0009 f 0.014 | ygap A +0.0002 B +0.0009  (1064s)
step   2600  loss 1.9603  A: xgap +0.0020 f 0.998 | B: xgap +0.0006 f -0.002 | ygap A +0.0015 B -0.0000  (1100s)
step   2700  loss 1.9668  A: xgap +0.0023 f 0.983 | B: xgap +0.0002 f 0.000 | ygap A +0.0016 B -0.0002  (1134s)
step   2800  loss 1.9487  A: xgap +0.0007 f 0.982 | B: xgap +0.0015 f 0.016 | ygap A +0.0001 B +0.0012  (1169s)
step   2900  loss 1.9693  A: xgap +0.0003 f 0.984 | B: xgap +0.0015 f 0.027 | ygap A -0.0000 B +0.0015  (1204s)
step   3000  loss 1.9766  A: xgap +0.0011 f 0.986 | B: xgap +0.0011 f 0.004 | ygap A +0.0006 B +0.0005  (1239s)
step   3100  loss 1.9617  A: xgap +0.0013 f 0.982 | B: xgap +0.0006 f 0.011 | ygap A +0.0009 B +0.0003  (1274s)
step   3200  loss 1.9610  A: xgap +0.0004 f 0.978 | B: xgap +0.0019 f 0.034 | ygap A -0.0005 B +0.0017  (1309s)
step   3300  loss 1.9625  A: xgap +0.0010 f 0.972 | B: xgap +0.0008 f 0.033 | ygap A +0.0004 B +0.0007  (1343s)
step   3400  loss 1.9762  A: xgap +0.0010 f 0.995 | B: xgap +0.0011 f 0.018 | ygap A +0.0003 B +0.0008  (1378s)
step   3500  loss 1.9552  A: xgap +0.0018 f 0.973 | B: xgap +0.0005 f 0.023 | ygap A +0.0014 B +0.0001  (1413s)
step   3600  loss 1.9569  A: xgap +0.0008 f 0.981 | B: xgap +0.0010 f 0.005 | ygap A +0.0005 B +0.0007  (1447s)
step   3700  loss 1.9717  A: xgap +0.0002 f 0.984 | B: xgap +0.0018 f 0.024 | ygap A -0.0003 B +0.0014  (1483s)
step   3800  loss 1.9630  A: xgap +0.0019 f 0.968 | B: xgap +0.0001 f 0.016 | ygap A +0.0018 B +0.0001  (1517s)
step   3900  loss 1.9596  A: xgap +0.0017 f 0.978 | B: xgap +0.0006 f 0.033 | ygap A +0.0012 B -0.0001  (1552s)
step   4000  loss 1.9626  A: xgap +0.0013 f 0.981 | B: xgap +0.0004 f 0.014 | ygap A +0.0004 B +0.0006  (1587s)
step   4100  loss 1.9690  A: xgap +0.0000 f 1.001 | B: xgap +0.0031 f 0.035 | ygap A -0.0008 B +0.0027  (1622s)
step   4200  loss 1.9686  A: xgap +0.0015 f 0.975 | B: xgap +0.0008 f 0.009 | ygap A +0.0013 B -0.0001  (1657s)
step   4300  loss 1.9685  A: xgap +0.0011 f 0.976 | B: xgap +0.0007 f 0.027 | ygap A +0.0007 B +0.0004  (1692s)
step   4400  loss 1.9535  A: xgap +0.0009 f 0.988 | B: xgap +0.0010 f 0.016 | ygap A +0.0002 B +0.0006  (1726s)
step   4500  loss 1.9734  A: xgap +0.0008 f 0.994 | B: xgap +0.0013 f 0.009 | ygap A -0.0001 B +0.0011  (1761s)
step   4600  loss 1.9486  A: xgap +0.0009 f 0.992 | B: xgap +0.0010 f 0.014 | ygap A +0.0003 B +0.0007  (1796s)
step   4700  loss 1.9643  A: xgap +0.0004 f 0.996 | B: xgap +0.0025 f 0.034 | ygap A -0.0003 B +0.0021  (1831s)
step   4800  loss 1.9598  A: xgap +0.0012 f 0.979 | B: xgap +0.0009 f 0.029 | ygap A +0.0009 B +0.0000  (1866s)
step   4900  loss 1.9697  A: xgap +0.0003 f 0.992 | B: xgap +0.0021 f 0.022 | ygap A -0.0002 B +0.0020  (1901s)
step   5000  loss 1.9702  A: xgap +0.0014 f 1.003 | B: xgap +0.0014 f 0.014 | ygap A +0.0008 B +0.0003  (1936s)
step   5500  loss 1.9649  A: xgap +0.0012 f 0.990 | B: xgap +0.0011 f 0.021 | ygap A +0.0004 B +0.0005  (2087s)
step   6000  loss 1.9790  A: xgap +0.0007 f 0.979 | B: xgap +0.0008 f 0.027 | ygap A +0.0003 B +0.0004  (2236s)
step   6500  loss 1.9622  A: xgap +0.0012 f 0.992 | B: xgap +0.0003 f 0.009 | ygap A +0.0010 B -0.0001  (2387s)
step   7000  loss 1.9722  A: xgap +0.0008 f 0.980 | B: xgap +0.0006 f 0.021 | ygap A +0.0011 B +0.0000  (2537s)
step   7500  loss 1.9711  A: xgap +0.0007 f 0.984 | B: xgap +0.0010 f 0.017 | ygap A +0.0002 B +0.0009  (2688s)
step   8000  loss 1.9553  A: xgap +0.0007 f 0.968 | B: xgap +0.0011 f 0.025 | ygap A +0.0001 B +0.0012  (2838s)
step   8500  loss 1.9595  A: xgap +0.0009 f 0.980 | B: xgap +0.0009 f 0.017 | ygap A +0.0004 B +0.0005  (2989s)
step   9000  loss 1.9626  A: xgap +0.0010 f 0.995 | B: xgap +0.0007 f 0.016 | ygap A +0.0008 B +0.0002  (3140s)
step   9500  loss 1.9588  A: xgap +0.0012 f 0.986 | B: xgap +0.0004 f 0.025 | ygap A +0.0009 B +0.0001  (3291s)
step  10000  loss 1.9683  A: xgap +0.0004 f 0.986 | B: xgap +0.0014 f 0.018 | ygap A -0.0001 B +0.0012  (3442s)
saved runs_h/s0/anchored
phase unanchored seed 0 params 705960 device cpu steps 10000 batch 128 init runs_h/s0/pretrain/model.pt
  eval A: refs t>=16  x_unfl 0.9524  x_fl 0.9524  x_bayes 0.9540  y 0.9919  joint_pre 1.9442  joint_anc 1.9456  wA 0.989
  eval B: refs t>=16  x_unfl 0.9552  x_fl 0.9552  x_bayes 0.9572  y 0.9829  joint_pre 1.9381  joint_anc 1.9399  wA 0.014
step      0  A: xgap +0.2869 f 0.004 | B: xgap -0.0011 f 0.004 | ygap A +0.0003 B +0.0013
step     25  loss 2.2019  A: xgap +0.2305 f 0.101 | B: xgap +0.0024 f 0.092 | ygap A -0.0013 B +0.0070  (10s)
step     50  loss 2.0865  A: xgap +0.1396 f 0.297 | B: xgap +0.0258 f 0.282 | ygap A -0.0017 B +0.0472  (19s)
step     75  loss 2.0444  A: xgap +0.0904 f 0.432 | B: xgap +0.0527 f 0.424 | ygap A -0.0016 B +0.1396  (30s)
step    100  loss 2.0101  A: xgap +0.0654 f 0.525 | B: xgap +0.0781 f 0.525 | ygap A -0.0012 B +0.2418  (40s)
step    125  loss 1.9716  A: xgap +0.0248 f 0.762 | B: xgap +0.1610 f 0.759 | ygap A -0.0011 B +0.3053  (50s)
step    150  loss 1.9593  A: xgap +0.0043 f 0.970 | B: xgap +0.2665 f 0.963 | ygap A -0.0010 B +0.2968  (61s)
step    175  loss 1.9524  A: xgap +0.0018 f 0.996 | B: xgap +0.2825 f 0.990 | ygap A -0.0015 B +0.3108  (71s)
step    200  loss 1.9551  A: xgap +0.0014 f 0.971 | B: xgap +0.2692 f 0.968 | ygap A -0.0017 B +0.3150  (81s)
step    225  loss 1.9504  A: xgap +0.0012 f 0.974 | B: xgap +0.2718 f 0.971 | ygap A -0.0017 B +0.3140  (91s)
step    250  loss 1.9567  A: xgap +0.0007 f 0.986 | B: xgap +0.2748 f 0.980 | ygap A -0.0018 B +0.3146  (101s)
step    275  loss 1.9561  A: xgap +0.0008 f 0.995 | B: xgap +0.2796 f 0.990 | ygap A -0.0017 B +0.3239  (111s)
step    300  loss 1.9610  A: xgap +0.0007 f 0.992 | B: xgap +0.2788 f 0.987 | ygap A -0.0016 B +0.3249  (121s)
step    325  loss 1.9640  A: xgap +0.0005 f 0.983 | B: xgap +0.2738 f 0.978 | ygap A -0.0016 B +0.3292  (131s)
step    350  loss 1.9360  A: xgap +0.0005 f 1.001 | B: xgap +0.2850 f 0.996 | ygap A -0.0018 B +0.3213  (142s)
step    375  loss 1.9604  A: xgap +0.0008 f 0.986 | B: xgap +0.2740 f 0.981 | ygap A -0.0017 B +0.3203  (152s)
step    400  loss 1.9487  A: xgap +0.0002 f 1.004 | B: xgap +0.2856 f 0.999 | ygap A -0.0017 B +0.3243  (161s)
step    425  loss 1.9541  A: xgap +0.0005 f 0.990 | B: xgap +0.2800 f 0.986 | ygap A -0.0018 B +0.3325  (172s)
step    450  loss 1.9607  A: xgap +0.0005 f 0.998 | B: xgap +0.2833 f 0.995 | ygap A -0.0018 B +0.3293  (182s)
step    475  loss 1.9591  A: xgap +0.0003 f 0.979 | B: xgap +0.2707 f 0.977 | ygap A -0.0018 B +0.3375  (192s)
step    500  loss 1.9511  A: xgap +0.0001 f 0.994 | B: xgap +0.2804 f 0.994 | ygap A -0.0019 B +0.3317  (202s)
step    525  loss 1.9544  A: xgap +0.0002 f 0.993 | B: xgap +0.2824 f 0.992 | ygap A -0.0017 B +0.3279  (212s)
step    550  loss 1.9558  A: xgap +0.0002 f 1.001 | B: xgap +0.2853 f 0.999 | ygap A -0.0019 B +0.3272  (223s)
step    575  loss 1.9470  A: xgap +0.0000 f 0.998 | B: xgap +0.2836 f 0.998 | ygap A -0.0017 B +0.3317  (233s)
step    600  loss 1.9682  A: xgap +0.0001 f 0.992 | B: xgap +0.2828 f 0.992 | ygap A -0.0019 B +0.3305  (243s)
step    625  loss 1.9331  A: xgap -0.0000 f 0.994 | B: xgap +0.2844 f 0.995 | ygap A -0.0018 B +0.3228  (253s)
step    650  loss 1.9512  A: xgap -0.0000 f 0.994 | B: xgap +0.2815 f 0.993 | ygap A -0.0018 B +0.3261  (264s)
step    675  loss 1.9439  A: xgap +0.0000 f 0.992 | B: xgap +0.2813 f 0.990 | ygap A -0.0018 B +0.3252  (274s)
step    700  loss 1.9579  A: xgap +0.0000 f 0.994 | B: xgap +0.2829 f 0.992 | ygap A -0.0019 B +0.3215  (284s)
step    725  loss 1.9501  A: xgap -0.0001 f 0.981 | B: xgap +0.2761 f 0.981 | ygap A -0.0020 B +0.3264  (295s)
step    750  loss 1.9504  A: xgap +0.0000 f 1.002 | B: xgap +0.2861 f 1.002 | ygap A -0.0019 B +0.3218  (305s)
step    775  loss 1.9512  A: xgap +0.0001 f 1.007 | B: xgap +0.2881 f 1.006 | ygap A -0.0016 B +0.3307  (315s)
step    800  loss 1.9484  A: xgap +0.0003 f 0.986 | B: xgap +0.2800 f 0.987 | ygap A -0.0017 B +0.3365  (325s)
step    825  loss 1.9603  A: xgap -0.0001 f 0.991 | B: xgap +0.2787 f 0.992 | ygap A -0.0017 B +0.3309  (336s)
step    850  loss 1.9482  A: xgap -0.0001 f 0.991 | B: xgap +0.2821 f 0.993 | ygap A -0.0017 B +0.3299  (346s)
step    875  loss 1.9465  A: xgap -0.0003 f 0.983 | B: xgap +0.2771 f 0.985 | ygap A -0.0019 B +0.3268  (356s)
step    900  loss 1.9396  A: xgap -0.0002 f 0.997 | B: xgap +0.2866 f 1.000 | ygap A -0.0020 B +0.3277  (367s)
step    925  loss 1.9530  A: xgap -0.0003 f 1.001 | B: xgap +0.2854 f 1.003 | ygap A -0.0019 B +0.3313  (377s)
step    950  loss 1.9378  A: xgap -0.0001 f 0.982 | B: xgap +0.2762 f 0.984 | ygap A -0.0018 B +0.3288  (387s)
step    975  loss 1.9479  A: xgap -0.0002 f 0.986 | B: xgap +0.2791 f 0.988 | ygap A -0.0020 B +0.3355  (397s)
step   1000  loss 1.9416  A: xgap -0.0002 f 1.006 | B: xgap +0.2908 f 1.008 | ygap A -0.0019 B +0.3316  (408s)
step   1100  loss 1.9629  A: xgap -0.0000 f 0.990 | B: xgap +0.2820 f 0.991 | ygap A -0.0017 B +0.3429  (429s)
step   1200  loss 1.9522  A: xgap -0.0002 f 1.009 | B: xgap +0.2923 f 1.010 | ygap A -0.0016 B +0.3345  (451s)
step   1300  loss 1.9513  A: xgap -0.0004 f 0.999 | B: xgap +0.2869 f 0.998 | ygap A -0.0018 B +0.3469  (472s)
step   1400  loss 1.9535  A: xgap -0.0004 f 1.009 | B: xgap +0.2903 f 1.010 | ygap A -0.0020 B +0.3376  (495s)
step   1500  loss 1.9403  A: xgap -0.0003 f 0.992 | B: xgap +0.2808 f 0.994 | ygap A -0.0016 B +0.3418  (516s)
step   1600  loss 1.9527  A: xgap -0.0006 f 0.992 | B: xgap +0.2825 f 0.994 | ygap A -0.0017 B +0.3401  (538s)
step   1700  loss 1.9386  A: xgap -0.0005 f 0.987 | B: xgap +0.2786 f 0.989 | ygap A -0.0019 B +0.3443  (559s)
step   1800  loss 1.9441  A: xgap -0.0004 f 0.992 | B: xgap +0.2845 f 0.994 | ygap A -0.0018 B +0.3407  (581s)
step   1900  loss 1.9578  A: xgap -0.0007 f 0.992 | B: xgap +0.2820 f 0.993 | ygap A -0.0018 B +0.3375  (602s)
step   2000  loss 1.9496  A: xgap -0.0006 f 0.988 | B: xgap +0.2805 f 0.988 | ygap A -0.0018 B +0.3469  (624s)
step   2100  loss 1.9645  A: xgap -0.0007 f 0.986 | B: xgap +0.2770 f 0.987 | ygap A -0.0017 B +0.3392  (646s)
step   2200  loss 1.9748  A: xgap -0.0007 f 1.002 | B: xgap +0.2876 f 1.002 | ygap A -0.0018 B +0.3482  (667s)
step   2300  loss 1.9574  A: xgap -0.0007 f 1.002 | B: xgap +0.2875 f 1.003 | ygap A -0.0018 B +0.3360  (688s)
step   2400  loss 1.9276  A: xgap -0.0005 f 0.988 | B: xgap +0.2814 f 0.988 | ygap A -0.0019 B +0.3472  (710s)
step   2500  loss 1.9449  A: xgap -0.0006 f 0.998 | B: xgap +0.2828 f 0.999 | ygap A -0.0018 B +0.3443  (731s)
step   2600  loss 1.9472  A: xgap -0.0006 f 0.997 | B: xgap +0.2850 f 0.998 | ygap A -0.0018 B +0.3341  (752s)
step   2700  loss 1.9526  A: xgap -0.0001 f 1.001 | B: xgap +0.2890 f 1.002 | ygap A -0.0018 B +0.3375  (773s)
step   2800  loss 1.9618  A: xgap -0.0006 f 0.996 | B: xgap +0.2854 f 0.998 | ygap A -0.0018 B +0.3308  (793s)
step   2900  loss 1.9475  A: xgap -0.0007 f 1.007 | B: xgap +0.2923 f 1.009 | ygap A -0.0017 B +0.3513  (814s)
step   3000  loss 1.9427  A: xgap -0.0005 f 1.002 | B: xgap +0.2900 f 1.003 | ygap A -0.0018 B +0.3325  (836s)
step   3100  loss 1.9652  A: xgap -0.0007 f 1.007 | B: xgap +0.2899 f 1.007 | ygap A -0.0016 B +0.3403  (857s)
step   3200  loss 1.9368  A: xgap -0.0006 f 1.000 | B: xgap +0.2857 f 1.001 | ygap A -0.0019 B +0.3343  (879s)
step   3300  loss 1.9449  A: xgap -0.0006 f 0.991 | B: xgap +0.2811 f 0.993 | ygap A -0.0017 B +0.3397  (900s)
step   3400  loss 1.9561  A: xgap -0.0007 f 0.998 | B: xgap +0.2835 f 0.999 | ygap A -0.0018 B +0.3468  (922s)
step   3500  loss 1.9562  A: xgap -0.0007 f 0.989 | B: xgap +0.2817 f 0.990 | ygap A -0.0020 B +0.3432  (944s)
step   3600  loss 1.9369  A: xgap -0.0008 f 0.996 | B: xgap +0.2833 f 0.997 | ygap A -0.0019 B +0.3472  (965s)
step   3700  loss 1.9483  A: xgap -0.0000 f 0.991 | B: xgap +0.2820 f 0.992 | ygap A -0.0020 B +0.3460  (986s)
step   3800  loss 1.9428  A: xgap -0.0007 f 0.998 | B: xgap +0.2836 f 0.999 | ygap A -0.0020 B +0.3452  (1008s)
step   3900  loss 1.9551  A: xgap -0.0004 f 1.003 | B: xgap +0.2903 f 1.004 | ygap A -0.0017 B +0.3426  (1029s)
step   4000  loss 1.9344  A: xgap -0.0008 f 0.996 | B: xgap +0.2833 f 0.997 | ygap A -0.0019 B +0.3528  (1051s)
step   4100  loss 1.9424  A: xgap -0.0006 f 1.007 | B: xgap +0.2906 f 1.008 | ygap A -0.0018 B +0.3425  (1072s)
step   4200  loss 1.9586  A: xgap -0.0005 f 1.003 | B: xgap +0.2874 f 1.004 | ygap A -0.0020 B +0.3392  (1094s)
step   4300  loss 1.9500  A: xgap -0.0007 f 0.987 | B: xgap +0.2791 f 0.988 | ygap A -0.0019 B +0.3474  (1115s)
step   4400  loss 1.9588  A: xgap +0.0000 f 0.981 | B: xgap +0.2709 f 0.983 | ygap A -0.0020 B +0.3381  (1136s)
step   4500  loss 1.9541  A: xgap -0.0007 f 1.005 | B: xgap +0.2903 f 1.008 | ygap A -0.0019 B +0.3390  (1158s)
step   4600  loss 1.9429  A: xgap -0.0004 f 0.984 | B: xgap +0.2761 f 0.986 | ygap A -0.0019 B +0.3464  (1179s)
step   4700  loss 1.9509  A: xgap -0.0008 f 0.993 | B: xgap +0.2836 f 0.994 | ygap A -0.0017 B +0.3445  (1201s)
step   4800  loss 1.9486  A: xgap -0.0006 f 0.992 | B: xgap +0.2796 f 0.994 | ygap A -0.0019 B +0.3441  (1222s)
step   4900  loss 1.9633  A: xgap -0.0007 f 0.989 | B: xgap +0.2792 f 0.990 | ygap A -0.0018 B +0.3477  (1244s)
step   5000  loss 1.9329  A: xgap -0.0006 f 1.002 | B: xgap +0.2890 f 1.004 | ygap A -0.0019 B +0.3405  (1265s)
step   5500  loss 1.9462  A: xgap -0.0009 f 0.992 | B: xgap +0.2813 f 0.993 | ygap A -0.0019 B +0.3454  (1347s)
step   6000  loss 1.9506  A: xgap -0.0008 f 0.985 | B: xgap +0.2773 f 0.987 | ygap A -0.0020 B +0.3435  (1428s)
step   6500  loss 1.9637  A: xgap -0.0005 f 1.014 | B: xgap +0.2938 f 1.015 | ygap A -0.0019 B +0.3437  (1509s)
step   7000  loss 1.9453  A: xgap -0.0008 f 0.990 | B: xgap +0.2780 f 0.990 | ygap A -0.0019 B +0.3480  (1589s)
step   7500  loss 1.9728  A: xgap -0.0010 f 0.989 | B: xgap +0.2785 f 0.990 | ygap A -0.0019 B +0.3410  (1670s)
step   8000  loss 1.9438  A: xgap -0.0008 f 0.991 | B: xgap +0.2777 f 0.992 | ygap A -0.0020 B +0.3387  (1752s)
step   8500  loss 1.9593  A: xgap -0.0010 f 0.993 | B: xgap +0.2825 f 0.994 | ygap A -0.0020 B +0.3474  (1832s)
step   9000  loss 1.9422  A: xgap -0.0004 f 0.991 | B: xgap +0.2822 f 0.992 | ygap A -0.0020 B +0.3484  (1913s)
step   9500  loss 1.9499  A: xgap -0.0009 f 0.995 | B: xgap +0.2815 f 0.996 | ygap A -0.0019 B +0.3349  (1995s)
step  10000  loss 1.9542  A: xgap -0.0010 f 1.007 | B: xgap +0.2908 f 1.008 | ygap A -0.0021 B +0.3436  (2076s)
saved runs_h/s0/unanchored
PIPELINE DONE seed 0 Fri Sep 11 04:10:09 UTC 2026
