phase pretrain seed 2 params 705960 device cuda steps 10000 batch 256 init None
  eval A: refs t>=16  x_unfl 0.9524  x_fl 0.9524  x_bayes 0.9540  y 0.9919  joint_pre 1.9442  joint_anc 1.9456  wA 0.989
  eval B: refs t>=16  x_unfl 0.9552  x_fl 0.9552  x_bayes 0.9572  y 0.9829  joint_pre 1.9381  joint_anc 1.9399  wA 0.014
step      0  A: xgap +0.1946 f 0.534 | B: xgap +0.1911 f 0.533 | ygap A +0.1663 B +0.1436
step   1000  loss 1.9679  A: xgap +0.0032 f 0.029 | B: xgap +0.0030 f 0.031 | ygap A +0.0037 B +0.0039  (15s)
step   2000  loss 1.9514  A: xgap +0.0020 f 0.009 | B: xgap +0.0022 f 0.010 | ygap A +0.0014 B +0.0032  (31s)
step   3000  loss 1.9418  A: xgap +0.0015 f 0.014 | B: xgap +0.0015 f 0.015 | ygap A +0.0017 B +0.0019  (46s)
step   4000  loss 1.9509  A: xgap +0.0014 f -0.002 | B: xgap +0.0012 f -0.003 | ygap A +0.0005 B +0.0031  (61s)
step   5000  loss 1.9576  A: xgap +0.0011 f 0.011 | B: xgap +0.0012 f 0.010 | ygap A +0.0012 B +0.0008  (77s)
step   6000  loss 1.9496  A: xgap +0.0009 f -0.001 | B: xgap +0.0010 f -0.004 | ygap A +0.0011 B +0.0007  (92s)
step   7000  loss 1.9604  A: xgap +0.0012 f -0.010 | B: xgap +0.0013 f -0.008 | ygap A +0.0004 B +0.0010  (107s)
step   8000  loss 1.9567  A: xgap +0.0008 f 0.005 | B: xgap +0.0009 f 0.002 | ygap A +0.0005 B +0.0011  (123s)
step   9000  loss 1.9491  A: xgap +0.0007 f 0.000 | B: xgap +0.0009 f 0.009 | ygap A +0.0024 B -0.0003  (141s)
step  10000  loss 1.9603  A: xgap +0.0006 f 0.003 | B: xgap +0.0008 f 0.001 | ygap A +0.0013 B +0.0002  (160s)
saved runs_h/s2/pretrain
phase anchored seed 2 params 705960 device cuda steps 10000 batch 256 init runs_h/s2/pretrain/model.pt
  eval A: refs t>=16  x_unfl 0.9524  x_fl 0.9524  x_bayes 0.9540  y 0.9919  joint_pre 1.9442  joint_anc 1.9456  wA 0.989
  eval B: refs t>=16  x_unfl 0.9552  x_fl 0.9552  x_bayes 0.9572  y 0.9829  joint_pre 1.9381  joint_anc 1.9399  wA 0.014
step      0  A: xgap +0.2853 f 0.003 | B: xgap -0.0012 f 0.001 | ygap A +0.0013 B +0.0002
step     25  loss 2.0852  A: xgap +0.2323 f 0.093 | B: xgap +0.0010 f 0.084 | ygap A +0.0002 B +0.0010  (1s)
step     50  loss 2.0348  A: xgap +0.1437 f 0.273 | B: xgap +0.0180 f 0.249 | ygap A +0.0005 B +0.0008  (2s)
step     75  loss 2.0187  A: xgap +0.1000 f 0.393 | B: xgap +0.0356 f 0.353 | ygap A +0.0004 B +0.0011  (3s)
step    100  loss 2.0332  A: xgap +0.0868 f 0.437 | B: xgap +0.0369 f 0.353 | ygap A +0.0020 B +0.0000  (3s)
step    125  loss 2.0041  A: xgap +0.0656 f 0.522 | B: xgap +0.0154 f 0.185 | ygap A +0.0016 B +0.0032  (4s)
step    150  loss 1.9722  A: xgap +0.0103 f 0.913 | B: xgap +0.0076 f 0.045 | ygap A +0.0022 B +0.0023  (5s)
step    175  loss 1.9614  A: xgap +0.0068 f 0.931 | B: xgap +0.0038 f 0.042 | ygap A +0.0016 B +0.0011  (6s)
step    200  loss 1.9789  A: xgap +0.0045 f 0.963 | B: xgap +0.0037 f 0.046 | ygap A +0.0010 B +0.0014  (7s)
step    225  loss 1.9636  A: xgap +0.0046 f 0.961 | B: xgap +0.0026 f 0.016 | ygap A +0.0011 B +0.0012  (8s)
step    250  loss 1.9737  A: xgap +0.0036 f 0.978 | B: xgap +0.0033 f 0.028 | ygap A +0.0011 B +0.0012  (8s)
step    275  loss 1.9669  A: xgap +0.0021 f 0.983 | B: xgap +0.0043 f 0.053 | ygap A +0.0003 B +0.0020  (9s)
step    300  loss 1.9645  A: xgap +0.0039 f 0.957 | B: xgap +0.0017 f 0.015 | ygap A +0.0008 B +0.0012  (10s)
step    325  loss 1.9608  A: xgap +0.0022 f 0.986 | B: xgap +0.0028 f 0.018 | ygap A +0.0001 B +0.0022  (11s)
step    350  loss 1.9635  A: xgap +0.0034 f 0.961 | B: xgap +0.0022 f 0.031 | ygap A +0.0010 B +0.0009  (12s)
step    375  loss 1.9766  A: xgap +0.0023 f 0.988 | B: xgap +0.0027 f 0.035 | ygap A +0.0004 B +0.0018  (13s)
step    400  loss 1.9658  A: xgap +0.0023 f 0.985 | B: xgap +0.0024 f 0.012 | ygap A +0.0009 B +0.0017  (13s)
step    425  loss 1.9588  A: xgap +0.0029 f 0.974 | B: xgap +0.0014 f 0.000 | ygap A +0.0016 B +0.0005  (14s)
step    450  loss 1.9610  A: xgap +0.0020 f 0.974 | B: xgap +0.0022 f 0.024 | ygap A +0.0005 B +0.0016  (15s)
step    475  loss 1.9592  A: xgap +0.0021 f 0.972 | B: xgap +0.0015 f 0.016 | ygap A +0.0005 B +0.0013  (16s)
step    500  loss 1.9627  A: xgap +0.0022 f 0.988 | B: xgap +0.0019 f 0.011 | ygap A +0.0008 B +0.0007  (17s)
step    525  loss 1.9684  A: xgap +0.0014 f 0.990 | B: xgap +0.0023 f 0.030 | ygap A +0.0004 B +0.0015  (18s)
step    550  loss 1.9556  A: xgap +0.0026 f 0.970 | B: xgap +0.0012 f 0.015 | ygap A +0.0016 B +0.0002  (18s)
step    575  loss 1.9598  A: xgap +0.0012 f 0.995 | B: xgap +0.0019 f 0.021 | ygap A -0.0001 B +0.0018  (19s)
step    600  loss 1.9721  A: xgap +0.0016 f 0.985 | B: xgap +0.0019 f 0.032 | ygap A +0.0004 B +0.0011  (20s)
step    625  loss 1.9729  A: xgap +0.0022 f 0.975 | B: xgap +0.0011 f 0.015 | ygap A +0.0009 B +0.0006  (21s)
step    650  loss 1.9649  A: xgap +0.0019 f 0.974 | B: xgap +0.0009 f 0.010 | ygap A +0.0013 B +0.0005  (22s)
step    675  loss 1.9648  A: xgap +0.0031 f 0.964 | B: xgap +0.0006 f 0.018 | ygap A +0.0025 B -0.0005  (22s)
step    700  loss 1.9657  A: xgap +0.0013 f 0.979 | B: xgap +0.0019 f 0.028 | ygap A +0.0005 B +0.0012  (23s)
step    725  loss 1.9678  A: xgap +0.0017 f 0.989 | B: xgap +0.0012 f 0.024 | ygap A +0.0005 B +0.0013  (24s)
step    750  loss 1.9553  A: xgap +0.0017 f 0.988 | B: xgap +0.0013 f 0.022 | ygap A +0.0012 B +0.0004  (25s)
step    775  loss 1.9555  A: xgap +0.0016 f 0.982 | B: xgap +0.0016 f 0.026 | ygap A +0.0004 B +0.0008  (26s)
step    800  loss 1.9594  A: xgap +0.0018 f 0.985 | B: xgap +0.0009 f 0.023 | ygap A +0.0010 B +0.0006  (26s)
step    825  loss 1.9611  A: xgap +0.0016 f 0.991 | B: xgap +0.0010 f 0.008 | ygap A +0.0008 B +0.0008  (27s)
step    850  loss 1.9667  A: xgap +0.0012 f 0.995 | B: xgap +0.0015 f 0.013 | ygap A +0.0004 B +0.0010  (28s)
step    875  loss 1.9662  A: xgap +0.0010 f 0.979 | B: xgap +0.0021 f 0.048 | ygap A +0.0008 B +0.0009  (29s)
step    900  loss 1.9614  A: xgap +0.0021 f 0.974 | B: xgap +0.0008 f 0.032 | ygap A +0.0011 B +0.0004  (30s)
step    925  loss 1.9679  A: xgap +0.0023 f 0.990 | B: xgap +0.0009 f 0.013 | ygap A +0.0015 B +0.0002  (31s)
step    950  loss 1.9704  A: xgap +0.0023 f 0.980 | B: xgap +0.0012 f 0.001 | ygap A +0.0013 B +0.0004  (32s)
step    975  loss 1.9720  A: xgap +0.0015 f 0.985 | B: xgap +0.0010 f 0.016 | ygap A +0.0004 B +0.0010  (32s)
step   1000  loss 1.9704  A: xgap +0.0026 f 0.971 | B: xgap +0.0003 f 0.018 | ygap A +0.0017 B -0.0003  (33s)
step   1100  loss 1.9779  A: xgap +0.0015 f 0.983 | B: xgap +0.0008 f 0.012 | ygap A +0.0008 B +0.0006  (35s)
step   1200  loss 1.9559  A: xgap +0.0014 f 0.978 | B: xgap +0.0011 f 0.031 | ygap A +0.0010 B +0.0005  (38s)
step   1300  loss 1.9794  A: xgap +0.0009 f 0.985 | B: xgap +0.0018 f 0.022 | ygap A -0.0001 B +0.0017  (40s)
step   1400  loss 1.9592  A: xgap +0.0005 f 0.995 | B: xgap +0.0023 f 0.040 | ygap A -0.0003 B +0.0022  (42s)
step   1500  loss 1.9597  A: xgap +0.0007 f 0.998 | B: xgap +0.0019 f 0.020 | ygap A -0.0001 B +0.0016  (44s)
step   1600  loss 1.9706  A: xgap +0.0019 f 0.989 | B: xgap +0.0006 f 0.008 | ygap A +0.0015 B +0.0002  (47s)
step   1700  loss 1.9558  A: xgap +0.0006 f 0.990 | B: xgap +0.0020 f 0.021 | ygap A +0.0002 B +0.0013  (49s)
step   1800  loss 1.9426  A: xgap +0.0009 f 0.989 | B: xgap +0.0015 f 0.027 | ygap A +0.0001 B +0.0012  (51s)
step   1900  loss 1.9607  A: xgap +0.0009 f 0.981 | B: xgap +0.0015 f 0.029 | ygap A +0.0002 B +0.0012  (53s)
step   2000  loss 1.9536  A: xgap +0.0012 f 0.992 | B: xgap +0.0015 f 0.027 | ygap A +0.0006 B +0.0006  (56s)
step   2100  loss 1.9740  A: xgap +0.0009 f 0.989 | B: xgap +0.0022 f 0.020 | ygap A -0.0002 B +0.0016  (58s)
step   2200  loss 1.9645  A: xgap +0.0011 f 0.991 | B: xgap +0.0011 f 0.014 | ygap A +0.0005 B +0.0010  (60s)
step   2300  loss 1.9566  A: xgap +0.0018 f 0.996 | B: xgap +0.0010 f 0.014 | ygap A +0.0009 B +0.0003  (62s)
step   2400  loss 1.9571  A: xgap +0.0011 f 0.979 | B: xgap +0.0012 f 0.016 | ygap A +0.0006 B +0.0006  (64s)
step   2500  loss 1.9635  A: xgap +0.0017 f 0.986 | B: xgap +0.0005 f 0.018 | ygap A +0.0011 B +0.0001  (67s)
step   2600  loss 1.9754  A: xgap +0.0021 f 0.968 | B: xgap +0.0004 f 0.023 | ygap A +0.0013 B -0.0000  (69s)
step   2700  loss 1.9662  A: xgap +0.0019 f 0.968 | B: xgap +0.0006 f 0.024 | ygap A +0.0011 B +0.0002  (71s)
step   2800  loss 1.9700  A: xgap +0.0020 f 0.973 | B: xgap +0.0002 f 0.008 | ygap A +0.0019 B -0.0001  (73s)
step   2900  loss 1.9659  A: xgap +0.0016 f 0.979 | B: xgap +0.0004 f 0.009 | ygap A +0.0014 B +0.0001  (76s)
step   3000  loss 1.9472  A: xgap +0.0020 f 0.957 | B: xgap +0.0004 f 0.027 | ygap A +0.0015 B -0.0002  (78s)
step   3100  loss 1.9626  A: xgap +0.0006 f 1.002 | B: xgap +0.0021 f 0.022 | ygap A -0.0002 B +0.0013  (80s)
step   3200  loss 1.9629  A: xgap +0.0011 f 0.984 | B: xgap +0.0009 f 0.010 | ygap A +0.0003 B +0.0006  (82s)
step   3300  loss 1.9493  A: xgap +0.0012 f 0.982 | B: xgap +0.0008 f 0.026 | ygap A +0.0005 B +0.0006  (85s)
step   3400  loss 1.9719  A: xgap +0.0015 f 0.978 | B: xgap +0.0005 f 0.025 | ygap A +0.0011 B +0.0001  (87s)
step   3500  loss 1.9670  A: xgap +0.0013 f 0.981 | B: xgap +0.0005 f 0.017 | ygap A +0.0009 B +0.0002  (89s)
step   3600  loss 1.9547  A: xgap +0.0011 f 0.989 | B: xgap +0.0006 f 0.016 | ygap A +0.0010 B +0.0004  (91s)
step   3700  loss 1.9613  A: xgap +0.0017 f 0.968 | B: xgap +0.0005 f 0.016 | ygap A +0.0015 B -0.0001  (93s)
step   3800  loss 1.9753  A: xgap +0.0009 f 0.984 | B: xgap +0.0009 f 0.015 | ygap A +0.0003 B +0.0009  (96s)
step   3900  loss 1.9597  A: xgap +0.0010 f 0.975 | B: xgap +0.0010 f 0.021 | ygap A +0.0001 B +0.0010  (98s)
step   4000  loss 1.9544  A: xgap +0.0013 f 0.981 | B: xgap +0.0006 f 0.006 | ygap A +0.0008 B +0.0005  (100s)
step   4100  loss 1.9538  A: xgap +0.0005 f 0.991 | B: xgap +0.0012 f 0.015 | ygap A +0.0002 B +0.0014  (102s)
step   4200  loss 1.9705  A: xgap +0.0000 f 0.993 | B: xgap +0.0021 f 0.039 | ygap A -0.0003 B +0.0026  (105s)
step   4300  loss 1.9590  A: xgap +0.0009 f 0.982 | B: xgap +0.0010 f 0.025 | ygap A +0.0004 B +0.0012  (107s)
step   4400  loss 1.9680  A: xgap +0.0016 f 0.977 | B: xgap +0.0010 f 0.028 | ygap A +0.0008 B +0.0005  (109s)
step   4500  loss 1.9557  A: xgap +0.0015 f 1.002 | B: xgap +0.0008 f 0.005 | ygap A +0.0006 B +0.0005  (111s)
step   4600  loss 1.9614  A: xgap +0.0014 f 0.990 | B: xgap +0.0007 f 0.015 | ygap A +0.0010 B +0.0002  (114s)
step   4700  loss 1.9608  A: xgap +0.0019 f 0.972 | B: xgap +0.0004 f 0.014 | ygap A +0.0017 B -0.0002  (116s)
step   4800  loss 1.9644  A: xgap +0.0027 f 0.966 | B: xgap -0.0001 f 0.013 | ygap A +0.0017 B -0.0001  (118s)
step   4900  loss 1.9624  A: xgap +0.0003 f 0.983 | B: xgap +0.0014 f 0.021 | ygap A +0.0000 B +0.0012  (120s)
step   5000  loss 1.9607  A: xgap +0.0007 f 0.979 | B: xgap +0.0011 f 0.015 | ygap A +0.0003 B +0.0007  (122s)
step   5500  loss 1.9437  A: xgap +0.0013 f 0.974 | B: xgap +0.0007 f 0.017 | ygap A +0.0008 B +0.0005  (132s)
step   6000  loss 1.9563  A: xgap +0.0020 f 0.981 | B: xgap +0.0002 f -0.003 | ygap A +0.0017 B -0.0002  (142s)
step   6500  loss 1.9478  A: xgap +0.0014 f 0.988 | B: xgap +0.0005 f 0.002 | ygap A +0.0010 B +0.0000  (151s)
step   7000  loss 1.9656  A: xgap +0.0017 f 0.984 | B: xgap +0.0007 f 0.015 | ygap A +0.0007 B +0.0002  (161s)
step   7500  loss 1.9542  A: xgap +0.0008 f 0.988 | B: xgap +0.0008 f 0.022 | ygap A +0.0001 B +0.0009  (170s)
step   8000  loss 1.9655  A: xgap +0.0003 f 0.984 | B: xgap +0.0013 f 0.025 | ygap A -0.0000 B +0.0010  (180s)
step   8500  loss 1.9575  A: xgap +0.0009 f 0.992 | B: xgap +0.0009 f 0.008 | ygap A +0.0005 B +0.0003  (190s)
step   9000  loss 1.9550  A: xgap +0.0004 f 0.984 | B: xgap +0.0009 f 0.018 | ygap A -0.0002 B +0.0011  (199s)
step   9500  loss 1.9580  A: xgap +0.0010 f 0.980 | B: xgap +0.0001 f 0.020 | ygap A +0.0006 B +0.0003  (209s)
step  10000  loss 1.9680  A: xgap +0.0009 f 0.983 | B: xgap +0.0007 f 0.014 | ygap A +0.0004 B +0.0005  (218s)
saved runs_h/s2/anchored
phase unanchored seed 2 params 705960 device cuda steps 10000 batch 128 init runs_h/s2/pretrain/model.pt
  eval A: refs t>=16  x_unfl 0.9524  x_fl 0.9524  x_bayes 0.9540  y 0.9919  joint_pre 1.9442  joint_anc 1.9456  wA 0.989
  eval B: refs t>=16  x_unfl 0.9552  x_fl 0.9552  x_bayes 0.9572  y 0.9829  joint_pre 1.9381  joint_anc 1.9399  wA 0.014
step      0  A: xgap +0.2853 f 0.003 | B: xgap -0.0012 f 0.001 | ygap A +0.0013 B +0.0002
step     25  loss 2.1995  A: xgap +0.2317 f 0.095 | B: xgap +0.0013 f 0.085 | ygap A -0.0011 B +0.0056  (1s)
step     50  loss 2.0965  A: xgap +0.1349 f 0.301 | B: xgap +0.0247 f 0.286 | ygap A -0.0015 B +0.0385  (1s)
step     75  loss 2.0627  A: xgap +0.0845 f 0.446 | B: xgap +0.0537 f 0.439 | ygap A -0.0014 B +0.1187  (2s)
step    100  loss 1.9970  A: xgap +0.0444 f 0.615 | B: xgap +0.1027 f 0.612 | ygap A -0.0014 B +0.2211  (2s)
step    125  loss 1.9732  A: xgap +0.0048 f 0.991 | B: xgap +0.2850 f 0.989 | ygap A -0.0010 B +0.2996  (3s)
step    150  loss 1.9355  A: xgap +0.0022 f 0.982 | B: xgap +0.2760 f 0.984 | ygap A -0.0015 B +0.2962  (3s)
step    175  loss 1.9625  A: xgap +0.0014 f 0.988 | B: xgap +0.2785 f 0.987 | ygap A -0.0017 B +0.3043  (4s)
step    200  loss 1.9405  A: xgap +0.0010 f 0.989 | B: xgap +0.2790 f 0.987 | ygap A -0.0015 B +0.3131  (4s)
step    225  loss 1.9522  A: xgap +0.0010 f 0.996 | B: xgap +0.2840 f 0.994 | ygap A -0.0017 B +0.3144  (5s)
step    250  loss 1.9603  A: xgap +0.0006 f 0.994 | B: xgap +0.2818 f 0.993 | ygap A -0.0017 B +0.3121  (5s)
step    275  loss 1.9578  A: xgap +0.0006 f 0.992 | B: xgap +0.2807 f 0.989 | ygap A -0.0018 B +0.3209  (6s)
step    300  loss 1.9458  A: xgap +0.0006 f 0.981 | B: xgap +0.2729 f 0.979 | ygap A -0.0017 B +0.3185  (6s)
step    325  loss 1.9588  A: xgap +0.0003 f 0.978 | B: xgap +0.2724 f 0.977 | ygap A -0.0017 B +0.3118  (7s)
step    350  loss 1.9458  A: xgap +0.0002 f 0.989 | B: xgap +0.2819 f 0.989 | ygap A -0.0018 B +0.3179  (7s)
step    375  loss 1.9369  A: xgap +0.0004 f 1.004 | B: xgap +0.2910 f 1.005 | ygap A -0.0015 B +0.3228  (8s)
step    400  loss 1.9608  A: xgap +0.0001 f 0.998 | B: xgap +0.2847 f 0.998 | ygap A -0.0017 B +0.3235  (8s)
step    425  loss 1.9526  A: xgap -0.0001 f 0.991 | B: xgap +0.2808 f 0.993 | ygap A -0.0018 B +0.3277  (9s)
step    450  loss 1.9443  A: xgap +0.0001 f 1.003 | B: xgap +0.2871 f 1.003 | ygap A -0.0017 B +0.3213  (9s)
step    475  loss 1.9504  A: xgap +0.0005 f 1.013 | B: xgap +0.2951 f 1.013 | ygap A -0.0015 B +0.3268  (10s)
step    500  loss 1.9686  A: xgap -0.0000 f 1.001 | B: xgap +0.2869 f 1.002 | ygap A -0.0018 B +0.3271  (11s)
step    525  loss 1.9546  A: xgap -0.0001 f 1.002 | B: xgap +0.2876 f 1.003 | ygap A -0.0017 B +0.3372  (11s)
step    550  loss 1.9738  A: xgap -0.0001 f 0.996 | B: xgap +0.2833 f 0.996 | ygap A -0.0017 B +0.3304  (12s)
step    575  loss 1.9560  A: xgap -0.0000 f 0.985 | B: xgap +0.2779 f 0.986 | ygap A -0.0018 B +0.3230  (12s)
step    600  loss 1.9534  A: xgap -0.0001 f 0.998 | B: xgap +0.2842 f 0.999 | ygap A -0.0014 B +0.3269  (13s)
step    625  loss 1.9520  A: xgap -0.0002 f 0.998 | B: xgap +0.2841 f 0.998 | ygap A -0.0019 B +0.3347  (13s)
step    650  loss 1.9568  A: xgap -0.0004 f 1.001 | B: xgap +0.2860 f 1.001 | ygap A -0.0016 B +0.3390  (14s)
step    675  loss 1.9383  A: xgap -0.0003 f 0.994 | B: xgap +0.2826 f 0.994 | ygap A -0.0019 B +0.3340  (14s)
step    700  loss 1.9369  A: xgap -0.0004 f 0.991 | B: xgap +0.2811 f 0.990 | ygap A -0.0019 B +0.3339  (15s)
step    725  loss 1.9440  A: xgap -0.0004 f 0.980 | B: xgap +0.2738 f 0.981 | ygap A -0.0013 B +0.3309  (15s)
step    750  loss 1.9629  A: xgap -0.0006 f 0.997 | B: xgap +0.2850 f 0.998 | ygap A -0.0018 B +0.3277  (16s)
step    775  loss 1.9518  A: xgap -0.0006 f 1.000 | B: xgap +0.2857 f 1.000 | ygap A -0.0017 B +0.3297  (16s)
step    800  loss 1.9495  A: xgap -0.0003 f 0.986 | B: xgap +0.2751 f 0.985 | ygap A -0.0019 B +0.3391  (17s)
step    825  loss 1.9579  A: xgap -0.0002 f 0.979 | B: xgap +0.2719 f 0.978 | ygap A -0.0019 B +0.3363  (17s)
step    850  loss 1.9557  A: xgap -0.0007 f 0.989 | B: xgap +0.2782 f 0.989 | ygap A -0.0016 B +0.3410  (18s)
step    875  loss 1.9636  A: xgap -0.0004 f 1.005 | B: xgap +0.2902 f 1.007 | ygap A -0.0016 B +0.3389  (19s)
step    900  loss 1.9653  A: xgap -0.0006 f 0.991 | B: xgap +0.2814 f 0.992 | ygap A -0.0015 B +0.3233  (19s)
step    925  loss 1.9591  A: xgap -0.0005 f 0.997 | B: xgap +0.2826 f 0.997 | ygap A -0.0018 B +0.3338  (20s)
step    950  loss 1.9581  A: xgap -0.0007 f 0.998 | B: xgap +0.2860 f 0.998 | ygap A -0.0018 B +0.3408  (20s)
step    975  loss 1.9591  A: xgap -0.0007 f 0.998 | B: xgap +0.2861 f 0.998 | ygap A -0.0019 B +0.3369  (21s)
step   1000  loss 1.9609  A: xgap -0.0005 f 1.007 | B: xgap +0.2892 f 1.008 | ygap A -0.0019 B +0.3380  (21s)
step   1100  loss 1.9516  A: xgap -0.0005 f 0.988 | B: xgap +0.2779 f 0.987 | ygap A -0.0019 B +0.3422  (23s)
step   1200  loss 1.9423  A: xgap -0.0007 f 1.000 | B: xgap +0.2852 f 0.999 | ygap A -0.0019 B +0.3393  (25s)
step   1300  loss 1.9459  A: xgap -0.0005 f 1.000 | B: xgap +0.2842 f 1.000 | ygap A -0.0018 B +0.3429  (26s)
step   1400  loss 1.9591  A: xgap -0.0008 f 0.997 | B: xgap +0.2842 f 0.998 | ygap A -0.0019 B +0.3331  (28s)
step   1500  loss 1.9445  A: xgap -0.0007 f 1.002 | B: xgap +0.2892 f 1.004 | ygap A -0.0018 B +0.3325  (29s)
step   1600  loss 1.9604  A: xgap -0.0002 f 1.003 | B: xgap +0.2885 f 1.007 | ygap A -0.0016 B +0.3363  (31s)
step   1700  loss 1.9564  A: xgap -0.0009 f 0.994 | B: xgap +0.2828 f 0.996 | ygap A -0.0017 B +0.3426  (32s)
step   1800  loss 1.9570  A: xgap -0.0006 f 0.999 | B: xgap +0.2858 f 0.999 | ygap A -0.0017 B +0.3449  (34s)
step   1900  loss 1.9450  A: xgap -0.0007 f 0.992 | B: xgap +0.2831 f 0.993 | ygap A -0.0017 B +0.3483  (36s)
step   2000  loss 1.9511  A: xgap -0.0008 f 0.995 | B: xgap +0.2815 f 0.995 | ygap A -0.0019 B +0.3499  (37s)
step   2100  loss 1.9635  A: xgap -0.0007 f 1.002 | B: xgap +0.2896 f 1.002 | ygap A -0.0019 B +0.3355  (39s)
step   2200  loss 1.9465  A: xgap -0.0006 f 1.014 | B: xgap +0.2965 f 1.015 | ygap A -0.0017 B +0.3457  (40s)
step   2300  loss 1.9520  A: xgap -0.0002 f 1.002 | B: xgap +0.2845 f 1.003 | ygap A -0.0019 B +0.3496  (42s)
step   2400  loss 1.9285  A: xgap -0.0003 f 1.001 | B: xgap +0.2878 f 1.002 | ygap A -0.0014 B +0.3339  (44s)
step   2500  loss 1.9580  A: xgap -0.0007 f 1.001 | B: xgap +0.2865 f 1.001 | ygap A -0.0019 B +0.3397  (45s)
step   2600  loss 1.9627  A: xgap -0.0010 f 0.983 | B: xgap +0.2738 f 0.984 | ygap A -0.0018 B +0.3373  (47s)
step   2700  loss 1.9471  A: xgap -0.0006 f 1.010 | B: xgap +0.2942 f 1.011 | ygap A -0.0019 B +0.3405  (48s)
step   2800  loss 1.9496  A: xgap -0.0008 f 0.993 | B: xgap +0.2810 f 0.993 | ygap A -0.0020 B +0.3429  (50s)
step   2900  loss 1.9534  A: xgap +0.0002 f 0.992 | B: xgap +0.2883 f 0.993 | ygap A -0.0019 B +0.3461  (51s)
step   3000  loss 1.9568  A: xgap -0.0006 f 0.992 | B: xgap +0.2797 f 0.994 | ygap A -0.0020 B +0.3426  (53s)
step   3100  loss 1.9583  A: xgap -0.0009 f 0.993 | B: xgap +0.2806 f 0.993 | ygap A -0.0018 B +0.3385  (54s)
step   3200  loss 1.9704  A: xgap -0.0008 f 0.991 | B: xgap +0.2801 f 0.994 | ygap A -0.0020 B +0.3391  (56s)
step   3300  loss 1.9556  A: xgap -0.0006 f 0.987 | B: xgap +0.2776 f 0.989 | ygap A -0.0016 B +0.3302  (58s)
step   3400  loss 1.9473  A: xgap -0.0007 f 0.999 | B: xgap +0.2864 f 1.001 | ygap A -0.0018 B +0.3319  (59s)
step   3500  loss 1.9503  A: xgap -0.0008 f 1.006 | B: xgap +0.2897 f 1.008 | ygap A -0.0019 B +0.3432  (61s)
step   3600  loss 1.9485  A: xgap -0.0008 f 0.996 | B: xgap +0.2844 f 0.998 | ygap A -0.0019 B +0.3386  (62s)
step   3700  loss 1.9556  A: xgap -0.0007 f 0.995 | B: xgap +0.2801 f 0.996 | ygap A -0.0017 B +0.3392  (64s)
step   3800  loss 1.9600  A: xgap -0.0005 f 1.011 | B: xgap +0.2928 f 1.013 | ygap A -0.0018 B +0.3353  (66s)
step   3900  loss 1.9506  A: xgap -0.0008 f 1.004 | B: xgap +0.2873 f 1.005 | ygap A -0.0018 B +0.3457  (67s)
step   4000  loss 1.9411  A: xgap -0.0004 f 1.002 | B: xgap +0.2860 f 1.002 | ygap A -0.0019 B +0.3372  (69s)
step   4100  loss 1.9545  A: xgap -0.0005 f 1.004 | B: xgap +0.2913 f 1.006 | ygap A -0.0019 B +0.3404  (71s)
step   4200  loss 1.9538  A: xgap -0.0009 f 0.992 | B: xgap +0.2795 f 0.993 | ygap A -0.0019 B +0.3450  (72s)
step   4300  loss 1.9525  A: xgap -0.0009 f 1.003 | B: xgap +0.2854 f 1.003 | ygap A -0.0018 B +0.3393  (74s)
step   4400  loss 1.9501  A: xgap -0.0007 f 1.013 | B: xgap +0.2939 f 1.014 | ygap A -0.0016 B +0.3469  (75s)
step   4500  loss 1.9576  A: xgap -0.0008 f 1.009 | B: xgap +0.2929 f 1.009 | ygap A -0.0019 B +0.3362  (77s)
step   4600  loss 1.9662  A: xgap -0.0008 f 0.997 | B: xgap +0.2852 f 0.998 | ygap A -0.0019 B +0.3439  (79s)
step   4700  loss 1.9654  A: xgap -0.0004 f 0.993 | B: xgap +0.2802 f 0.994 | ygap A -0.0019 B +0.3346  (80s)
step   4800  loss 1.9395  A: xgap -0.0010 f 0.992 | B: xgap +0.2807 f 0.993 | ygap A -0.0020 B +0.3429  (82s)
step   4900  loss 1.9600  A: xgap -0.0008 f 1.003 | B: xgap +0.2887 f 1.003 | ygap A -0.0019 B +0.3435  (83s)
step   5000  loss 1.9580  A: xgap -0.0005 f 0.992 | B: xgap +0.2825 f 0.993 | ygap A -0.0017 B +0.3455  (85s)
step   5500  loss 1.9480  A: xgap -0.0008 f 1.004 | B: xgap +0.2886 f 1.005 | ygap A -0.0019 B +0.3453  (91s)
step   6000  loss 1.9464  A: xgap -0.0007 f 1.011 | B: xgap +0.2940 f 1.012 | ygap A -0.0020 B +0.3480  (98s)
step   6500  loss 1.9520  A: xgap -0.0007 f 0.994 | B: xgap +0.2796 f 0.994 | ygap A -0.0019 B +0.3406  (104s)
step   7000  loss 1.9410  A: xgap -0.0011 f 0.988 | B: xgap +0.2767 f 0.989 | ygap A -0.0020 B +0.3366  (110s)
step   7500  loss 1.9500  A: xgap -0.0006 f 0.975 | B: xgap +0.2705 f 0.977 | ygap A -0.0021 B +0.3427  (117s)
step   8000  loss 1.9529  A: xgap -0.0010 f 0.999 | B: xgap +0.2848 f 1.000 | ygap A -0.0019 B +0.3337  (123s)
step   8500  loss 1.9468  A: xgap -0.0011 f 1.006 | B: xgap +0.2892 f 1.006 | ygap A -0.0019 B +0.3460  (129s)
step   9000  loss 1.9645  A: xgap -0.0010 f 1.017 | B: xgap +0.2970 f 1.018 | ygap A -0.0019 B +0.3371  (136s)
step   9500  loss 1.9482  A: xgap -0.0011 f 0.996 | B: xgap +0.2830 f 0.997 | ygap A -0.0020 B +0.3456  (142s)
step  10000  loss 1.9580  A: xgap -0.0011 f 1.004 | B: xgap +0.2885 f 1.003 | ygap A -0.0020 B +0.3451  (148s)
saved runs_h/s2/unanchored
PIPELINE DONE seed 2 Fri Sep 11 02:13:26 UTC 2026
