phase pretrain seed 1 params 705960 device cuda steps 10000 batch 256 init None
  eval A: refs t>=16  x_unfl 0.9524  x_fl 0.9524  x_bayes 0.9540  y 0.9919  joint_pre 1.9442  joint_anc 1.9456  wA 0.989
  eval B: refs t>=16  x_unfl 0.9552  x_fl 0.9552  x_bayes 0.9572  y 0.9829  joint_pre 1.9381  joint_anc 1.9399  wA 0.014
step      0  A: xgap +0.2031 f 0.552 | B: xgap +0.1990 f 0.552 | ygap A +0.1363 B +0.1532
step   1000  loss 1.9745  A: xgap +0.0027 f 0.011 | B: xgap +0.0028 f 0.010 | ygap A +0.0040 B +0.0058  (15s)
step   2000  loss 1.9604  A: xgap +0.0023 f 0.020 | B: xgap +0.0020 f 0.016 | ygap A +0.0021 B +0.0035  (31s)
step   3000  loss 1.9616  A: xgap +0.0014 f 0.011 | B: xgap +0.0014 f 0.011 | ygap A +0.0010 B +0.0028  (46s)
step   4000  loss 1.9552  A: xgap +0.0014 f 0.003 | B: xgap +0.0014 f 0.001 | ygap A +0.0011 B +0.0018  (61s)
step   5000  loss 1.9550  A: xgap +0.0011 f 0.006 | B: xgap +0.0011 f 0.006 | ygap A +0.0010 B +0.0016  (77s)
step   6000  loss 1.9490  A: xgap +0.0015 f 0.005 | B: xgap +0.0009 f 0.005 | ygap A +0.0012 B +0.0008  (92s)
step   7000  loss 1.9515  A: xgap +0.0009 f -0.002 | B: xgap +0.0008 f 0.001 | ygap A +0.0007 B +0.0008  (107s)
step   8000  loss 1.9521  A: xgap +0.0009 f -0.003 | B: xgap +0.0010 f 0.002 | ygap A +0.0018 B -0.0000  (123s)
step   9000  loss 1.9549  A: xgap +0.0007 f 0.010 | B: xgap +0.0007 f 0.007 | ygap A +0.0009 B +0.0007  (141s)
step  10000  loss 1.9452  A: xgap +0.0006 f -0.007 | B: xgap +0.0007 f -0.008 | ygap A +0.0003 B +0.0010  (160s)
saved runs_h/s1/pretrain
phase anchored seed 1 params 705960 device cuda steps 10000 batch 256 init runs_h/s1/pretrain/model.pt
  eval A: refs t>=16  x_unfl 0.9524  x_fl 0.9524  x_bayes 0.9540  y 0.9919  joint_pre 1.9442  joint_anc 1.9456  wA 0.989
  eval B: refs t>=16  x_unfl 0.9552  x_fl 0.9552  x_bayes 0.9572  y 0.9829  joint_pre 1.9381  joint_anc 1.9399  wA 0.014
step      0  A: xgap +0.2918 f -0.007 | B: xgap -0.0013 f -0.008 | ygap A +0.0003 B +0.0010
step     25  loss 2.0874  A: xgap +0.2378 f 0.082 | B: xgap +0.0006 f 0.076 | ygap A +0.0002 B +0.0008  (1s)
step     50  loss 2.0403  A: xgap +0.1457 f 0.271 | B: xgap +0.0178 f 0.247 | ygap A +0.0005 B +0.0013  (2s)
step     75  loss 2.0171  A: xgap +0.1023 f 0.386 | B: xgap +0.0331 f 0.341 | ygap A +0.0013 B +0.0004  (3s)
step    100  loss 2.0144  A: xgap +0.0851 f 0.444 | B: xgap +0.0299 f 0.309 | ygap A +0.0008 B +0.0013  (3s)
step    125  loss 1.9771  A: xgap +0.0359 f 0.680 | B: xgap +0.0090 f 0.089 | ygap A +0.0014 B +0.0032  (4s)
step    150  loss 1.9716  A: xgap +0.0065 f 0.963 | B: xgap +0.0053 f 0.058 | ygap A +0.0008 B +0.0032  (5s)
step    175  loss 1.9597  A: xgap +0.0047 f 0.964 | B: xgap +0.0044 f 0.028 | ygap A +0.0012 B +0.0010  (6s)
step    200  loss 1.9599  A: xgap +0.0044 f 0.973 | B: xgap +0.0034 f 0.028 | ygap A +0.0011 B +0.0011  (7s)
step    225  loss 1.9687  A: xgap +0.0028 f 0.974 | B: xgap +0.0050 f 0.049 | ygap A +0.0003 B +0.0020  (7s)
step    250  loss 1.9724  A: xgap +0.0034 f 0.962 | B: xgap +0.0034 f 0.039 | ygap A +0.0008 B +0.0011  (8s)
step    275  loss 1.9765  A: xgap +0.0030 f 0.990 | B: xgap +0.0034 f 0.034 | ygap A +0.0006 B +0.0017  (9s)
step    300  loss 1.9692  A: xgap +0.0029 f 0.978 | B: xgap +0.0024 f 0.032 | ygap A +0.0005 B +0.0017  (10s)
step    325  loss 1.9749  A: xgap +0.0035 f 0.962 | B: xgap +0.0011 f 0.015 | ygap A +0.0021 B +0.0003  (11s)
step    350  loss 1.9590  A: xgap +0.0020 f 0.983 | B: xgap +0.0032 f 0.032 | ygap A +0.0002 B +0.0018  (11s)
step    375  loss 1.9700  A: xgap +0.0023 f 0.996 | B: xgap +0.0024 f 0.026 | ygap A +0.0008 B +0.0011  (12s)
step    400  loss 1.9658  A: xgap +0.0017 f 0.986 | B: xgap +0.0028 f 0.031 | ygap A +0.0001 B +0.0022  (13s)
step    425  loss 1.9635  A: xgap +0.0019 f 0.994 | B: xgap +0.0026 f 0.033 | ygap A +0.0003 B +0.0015  (14s)
step    450  loss 1.9772  A: xgap +0.0023 f 0.992 | B: xgap +0.0017 f 0.009 | ygap A +0.0010 B +0.0009  (15s)
step    475  loss 1.9702  A: xgap +0.0042 f 0.958 | B: xgap +0.0006 f 0.010 | ygap A +0.0028 B -0.0004  (15s)
step    500  loss 1.9693  A: xgap +0.0016 f 0.984 | B: xgap +0.0027 f 0.038 | ygap A +0.0002 B +0.0018  (16s)
step    525  loss 1.9639  A: xgap +0.0022 f 0.987 | B: xgap +0.0018 f 0.016 | ygap A +0.0009 B +0.0009  (17s)
step    550  loss 1.9535  A: xgap +0.0013 f 0.988 | B: xgap +0.0040 f 0.031 | ygap A +0.0005 B +0.0018  (18s)
step    575  loss 1.9664  A: xgap +0.0019 f 0.974 | B: xgap +0.0014 f 0.016 | ygap A +0.0008 B +0.0011  (19s)
step    600  loss 1.9606  A: xgap +0.0031 f 0.980 | B: xgap +0.0009 f 0.009 | ygap A +0.0018 B -0.0000  (20s)
step    625  loss 1.9665  A: xgap +0.0020 f 0.982 | B: xgap +0.0015 f 0.021 | ygap A +0.0010 B +0.0010  (20s)
step    650  loss 1.9723  A: xgap +0.0015 f 0.990 | B: xgap +0.0022 f 0.028 | ygap A +0.0005 B +0.0015  (21s)
step    675  loss 1.9679  A: xgap +0.0020 f 0.964 | B: xgap +0.0013 f 0.022 | ygap A +0.0007 B +0.0011  (22s)
step    700  loss 1.9572  A: xgap +0.0016 f 0.985 | B: xgap +0.0023 f 0.024 | ygap A +0.0001 B +0.0015  (23s)
step    725  loss 1.9731  A: xgap +0.0014 f 0.981 | B: xgap +0.0021 f 0.030 | ygap A +0.0002 B +0.0018  (24s)
step    750  loss 1.9728  A: xgap +0.0017 f 0.967 | B: xgap +0.0020 f 0.027 | ygap A +0.0006 B +0.0011  (24s)
step    775  loss 1.9652  A: xgap +0.0022 f 0.975 | B: xgap +0.0013 f 0.023 | ygap A +0.0010 B +0.0006  (25s)
step    800  loss 1.9606  A: xgap +0.0012 f 0.985 | B: xgap +0.0023 f 0.030 | ygap A +0.0006 B +0.0018  (26s)
step    825  loss 1.9655  A: xgap +0.0016 f 0.998 | B: xgap +0.0021 f 0.013 | ygap A +0.0005 B +0.0013  (27s)
step    850  loss 1.9623  A: xgap +0.0014 f 0.999 | B: xgap +0.0024 f 0.004 | ygap A -0.0000 B +0.0019  (28s)
step    875  loss 1.9613  A: xgap +0.0014 f 0.995 | B: xgap +0.0018 f 0.005 | ygap A +0.0001 B +0.0017  (29s)
step    900  loss 1.9651  A: xgap +0.0011 f 0.986 | B: xgap +0.0027 f 0.035 | ygap A +0.0001 B +0.0018  (29s)
step    925  loss 1.9670  A: xgap +0.0019 f 0.974 | B: xgap +0.0013 f 0.023 | ygap A +0.0008 B +0.0007  (30s)
step    950  loss 1.9674  A: xgap +0.0015 f 0.976 | B: xgap +0.0014 f 0.026 | ygap A +0.0008 B +0.0007  (31s)
step    975  loss 1.9584  A: xgap +0.0020 f 0.979 | B: xgap +0.0008 f 0.013 | ygap A +0.0013 B +0.0004  (32s)
step   1000  loss 1.9762  A: xgap +0.0017 f 0.979 | B: xgap +0.0014 f 0.019 | ygap A +0.0012 B +0.0005  (33s)
step   1100  loss 1.9714  A: xgap +0.0010 f 0.979 | B: xgap +0.0022 f 0.041 | ygap A +0.0000 B +0.0014  (35s)
step   1200  loss 1.9775  A: xgap +0.0015 f 0.979 | B: xgap +0.0012 f 0.013 | ygap A +0.0006 B +0.0011  (37s)
step   1300  loss 1.9758  A: xgap +0.0015 f 0.984 | B: xgap +0.0019 f 0.020 | ygap A -0.0001 B +0.0016  (40s)
step   1400  loss 1.9557  A: xgap +0.0015 f 0.996 | B: xgap +0.0023 f 0.009 | ygap A +0.0001 B +0.0016  (42s)
step   1500  loss 1.9729  A: xgap +0.0013 f 0.984 | B: xgap +0.0010 f 0.016 | ygap A +0.0009 B +0.0005  (44s)
step   1600  loss 1.9691  A: xgap +0.0012 f 0.971 | B: xgap +0.0016 f 0.028 | ygap A -0.0001 B +0.0017  (46s)
step   1700  loss 1.9829  A: xgap +0.0012 f 0.989 | B: xgap +0.0013 f 0.014 | ygap A +0.0011 B +0.0003  (49s)
step   1800  loss 1.9492  A: xgap +0.0010 f 0.987 | B: xgap +0.0017 f 0.027 | ygap A +0.0008 B +0.0009  (51s)
step   1900  loss 1.9682  A: xgap +0.0018 f 0.990 | B: xgap +0.0010 f 0.021 | ygap A +0.0008 B +0.0005  (53s)
step   2000  loss 1.9655  A: xgap +0.0004 f 0.990 | B: xgap +0.0021 f 0.036 | ygap A +0.0004 B +0.0009  (55s)
step   2100  loss 1.9640  A: xgap +0.0003 f 0.994 | B: xgap +0.0031 f 0.035 | ygap A -0.0005 B +0.0026  (57s)
step   2200  loss 1.9666  A: xgap +0.0013 f 0.981 | B: xgap +0.0010 f 0.023 | ygap A +0.0008 B +0.0005  (60s)
step   2300  loss 1.9701  A: xgap +0.0012 f 0.970 | B: xgap +0.0012 f 0.040 | ygap A +0.0006 B +0.0006  (62s)
step   2400  loss 1.9576  A: xgap +0.0028 f 0.994 | B: xgap +0.0013 f 0.003 | ygap A +0.0008 B +0.0006  (64s)
step   2500  loss 1.9676  A: xgap +0.0016 f 0.980 | B: xgap +0.0009 f 0.009 | ygap A +0.0008 B +0.0004  (66s)
step   2600  loss 1.9704  A: xgap +0.0031 f 0.968 | B: xgap -0.0001 f 0.017 | ygap A +0.0024 B -0.0002  (69s)
step   2700  loss 1.9613  A: xgap +0.0012 f 0.990 | B: xgap +0.0010 f 0.022 | ygap A +0.0007 B +0.0006  (71s)
step   2800  loss 1.9497  A: xgap +0.0008 f 0.989 | B: xgap +0.0025 f 0.025 | ygap A -0.0003 B +0.0020  (73s)
step   2900  loss 1.9678  A: xgap +0.0007 f 0.974 | B: xgap +0.0014 f 0.026 | ygap A +0.0000 B +0.0012  (75s)
step   3000  loss 1.9638  A: xgap +0.0008 f 0.975 | B: xgap +0.0013 f 0.024 | ygap A +0.0001 B +0.0014  (78s)
step   3100  loss 1.9620  A: xgap +0.0012 f 0.983 | B: xgap +0.0009 f 0.017 | ygap A +0.0008 B +0.0002  (80s)
step   3200  loss 1.9579  A: xgap +0.0015 f 0.984 | B: xgap +0.0009 f 0.033 | ygap A +0.0007 B +0.0004  (82s)
step   3300  loss 1.9629  A: xgap +0.0008 f 0.986 | B: xgap +0.0013 f 0.029 | ygap A +0.0002 B +0.0007  (84s)
step   3400  loss 1.9708  A: xgap +0.0012 f 0.974 | B: xgap +0.0007 f 0.019 | ygap A +0.0006 B +0.0004  (86s)
step   3500  loss 1.9593  A: xgap +0.0003 f 0.987 | B: xgap +0.0014 f 0.029 | ygap A +0.0001 B +0.0015  (89s)
step   3600  loss 1.9606  A: xgap +0.0007 f 0.983 | B: xgap +0.0017 f 0.035 | ygap A +0.0005 B +0.0007  (91s)
step   3700  loss 1.9705  A: xgap +0.0008 f 0.998 | B: xgap +0.0014 f 0.005 | ygap A +0.0006 B +0.0006  (93s)
step   3800  loss 1.9566  A: xgap +0.0007 f 0.979 | B: xgap +0.0013 f 0.032 | ygap A +0.0001 B +0.0009  (95s)
step   3900  loss 1.9639  A: xgap +0.0015 f 0.982 | B: xgap +0.0004 f 0.016 | ygap A +0.0011 B -0.0001  (98s)
step   4000  loss 1.9610  A: xgap +0.0008 f 0.986 | B: xgap +0.0012 f 0.021 | ygap A +0.0007 B +0.0005  (100s)
step   4100  loss 1.9670  A: xgap +0.0011 f 0.981 | B: xgap +0.0004 f 0.003 | ygap A +0.0005 B +0.0007  (102s)
step   4200  loss 1.9674  A: xgap +0.0013 f 0.987 | B: xgap +0.0004 f 0.003 | ygap A +0.0007 B +0.0003  (104s)
step   4300  loss 1.9612  A: xgap +0.0013 f 0.988 | B: xgap +0.0003 f 0.019 | ygap A +0.0016 B -0.0001  (106s)
step   4400  loss 1.9630  A: xgap +0.0021 f 0.982 | B: xgap +0.0000 f 0.007 | ygap A +0.0023 B -0.0004  (109s)
step   4500  loss 1.9683  A: xgap +0.0014 f 0.989 | B: xgap +0.0006 f 0.006 | ygap A +0.0009 B +0.0007  (111s)
step   4600  loss 1.9601  A: xgap +0.0014 f 0.980 | B: xgap +0.0004 f 0.018 | ygap A +0.0013 B -0.0000  (113s)
step   4700  loss 1.9605  A: xgap +0.0014 f 0.992 | B: xgap +0.0007 f 0.016 | ygap A +0.0005 B +0.0004  (115s)
step   4800  loss 1.9653  A: xgap +0.0008 f 0.973 | B: xgap +0.0013 f 0.025 | ygap A +0.0001 B +0.0010  (118s)
step   4900  loss 1.9675  A: xgap +0.0008 f 0.987 | B: xgap +0.0013 f 0.013 | ygap A +0.0003 B +0.0008  (120s)
step   5000  loss 1.9584  A: xgap +0.0013 f 0.982 | B: xgap +0.0003 f 0.020 | ygap A +0.0011 B +0.0001  (122s)
step   5500  loss 1.9622  A: xgap +0.0009 f 0.994 | B: xgap +0.0011 f 0.013 | ygap A +0.0006 B +0.0010  (132s)
step   6000  loss 1.9564  A: xgap +0.0009 f 0.991 | B: xgap +0.0009 f 0.016 | ygap A +0.0005 B +0.0004  (141s)
step   6500  loss 1.9620  A: xgap +0.0010 f 0.995 | B: xgap +0.0012 f 0.019 | ygap A +0.0002 B +0.0010  (151s)
step   7000  loss 1.9581  A: xgap +0.0013 f 0.974 | B: xgap +0.0002 f 0.022 | ygap A +0.0010 B -0.0001  (160s)
step   7500  loss 1.9593  A: xgap +0.0011 f 0.990 | B: xgap +0.0006 f 0.020 | ygap A +0.0009 B +0.0002  (170s)
step   8000  loss 1.9587  A: xgap +0.0007 f 0.981 | B: xgap +0.0004 f 0.029 | ygap A +0.0007 B +0.0002  (180s)
step   8500  loss 1.9624  A: xgap +0.0005 f 0.981 | B: xgap +0.0014 f 0.032 | ygap A +0.0001 B +0.0008  (189s)
step   9000  loss 1.9606  A: xgap +0.0002 f 0.987 | B: xgap +0.0014 f 0.023 | ygap A -0.0002 B +0.0011  (199s)
step   9500  loss 1.9639  A: xgap +0.0006 f 0.994 | B: xgap +0.0010 f 0.016 | ygap A +0.0001 B +0.0008  (208s)
step  10000  loss 1.9529  A: xgap +0.0010 f 0.986 | B: xgap +0.0004 f 0.008 | ygap A +0.0006 B +0.0002  (218s)
saved runs_h/s1/anchored
phase unanchored seed 1 params 705960 device cuda steps 10000 batch 128 init runs_h/s1/pretrain/model.pt
  eval A: refs t>=16  x_unfl 0.9524  x_fl 0.9524  x_bayes 0.9540  y 0.9919  joint_pre 1.9442  joint_anc 1.9456  wA 0.989
  eval B: refs t>=16  x_unfl 0.9552  x_fl 0.9552  x_bayes 0.9572  y 0.9829  joint_pre 1.9381  joint_anc 1.9399  wA 0.014
step      0  A: xgap +0.2918 f -0.007 | B: xgap -0.0013 f -0.008 | ygap A +0.0003 B +0.0010
step     25  loss 2.1868  A: xgap +0.2362 f 0.086 | B: xgap +0.0008 f 0.075 | ygap A -0.0013 B +0.0101  (1s)
step     50  loss 2.0931  A: xgap +0.1378 f 0.298 | B: xgap +0.0242 f 0.279 | ygap A -0.0015 B +0.0738  (1s)
step     75  loss 2.0425  A: xgap +0.0882 f 0.442 | B: xgap +0.0544 f 0.434 | ygap A -0.0013 B +0.2036  (2s)
step    100  loss 2.0268  A: xgap +0.0621 f 0.543 | B: xgap +0.0844 f 0.543 | ygap A -0.0011 B +0.2934  (2s)
step    125  loss 1.9601  A: xgap +0.0172 f 0.846 | B: xgap +0.2057 f 0.837 | ygap A -0.0006 B +0.3345  (3s)
step    150  loss 1.9491  A: xgap +0.0047 f 0.975 | B: xgap +0.2693 f 0.966 | ygap A -0.0010 B +0.3190  (3s)
step    175  loss 1.9564  A: xgap +0.0018 f 1.003 | B: xgap +0.2825 f 0.991 | ygap A -0.0013 B +0.3211  (4s)
step    200  loss 1.9370  A: xgap +0.0009 f 1.000 | B: xgap +0.2822 f 0.990 | ygap A -0.0014 B +0.3128  (4s)
step    225  loss 1.9385  A: xgap +0.0009 f 1.000 | B: xgap +0.2813 f 0.988 | ygap A -0.0017 B +0.3360  (5s)
step    250  loss 1.9550  A: xgap +0.0007 f 0.989 | B: xgap +0.2699 f 0.978 | ygap A -0.0017 B +0.3289  (5s)
step    275  loss 1.9631  A: xgap +0.0008 f 0.994 | B: xgap +0.2745 f 0.986 | ygap A -0.0016 B +0.3291  (6s)
step    300  loss 1.9374  A: xgap +0.0004 f 1.004 | B: xgap +0.2825 f 0.996 | ygap A -0.0017 B +0.3306  (7s)
step    325  loss 1.9605  A: xgap +0.0005 f 0.986 | B: xgap +0.2706 f 0.979 | ygap A -0.0018 B +0.3325  (7s)
step    350  loss 1.9553  A: xgap +0.0003 f 0.985 | B: xgap +0.2750 f 0.980 | ygap A -0.0018 B +0.3378  (8s)
step    375  loss 1.9515  A: xgap +0.0004 f 0.998 | B: xgap +0.2807 f 0.992 | ygap A -0.0016 B +0.3423  (8s)
step    400  loss 1.9358  A: xgap +0.0004 f 0.997 | B: xgap +0.2771 f 0.991 | ygap A -0.0018 B +0.3434  (9s)
step    425  loss 1.9397  A: xgap +0.0001 f 0.991 | B: xgap +0.2766 f 0.986 | ygap A -0.0018 B +0.3348  (9s)
step    450  loss 1.9465  A: xgap -0.0000 f 1.002 | B: xgap +0.2820 f 0.996 | ygap A -0.0017 B +0.3347  (10s)
step    475  loss 1.9465  A: xgap +0.0001 f 0.989 | B: xgap +0.2763 f 0.987 | ygap A -0.0019 B +0.3419  (10s)
step    500  loss 1.9641  A: xgap +0.0002 f 1.003 | B: xgap +0.2855 f 1.000 | ygap A -0.0017 B +0.3313  (11s)
step    525  loss 1.9505  A: xgap +0.0001 f 0.974 | B: xgap +0.2679 f 0.972 | ygap A -0.0019 B +0.3374  (12s)
step    550  loss 1.9679  A: xgap -0.0001 f 0.992 | B: xgap +0.2789 f 0.990 | ygap A -0.0018 B +0.3431  (12s)
step    575  loss 1.9453  A: xgap -0.0004 f 0.990 | B: xgap +0.2786 f 0.988 | ygap A -0.0019 B +0.3363  (13s)
step    600  loss 1.9559  A: xgap -0.0001 f 1.004 | B: xgap +0.2875 f 1.000 | ygap A -0.0018 B +0.3395  (13s)
step    625  loss 1.9424  A: xgap -0.0001 f 0.988 | B: xgap +0.2789 f 0.984 | ygap A -0.0018 B +0.3344  (14s)
step    650  loss 1.9487  A: xgap -0.0003 f 0.998 | B: xgap +0.2826 f 0.993 | ygap A -0.0014 B +0.3298  (14s)
step    675  loss 1.9567  A: xgap -0.0003 f 0.996 | B: xgap +0.2783 f 0.990 | ygap A -0.0018 B +0.3336  (15s)
step    700  loss 1.9469  A: xgap -0.0001 f 0.992 | B: xgap +0.2796 f 0.987 | ygap A -0.0018 B +0.3313  (16s)
step    725  loss 1.9554  A: xgap -0.0001 f 1.010 | B: xgap +0.2888 f 1.004 | ygap A -0.0018 B +0.3395  (16s)
step    750  loss 1.9514  A: xgap -0.0001 f 1.000 | B: xgap +0.2862 f 0.996 | ygap A -0.0019 B +0.3347  (17s)
step    775  loss 1.9620  A: xgap -0.0002 f 0.997 | B: xgap +0.2835 f 0.995 | ygap A -0.0019 B +0.3245  (17s)
step    800  loss 1.9680  A: xgap -0.0002 f 1.005 | B: xgap +0.2901 f 1.003 | ygap A -0.0017 B +0.3281  (18s)
step    825  loss 1.9617  A: xgap -0.0005 f 0.986 | B: xgap +0.2730 f 0.981 | ygap A -0.0017 B +0.3312  (18s)
step    850  loss 1.9509  A: xgap -0.0003 f 1.003 | B: xgap +0.2843 f 1.000 | ygap A -0.0019 B +0.3347  (19s)
step    875  loss 1.9528  A: xgap -0.0005 f 0.989 | B: xgap +0.2748 f 0.985 | ygap A -0.0018 B +0.3306  (19s)
step    900  loss 1.9529  A: xgap -0.0002 f 0.988 | B: xgap +0.2759 f 0.984 | ygap A -0.0016 B +0.3452  (20s)
step    925  loss 1.9591  A: xgap -0.0005 f 0.992 | B: xgap +0.2809 f 0.991 | ygap A -0.0019 B +0.3412  (20s)
step    950  loss 1.9374  A: xgap -0.0000 f 1.011 | B: xgap +0.2940 f 1.008 | ygap A -0.0017 B +0.3372  (21s)
step    975  loss 1.9369  A: xgap -0.0004 f 1.004 | B: xgap +0.2858 f 1.001 | ygap A -0.0018 B +0.3447  (22s)
step   1000  loss 1.9345  A: xgap -0.0002 f 0.994 | B: xgap +0.2835 f 0.993 | ygap A -0.0018 B +0.3431  (23s)
step   1100  loss 1.9399  A: xgap -0.0006 f 0.997 | B: xgap +0.2837 f 0.997 | ygap A -0.0014 B +0.3351  (24s)
step   1200  loss 1.9514  A: xgap -0.0002 f 1.001 | B: xgap +0.2836 f 1.000 | ygap A -0.0016 B +0.3223  (26s)
step   1300  loss 1.9454  A: xgap -0.0007 f 1.009 | B: xgap +0.2919 f 1.008 | ygap A -0.0016 B +0.3387  (27s)
step   1400  loss 1.9641  A: xgap -0.0003 f 0.995 | B: xgap +0.2812 f 0.994 | ygap A -0.0016 B +0.3335  (29s)
step   1500  loss 1.9499  A: xgap -0.0009 f 1.005 | B: xgap +0.2894 f 1.005 | ygap A -0.0020 B +0.3370  (31s)
step   1600  loss 1.9518  A: xgap -0.0004 f 0.988 | B: xgap +0.2758 f 0.987 | ygap A -0.0019 B +0.3498  (32s)
step   1700  loss 1.9611  A: xgap -0.0002 f 0.982 | B: xgap +0.2750 f 0.981 | ygap A -0.0018 B +0.3348  (34s)
step   1800  loss 1.9499  A: xgap -0.0006 f 1.001 | B: xgap +0.2864 f 1.001 | ygap A -0.0016 B +0.3348  (36s)
step   1900  loss 1.9606  A: xgap -0.0006 f 0.982 | B: xgap +0.2737 f 0.983 | ygap A -0.0018 B +0.3464  (37s)
step   2000  loss 1.9627  A: xgap -0.0007 f 1.001 | B: xgap +0.2889 f 1.001 | ygap A -0.0018 B +0.3393  (39s)
step   2100  loss 1.9515  A: xgap -0.0007 f 0.992 | B: xgap +0.2814 f 0.993 | ygap A -0.0018 B +0.3388  (40s)
step   2200  loss 1.9367  A: xgap -0.0006 f 1.008 | B: xgap +0.2918 f 1.009 | ygap A -0.0018 B +0.3402  (42s)
step   2300  loss 1.9567  A: xgap -0.0003 f 0.986 | B: xgap +0.2747 f 0.988 | ygap A -0.0016 B +0.3451  (44s)
step   2400  loss 1.9459  A: xgap -0.0007 f 0.987 | B: xgap +0.2766 f 0.988 | ygap A -0.0017 B +0.3364  (45s)
step   2500  loss 1.9447  A: xgap -0.0007 f 0.993 | B: xgap +0.2825 f 0.994 | ygap A -0.0019 B +0.3383  (47s)
step   2600  loss 1.9516  A: xgap -0.0006 f 1.008 | B: xgap +0.2905 f 1.010 | ygap A -0.0018 B +0.3454  (48s)
step   2700  loss 1.9480  A: xgap -0.0008 f 0.996 | B: xgap +0.2823 f 0.997 | ygap A -0.0019 B +0.3347  (50s)
step   2800  loss 1.9372  A: xgap -0.0006 f 0.996 | B: xgap +0.2806 f 0.997 | ygap A -0.0019 B +0.3438  (52s)
step   2900  loss 1.9486  A: xgap -0.0004 f 0.998 | B: xgap +0.2833 f 0.998 | ygap A -0.0019 B +0.3526  (53s)
step   3000  loss 1.9651  A: xgap -0.0008 f 1.006 | B: xgap +0.2881 f 1.006 | ygap A -0.0020 B +0.3405  (55s)
step   3100  loss 1.9607  A: xgap -0.0008 f 0.990 | B: xgap +0.2778 f 0.990 | ygap A -0.0020 B +0.3444  (56s)
step   3200  loss 1.9536  A: xgap -0.0008 f 0.994 | B: xgap +0.2835 f 0.995 | ygap A -0.0020 B +0.3430  (58s)
step   3300  loss 1.9564  A: xgap -0.0008 f 1.001 | B: xgap +0.2858 f 1.001 | ygap A -0.0019 B +0.3380  (60s)
step   3400  loss 1.9548  A: xgap -0.0008 f 1.001 | B: xgap +0.2849 f 1.001 | ygap A -0.0020 B +0.3408  (61s)
step   3500  loss 1.9569  A: xgap -0.0007 f 0.994 | B: xgap +0.2806 f 0.994 | ygap A -0.0020 B +0.3477  (63s)
step   3600  loss 1.9363  A: xgap -0.0008 f 1.014 | B: xgap +0.2956 f 1.015 | ygap A -0.0018 B +0.3462  (65s)
step   3700  loss 1.9571  A: xgap -0.0008 f 1.014 | B: xgap +0.2937 f 1.016 | ygap A -0.0018 B +0.3400  (66s)
step   3800  loss 1.9544  A: xgap -0.0010 f 0.988 | B: xgap +0.2784 f 0.989 | ygap A -0.0019 B +0.3379  (68s)
step   3900  loss 1.9344  A: xgap -0.0003 f 1.009 | B: xgap +0.2917 f 1.011 | ygap A -0.0020 B +0.3424  (69s)
step   4000  loss 1.9596  A: xgap -0.0009 f 1.008 | B: xgap +0.2912 f 1.010 | ygap A -0.0018 B +0.3403  (71s)
step   4100  loss 1.9569  A: xgap -0.0009 f 0.997 | B: xgap +0.2858 f 0.998 | ygap A -0.0015 B +0.3477  (73s)
step   4200  loss 1.9568  A: xgap -0.0009 f 0.992 | B: xgap +0.2818 f 0.993 | ygap A -0.0020 B +0.3357  (74s)
step   4300  loss 1.9474  A: xgap -0.0006 f 0.998 | B: xgap +0.2857 f 0.999 | ygap A -0.0020 B +0.3352  (76s)
step   4400  loss 1.9469  A: xgap -0.0007 f 0.995 | B: xgap +0.2814 f 0.995 | ygap A -0.0019 B +0.3538  (78s)
step   4500  loss 1.9554  A: xgap -0.0007 f 0.996 | B: xgap +0.2844 f 0.996 | ygap A -0.0021 B +0.3477  (79s)
step   4600  loss 1.9520  A: xgap -0.0005 f 0.991 | B: xgap +0.2848 f 0.994 | ygap A -0.0020 B +0.3437  (81s)
step   4700  loss 1.9465  A: xgap -0.0009 f 0.987 | B: xgap +0.2782 f 0.988 | ygap A -0.0018 B +0.3401  (83s)
step   4800  loss 1.9517  A: xgap -0.0009 f 0.996 | B: xgap +0.2836 f 0.997 | ygap A -0.0019 B +0.3365  (84s)
step   4900  loss 1.9531  A: xgap -0.0003 f 1.007 | B: xgap +0.2891 f 1.009 | ygap A -0.0019 B +0.3400  (86s)
step   5000  loss 1.9350  A: xgap -0.0007 f 0.994 | B: xgap +0.2821 f 0.996 | ygap A -0.0019 B +0.3394  (88s)
step   5500  loss 1.9347  A: xgap -0.0008 f 1.000 | B: xgap +0.2860 f 1.001 | ygap A -0.0020 B +0.3443  (94s)
step   6000  loss 1.9493  A: xgap -0.0004 f 1.001 | B: xgap +0.2854 f 1.004 | ygap A -0.0020 B +0.3461  (101s)
step   6500  loss 1.9462  A: xgap -0.0010 f 0.990 | B: xgap +0.2773 f 0.990 | ygap A -0.0021 B +0.3451  (107s)
step   7000  loss 1.9408  A: xgap -0.0010 f 0.987 | B: xgap +0.2771 f 0.989 | ygap A -0.0019 B +0.3415  (113s)
step   7500  loss 1.9438  A: xgap -0.0009 f 0.991 | B: xgap +0.2802 f 0.992 | ygap A -0.0018 B +0.3465  (120s)
step   8000  loss 1.9482  A: xgap -0.0008 f 0.992 | B: xgap +0.2797 f 0.993 | ygap A -0.0019 B +0.3423  (127s)
step   8500  loss 1.9490  A: xgap -0.0010 f 1.004 | B: xgap +0.2873 f 1.005 | ygap A -0.0019 B +0.3454  (133s)
step   9000  loss 1.9620  A: xgap -0.0009 f 1.010 | B: xgap +0.2939 f 1.011 | ygap A -0.0019 B +0.3397  (139s)
step   9500  loss 1.9563  A: xgap -0.0010 f 1.003 | B: xgap +0.2896 f 1.003 | ygap A -0.0020 B +0.3418  (146s)
step  10000  loss 1.9567  A: xgap -0.0010 f 1.000 | B: xgap +0.2851 f 1.001 | ygap A -0.0021 B +0.3444  (152s)
saved runs_h/s1/unanchored
PIPELINE DONE seed 1 Fri Sep 11 02:13:30 UTC 2026
