phase pretrain seed 0 params 705960 device cuda steps 20000 batch 256 init None
  eval A: refs t>=16  x_unfl 0.8469  x_fl 0.8469  x_bayes 0.8496  y 0.9919  joint_pre 1.8387  joint_anc 1.8411  wA 0.989
  eval B: refs t>=16  x_unfl 0.8460  x_fl 0.8460  x_bayes 0.8494  y 0.9829  joint_pre 1.8289  joint_anc 1.8320  wA 0.014
step      0  A: xgap +0.3069 f 0.457 | B: xgap +0.3073 f 0.457 | ygap A +0.1619 B +0.1439
step   1000  loss 1.8580  A: xgap +0.0023 f 0.006 | B: xgap +0.0024 f 0.004 | ygap A +0.0027 B +0.0044  (23s)
step   2000  loss 1.8444  A: xgap +0.0015 f 0.003 | B: xgap +0.0014 f 0.001 | ygap A +0.0025 B +0.0030  (46s)
step   3000  loss 1.8560  A: xgap +0.0009 f 0.004 | B: xgap +0.0012 f 0.005 | ygap A +0.0007 B +0.0039  (68s)
step   4000  loss 1.8561  A: xgap +0.0008 f -0.006 | B: xgap +0.0009 f -0.008 | ygap A +0.0007 B +0.0023  (91s)
step   5000  loss 1.8454  A: xgap +0.0008 f -0.001 | B: xgap +0.0010 f -0.001 | ygap A +0.0006 B +0.0014  (114s)
step   6000  loss 1.8685  A: xgap +0.0007 f -0.001 | B: xgap +0.0006 f -0.003 | ygap A +0.0008 B +0.0009  (136s)
step   7000  loss 1.8570  A: xgap +0.0005 f -0.000 | B: xgap +0.0005 f 0.003 | ygap A +0.0013 B +0.0002  (159s)
step   8000  loss 1.8415  A: xgap +0.0007 f 0.001 | B: xgap +0.0006 f -0.002 | ygap A +0.0009 B +0.0011  (182s)
step   9000  loss 1.8441  A: xgap +0.0007 f -0.012 | B: xgap +0.0007 f -0.009 | ygap A +0.0003 B +0.0011  (204s)
step  10000  loss 1.8511  A: xgap +0.0005 f 0.001 | B: xgap +0.0003 f 0.000 | ygap A -0.0001 B +0.0018  (227s)
step  11000  loss 1.8588  A: xgap +0.0004 f 0.006 | B: xgap +0.0006 f 0.008 | ygap A +0.0007 B +0.0007  (250s)
step  12000  loss 1.8447  A: xgap +0.0003 f -0.002 | B: xgap +0.0003 f -0.003 | ygap A +0.0009 B +0.0004  (273s)
step  13000  loss 1.8409  A: xgap +0.0003 f 0.001 | B: xgap +0.0002 f 0.003 | ygap A +0.0001 B +0.0009  (296s)
step  14000  loss 1.8487  A: xgap +0.0003 f -0.002 | B: xgap +0.0003 f -0.000 | ygap A +0.0002 B +0.0007  (319s)
step  15000  loss 1.8542  A: xgap +0.0002 f 0.001 | B: xgap +0.0004 f 0.001 | ygap A +0.0005 B +0.0004  (342s)
step  16000  loss 1.8467  A: xgap +0.0002 f 0.004 | B: xgap +0.0002 f 0.004 | ygap A +0.0004 B +0.0007  (365s)
step  17000  loss 1.8427  A: xgap +0.0001 f -0.002 | B: xgap +0.0002 f -0.003 | ygap A +0.0010 B -0.0000  (388s)
step  18000  loss 1.8477  A: xgap +0.0003 f 0.008 | B: xgap +0.0003 f 0.008 | ygap A +0.0005 B +0.0003  (413s)
step  19000  loss 1.8343  A: xgap +0.0005 f 0.001 | B: xgap +0.0003 f 0.002 | ygap A -0.0003 B +0.0011  (444s)
step  20000  loss 1.8563  A: xgap +0.0002 f 0.005 | B: xgap +0.0002 f 0.006 | ygap A -0.0002 B +0.0011  (474s)
saved runs/s0/pretrain
