phase pretrain seed 1 params 705960 device cuda steps 20000 batch 256 init None
  eval A: refs t>=16  x_unfl 0.8469  x_fl 0.8469  x_bayes 0.8496  y 0.9919  joint_pre 1.8387  joint_anc 1.8411  wA 0.989
  eval B: refs t>=16  x_unfl 0.8460  x_fl 0.8460  x_bayes 0.8494  y 0.9829  joint_pre 1.8289  joint_anc 1.8320  wA 0.014
step      0  A: xgap +0.3261 f 0.557 | B: xgap +0.3272 f 0.557 | ygap A +0.1366 B +0.1534
step   1000  loss 1.8604  A: xgap +0.0020 f 0.009 | B: xgap +0.0018 f 0.007 | ygap A +0.0031 B +0.0054  (23s)
step   2000  loss 1.8479  A: xgap +0.0011 f 0.013 | B: xgap +0.0014 f 0.010 | ygap A +0.0011 B +0.0051  (46s)
step   3000  loss 1.8644  A: xgap +0.0015 f -0.001 | B: xgap +0.0017 f -0.002 | ygap A +0.0013 B +0.0029  (69s)
step   4000  loss 1.8528  A: xgap +0.0007 f -0.002 | B: xgap +0.0007 f 0.001 | ygap A +0.0012 B +0.0018  (91s)
step   5000  loss 1.8436  A: xgap +0.0004 f 0.001 | B: xgap +0.0006 f 0.004 | ygap A +0.0016 B +0.0009  (114s)
step   6000  loss 1.8466  A: xgap +0.0003 f -0.000 | B: xgap +0.0005 f 0.001 | ygap A +0.0007 B +0.0010  (137s)
step   7000  loss 1.8443  A: xgap +0.0002 f 0.002 | B: xgap +0.0004 f 0.003 | ygap A +0.0007 B +0.0011  (160s)
step   8000  loss 1.8383  A: xgap +0.0005 f 0.006 | B: xgap +0.0004 f 0.005 | ygap A +0.0025 B -0.0001  (182s)
step   9000  loss 1.8477  A: xgap +0.0004 f 0.008 | B: xgap +0.0005 f 0.009 | ygap A +0.0008 B +0.0007  (205s)
step  10000  loss 1.8350  A: xgap +0.0005 f 0.012 | B: xgap +0.0004 f 0.009 | ygap A +0.0005 B +0.0007  (228s)
step  11000  loss 1.8437  A: xgap +0.0003 f 0.001 | B: xgap +0.0003 f 0.001 | ygap A +0.0006 B +0.0004  (251s)
step  12000  loss 1.8489  A: xgap +0.0003 f -0.008 | B: xgap +0.0003 f -0.006 | ygap A +0.0006 B +0.0008  (274s)
step  13000  loss 1.8544  A: xgap +0.0003 f -0.004 | B: xgap +0.0003 f -0.002 | ygap A +0.0005 B +0.0007  (297s)
step  14000  loss 1.8411  A: xgap +0.0002 f 0.001 | B: xgap +0.0003 f 0.002 | ygap A +0.0002 B +0.0010  (319s)
step  15000  loss 1.8524  A: xgap +0.0002 f -0.000 | B: xgap +0.0002 f 0.003 | ygap A +0.0001 B +0.0009  (342s)
step  16000  loss 1.8561  A: xgap +0.0002 f 0.002 | B: xgap +0.0002 f 0.003 | ygap A +0.0002 B +0.0007  (365s)
step  17000  loss 1.8574  A: xgap +0.0004 f -0.007 | B: xgap +0.0002 f -0.007 | ygap A +0.0007 B +0.0004  (389s)
step  18000  loss 1.8331  A: xgap +0.0002 f -0.000 | B: xgap +0.0003 f -0.004 | ygap A -0.0000 B +0.0011  (414s)
step  19000  loss 1.8534  A: xgap +0.0003 f 0.001 | B: xgap +0.0002 f 0.004 | ygap A +0.0008 B +0.0002  (445s)
step  20000  loss 1.8465  A: xgap +0.0002 f -0.005 | B: xgap +0.0003 f -0.005 | ygap A +0.0008 B +0.0002  (475s)
saved runs/s1/pretrain
