ckpt runs/s2/anchored/model.pt
capture   R2 hmm1(A/B/pool)      R2 case(pool)  R2 logit_w(pool)  | ovl hmm1 A-B  hmm1-case
  emb     0.944/0.944/0.944      0.357        -0.000        |   1.000       0.036
  L1attn  0.993/0.993/0.993      0.455        0.000        |   0.913       0.094
  L1mlp   0.991/0.991/0.991      0.562        0.182        |   0.944       0.050
  L2attn  0.993/0.993/0.993      0.688        0.508        |   0.952       0.051
  L2mlp   0.994/0.995/0.994      0.688        0.463        |   0.894       0.026
  L3attn  0.993/0.994/0.993      0.830        0.876        |   0.890       0.089
  L3mlp   0.991/0.994/0.988      0.951        0.919        |   0.527       0.144
  L4attn  0.990/0.994/0.987      0.970        0.937        |   0.503       0.069
  L4mlp   0.991/0.994/0.987      0.969        0.933        |   0.518       0.092
transfer from ref (pool hmm1 probe): capture  A_r2  A_r2_sigma  B_r2  B_r2_sigma | w: A B
  emb     0.943  -0.956  0.943  -0.956 | -4.661 -4.508
  L1attn  0.969  -0.994  0.968  -0.994 | -9.511 -1.760
  L1mlp   0.868  -1.250  0.865  -1.255 | -8.515 -3.552
  L2attn  0.907  -0.828  0.911  -1.004 | -63.022 -36.610
  L2mlp   0.616  0.166  0.700  -0.137 | -28.569 -20.991
  L3attn  0.167  0.305  0.836  -0.386 | -34.047 -106.694
  L3mlp   -1.160  0.844  0.861  -1.040 | -88.590 -17.785
  L4attn  -1.425  0.834  0.866  -1.076 | -70.352 -15.753
  L4mlp   -1.939  0.751  0.817  -1.398 | -55.194 -27.107
interventions (t>=16): site:kind  ctx  d_x_unfl  d_x_fl   d_y    f0->f (f_expl)  |dresid|/|resid|  [casePATCH: f of other ctx]
  emb:hmm1             A   -0.122   +0.038  +0.001   0.99->0.84 (0.93)   0.350
  emb:hmm1             B   +0.034   -0.110  +0.001   0.01->0.14 (0.30)   0.350
  emb:case             A   -0.169   +0.025  +0.044   0.99->0.82 (0.97)   0.475
  emb:case             B   +0.218   -0.433  +0.178   0.01->0.66 (0.94)   0.475
  emb:casePATCH        A   -0.499   +0.472  +0.246   0.99->0.04 (0.13)   nan  other-ctx f 0.01
  emb:casePATCH        B   +0.482   -0.501  +0.219   0.01->0.97 (0.99)   nan  other-ctx f 0.99
  L1attn:hmm1          A   -0.120   +0.046  +0.001   0.99->0.83 (0.91)   0.374
  L1attn:hmm1          B   +0.046   -0.119  +0.001   0.01->0.17 (0.29)   0.372
  L1attn:case          A   -0.184   +0.026  +0.027   0.99->0.80 (0.97)   0.576
  L1attn:case          B   +0.173   -0.414  +0.182   0.01->0.59 (0.94)   0.585
  L1attn:casePATCH     A   -0.500   +0.471  +0.244   0.99->0.04 (0.18)   nan  other-ctx f 0.01
  L1attn:casePATCH     B   +0.484   -0.503  +0.219   0.01->0.97 (0.99)   nan  other-ctx f 0.99
  L1mlp:hmm1           A   -0.133   +0.221  +0.003   0.99->0.64 (0.57)   0.426
  L1mlp:hmm1           B   +0.223   -0.129  +0.001   0.01->0.36 (0.30)   0.424
  L1mlp:case           A   -0.319   +0.089  +0.103   0.99->0.60 (0.92)   0.606
  L1mlp:case           B   +0.204   -0.427  +0.128   0.01->0.64 (0.93)   0.585
  L1mlp:casePATCH      A   -0.501   +0.473  +0.256   0.99->0.04 (0.19)   nan  other-ctx f 0.01
  L1mlp:casePATCH      B   +0.484   -0.503  +0.222   0.01->0.97 (0.99)   nan  other-ctx f 0.99
  L2attn:hmm1          A   -0.100   +0.263  +0.002   0.99->0.63 (0.51)   0.445
  L2attn:hmm1          B   +0.259   -0.087  +0.001   0.01->0.36 (0.25)   0.451
  L2attn:case          A   -0.073   +0.004  +0.098   0.99->0.93 (0.99)   0.551
  L2attn:case          B   +0.262   -0.443  +0.131   0.01->0.71 (0.92)   0.564
  L2attn:casePATCH     A   -0.493   +0.434  +0.244   0.99->0.08 (0.27)   nan  other-ctx f 0.01
  L2attn:casePATCH     B   +0.465   -0.500  +0.216   0.01->0.95 (0.99)   nan  other-ctx f 0.99
  L2mlp:hmm1           A   -0.144   +0.196  +0.003   0.99->0.65 (0.61)   0.413
  L2mlp:hmm1           B   +0.189   -0.129  +0.002   0.01->0.34 (0.29)   0.428
  L2mlp:case           A   -0.166   +0.020  +0.100   0.99->0.83 (0.98)   0.577
  L2mlp:case           B   +0.239   -0.447  +0.125   0.01->0.70 (0.94)   0.569
  L2mlp:casePATCH      A   -0.495   +0.422  +0.253   0.99->0.09 (0.37)   nan  other-ctx f 0.01
  L2mlp:casePATCH      B   +0.454   -0.499  +0.223   0.01->0.94 (0.99)   nan  other-ctx f 0.99
  L3attn:hmm1          A   -0.105   +0.170  +0.002   0.99->0.71 (0.66)   0.373
  L3attn:hmm1          B   +0.155   -0.078  +0.002   0.01->0.26 (0.21)   0.353
  L3attn:case          A   -0.233   +0.035  +0.103   0.99->0.76 (0.98)   0.628
  L3attn:case          B   +0.052   -0.268  +0.113   0.01->0.30 (0.83)   0.628
  L3attn:casePATCH     A   -0.455   +0.298  +0.246   0.99->0.24 (0.56)   nan  other-ctx f 0.01
  L3attn:casePATCH     B   +0.328   -0.469  +0.226   0.01->0.80 (0.95)   nan  other-ctx f 0.99
  L3mlp:hmm1           A   +0.030   +0.121  +0.002   0.99->0.86 (0.77)   0.406
  L3mlp:hmm1           B   +0.117   +0.072  +0.001   0.01->0.10 (0.04)   0.383
  L3mlp:case           A   -0.024   +0.001  +0.104   0.99->0.97 (0.99)   0.467
  L3mlp:case           B   +0.001   -0.037  +0.112   0.01->0.04 (0.20)   0.451
  L3mlp:casePATCH      A   -0.076   +0.006  +0.228   0.99->0.92 (0.99)   nan  other-ctx f 0.01
  L3mlp:casePATCH      B   +0.009   -0.097  +0.219   0.01->0.10 (0.49)   nan  other-ctx f 0.99
  L4attn:hmm1          A   +0.037   +0.120  +0.001   0.99->0.87 (0.77)   0.385
  L4attn:hmm1          B   +0.116   +0.074  +0.001   0.01->0.09 (0.04)   0.343
  L4attn:case          A   -0.015   +0.001  +0.100   0.99->0.98 (0.99)   0.519
  L4attn:case          B   +0.001   -0.027  +0.110   0.01->0.03 (0.14)   0.561
  L4attn:casePATCH     A   -0.064   +0.004  +0.238   0.99->0.93 (0.99)   nan  other-ctx f 0.01
  L4attn:casePATCH     B   +0.006   -0.081  +0.217   0.01->0.08 (0.49)   nan  other-ctx f 0.99
  L4mlp:hmm1           A   +0.109   +0.116  +0.001   0.99->0.92 (0.79)   0.352
  L4mlp:hmm1           B   +0.113   +0.128  +0.001   0.01->0.07 (0.02)   0.333
  L4mlp:case           A   +0.046   +0.002  +0.108   0.99->1.02 (0.99)   0.345
  L4mlp:case           B   +0.001   +0.032  +0.115   0.01->-0.01 (0.17)   0.399
  L4mlp:casePATCH      A   +0.007   +0.001  +0.257   0.99->0.99 (0.99)   nan  other-ctx f 0.01
  L4mlp:casePATCH      B   +0.001   -0.016  +0.226   0.01->0.03 (0.12)   nan  other-ctx f 0.99
  ALL:hmm1             A   -0.175   +0.232  +0.003   0.99->0.58 (0.54)   0.508
  ALL:hmm1             B   +0.214   -0.161  +0.001   0.01->0.39 (0.35)   0.502
  ALL:case             A   -0.433   +0.218  +0.109   0.99->0.34 (0.78)   0.699
  ALL:case             B   +0.072   -0.286  +0.115   0.01->0.34 (0.77)   0.675
  L4mlp:hmm1_DECODER   A   +0.005   +0.001  +0.000   0.99->0.98 (0.99)   0.111
  L4mlp:hmm1_DECODER   B   +0.001   +0.002  -0.000   0.01->0.02 (0.04)   0.114
per-history Spearman(f_n, w_A,n) at t=3..12:
  A: t3:+0.89(n=1127)  t4:+0.96(n=1124)  t5:+0.94(n=1140)  t6:+0.93(n=1156)  t7:+0.91(n=1142)  t8:+0.89(n=1125)  t9:+0.85(n=1143)  t10:+0.83(n=1111)  t11:+0.81(n=1116)  t12:+0.77(n=1131)
  B: t3:+0.71(n=1127)  t4:+0.78(n=1124)  t5:+0.84(n=1140)  t6:+0.87(n=1156)  t7:+0.89(n=1142)  t8:+0.92(n=1125)  t9:+0.91(n=1143)  t10:+0.89(n=1111)  t11:+0.87(n=1116)  t12:+0.83(n=1131)
