ckpt runs_h/s0/pretrain/model.pt
capture   R2 hmm1(A/B/pool)      R2 case(pool)  R2 logit_w(pool)  | ovl hmm1 A-B  hmm1-case
  emb     0.495/0.495/0.495      0.357        -0.000        |   1.000       0.092
  L1attn  0.795/0.795/0.796      0.382        0.003        |   0.960       0.084
  L1mlp   0.775/0.776/0.775      0.380        0.006        |   0.936       0.024
  L2attn  0.915/0.915/0.915      0.461        0.005        |   0.854       0.108
  L2mlp   0.926/0.926/0.925      0.606        0.291        |   0.931       0.080
  L3attn  0.984/0.984/0.984      0.833        0.613        |   0.949       0.102
  L3mlp   0.988/0.988/0.988      0.895        0.774        |   0.931       0.037
  L4attn  0.992/0.992/0.992      0.968        0.956        |   0.897       0.065
  L4mlp   0.994/0.994/0.994      0.972        0.956        |   0.889       0.084
interventions (t>=16): site:kind  ctx  d_x_unfl  d_x_fl   d_y    f0->f (f_expl)  |dresid|/|resid|  [casePATCH: f of other ctx]
  emb:hmm1             A   +0.095   -0.117  +0.004   0.00->0.37 (0.41)   0.382
  emb:hmm1             B   +0.090   -0.121  +0.000   0.00->0.37 (0.43)   0.382
  emb:case             A   +0.015   -0.011  +0.085   0.00->0.05 (0.06)   0.495
  emb:case             B   +0.013   -0.010  +0.145   0.00->0.05 (0.05)   0.495
  emb:casePATCH        A   +0.010   -0.022  +0.242   0.00->0.06 (0.10)   nan  other-ctx f 0.00
  emb:casePATCH        B   +0.011   -0.023  +0.212   0.00->0.06 (0.10)   nan  other-ctx f 0.00
  L1attn:hmm1          A   +0.087   -0.114  +0.004   0.00->0.35 (0.41)   0.337
  L1attn:hmm1          B   +0.084   -0.118  +0.000   0.00->0.35 (0.42)   0.339
  L1attn:case          A   +0.029   +0.008  +0.081   0.00->0.03 (0.02)   0.465
  L1attn:case          B   +0.027   +0.007  +0.143   0.00->0.03 (0.02)   0.456
  L1attn:casePATCH     A   +0.014   -0.019  +0.229   0.00->0.06 (0.07)   nan  other-ctx f 0.00
  L1attn:casePATCH     B   +0.017   -0.021  +0.209   0.00->0.07 (0.08)   nan  other-ctx f 0.00
  L1mlp:hmm1           A   +0.144   -0.144  +0.007   0.00->0.49 (0.50)   0.452
  L1mlp:hmm1           B   +0.145   -0.144  +0.002   0.00->0.49 (0.50)   0.455
  L1mlp:case           A   +0.065   -0.007  +0.105   0.00->0.13 (0.07)   0.549
  L1mlp:case           B   +0.066   -0.007  +0.117   0.00->0.13 (0.07)   0.542
  L1mlp:casePATCH      A   +0.001   -0.001  +0.264   0.00->0.01 (0.01)   nan  other-ctx f 0.00
  L1mlp:casePATCH      B   +0.000   -0.001  +0.222   0.00->0.01 (0.01)   nan  other-ctx f 0.00
  L2attn:hmm1          A   +0.113   -0.137  +0.003   0.00->0.43 (0.48)   0.436
  L2attn:hmm1          B   +0.115   -0.138  +0.001   0.00->0.43 (0.48)   0.432
  L2attn:case          A   +0.008   +0.022  +0.105   0.00->-0.02 (0.02)   0.561
  L2attn:case          B   +0.008   +0.022  +0.118   0.00->-0.03 (0.02)   0.574
  L2attn:casePATCH     A   +0.001   -0.002  +0.246   0.00->0.01 (0.01)   nan  other-ctx f 0.00
  L2attn:casePATCH     B   +0.001   -0.001  +0.215   0.00->0.01 (0.01)   nan  other-ctx f 0.00
  L2mlp:hmm1           A   +0.122   -0.142  +0.004   0.00->0.45 (0.50)   0.419
  L2mlp:hmm1           B   +0.123   -0.143  -0.000   0.00->0.46 (0.50)   0.423
  L2mlp:case           A   +0.003   +0.038  +0.107   0.00->-0.05 (0.21)   0.559
  L2mlp:case           B   +0.003   +0.039  +0.116   0.00->-0.06 (0.21)   0.559
  L2mlp:casePATCH      A   +0.000   +0.000  +0.257   0.00->0.00 (0.01)   nan  other-ctx f 0.00
  L2mlp:casePATCH      B   -0.000   +0.001  +0.219   0.00->0.00 (0.00)   nan  other-ctx f 0.00
  L3attn:hmm1          A   +0.134   -0.145  +0.001   0.00->0.48 (0.50)   0.474
  L3attn:hmm1          B   +0.135   -0.145  +0.002   0.00->0.48 (0.50)   0.440
  L3attn:case          A   +0.001   +0.022  +0.108   0.00->-0.03 (0.16)   0.476
  L3attn:case          B   +0.001   +0.024  +0.116   0.00->-0.03 (0.18)   0.565
  L3attn:casePATCH     A   +0.000   -0.000  +0.255   0.00->0.01 (0.01)   nan  other-ctx f 0.00
  L3attn:casePATCH     B   -0.000   +0.002  +0.214   0.00->-0.00 (0.00)   nan  other-ctx f 0.00
  L3mlp:hmm1           A   +0.138   -0.147  +0.001   0.00->0.49 (0.51)   0.435
  L3mlp:hmm1           B   +0.138   -0.147  +0.001   0.00->0.49 (0.51)   0.428
  L3mlp:case           A   +0.001   +0.017  +0.114   0.00->-0.02 (0.10)   0.507
  L3mlp:case           B   +0.001   +0.020  +0.116   0.00->-0.03 (0.13)   0.548
  L3mlp:casePATCH      A   +0.000   -0.003  +0.261   0.00->0.01 (0.02)   nan  other-ctx f 0.00
  L3mlp:casePATCH      B   -0.000   +0.004  +0.223   0.00->-0.00 (0.01)   nan  other-ctx f 0.00
  L4attn:hmm1          A   +0.148   -0.145  +0.000   0.00->0.50 (0.50)   0.446
  L4attn:hmm1          B   +0.148   -0.146  +0.001   0.00->0.50 (0.50)   0.466
  L4attn:case          A   +0.000   +0.014  +0.109   0.00->-0.02 (0.08)   0.549
  L4attn:case          B   +0.000   +0.015  +0.115   0.00->-0.02 (0.11)   0.512
  L4attn:casePATCH     A   +0.000   -0.001  +0.264   0.00->0.01 (0.01)   nan  other-ctx f 0.00
  L4attn:casePATCH     B   -0.000   +0.001  +0.226   0.00->0.00 (0.00)   nan  other-ctx f 0.00
  L4mlp:hmm1           A   +0.148   -0.146  +0.001   0.00->0.50 (0.50)   0.332
  L4mlp:hmm1           B   +0.148   -0.146  +0.001   0.00->0.50 (0.50)   0.333
  L4mlp:case           A   +0.000   +0.016  +0.109   0.00->-0.02 (0.11)   0.309
  L4mlp:case           B   +0.000   +0.023  +0.115   0.00->-0.03 (0.19)   0.354
  L4mlp:casePATCH      A   +0.000   -0.005  +0.264   0.00->0.01 (0.04)   nan  other-ctx f 0.00
  L4mlp:casePATCH      B   -0.000   +0.006  +0.223   0.00->-0.01 (0.02)   nan  other-ctx f 0.00
  ALL:hmm1             A   +0.148   -0.146  +0.005   0.00->0.50 (0.50)   0.489
  ALL:hmm1             B   +0.148   -0.146  +0.001   0.00->0.50 (0.50)   0.489
  ALL:case             A   +0.057   -0.024  +0.108   0.00->0.14 (0.10)   0.630
  ALL:case             B   +0.056   -0.021  +0.115   0.00->0.14 (0.10)   0.631
  L4mlp:hmm1_DECODER   A   +0.004   -0.040  -0.000   0.00->0.08 (0.40)   0.121
  L4mlp:hmm1_DECODER   B   +0.004   -0.040  -0.000   0.00->0.08 (0.41)   0.121
per-history Spearman(f_n, w_A,n) at t=3..12:
  A: t3:+0.02(n=1026)  t4:-0.02(n=1059)  t5:+0.01(n=1041)  t6:-0.00(n=1035)  t7:+0.01(n=1045)  t8:+0.05(n=1031)  t9:+0.00(n=1051)  t10:+0.04(n=1028)  t11:+0.06(n=1042)  t12:+0.05(n=1050)
  B: t3:-0.12(n=1026)  t4:-0.01(n=1059)  t5:-0.05(n=1041)  t6:-0.08(n=1035)  t7:-0.02(n=1045)  t8:-0.07(n=1031)  t9:-0.09(n=1051)  t10:-0.11(n=1028)  t11:-0.06(n=1042)  t12:-0.06(n=1050)
