ckpt runs/s2/unanchored/model.pt
capture   R2 hmm1(A/B/pool)      R2 case(pool)  R2 logit_w(pool)  | ovl hmm1 A-B  hmm1-case
  emb     0.944/0.944/0.944      0.357        -0.000        |   1.000       0.035
  L1attn  0.993/0.993/0.993      0.454        0.002        |   0.937       0.181
  L1mlp   0.992/0.992/0.992      0.542        0.155        |   0.967       0.159
  L2attn  0.993/0.993/0.993      0.552        0.173        |   0.962       0.062
  L2mlp   0.997/0.997/0.997      0.598        0.283        |   0.932       0.070
  L3attn  0.997/0.997/0.997      0.665        0.458        |   0.942       0.066
  L3mlp   0.999/0.999/0.999      0.669        0.456        |   0.907       0.095
  L4attn  0.999/0.999/0.999      0.673        0.454        |   0.936       0.097
  L4mlp   0.999/0.999/0.999      0.674        0.454        |   0.942       0.029
transfer from ref (pool hmm1 probe): capture  A_r2  A_r2_sigma  B_r2  B_r2_sigma | w: A B
  emb     0.941  -0.963  0.941  -0.963 | -4.660 -4.509
  L1attn  0.626  -0.083  0.628  -0.078 | -6.383 -4.564
  L1mlp   0.575  -0.820  0.587  -0.793 | -9.974 -9.694
  L2attn  -0.417  0.075  -0.415  0.104 | -240.761 -176.718
  L2mlp   -3.277  0.161  -3.314  0.150 | -65.086 -42.382
  L3attn  -3.328  0.210  -3.359  0.197 | -56.979 -36.128
  L3mlp   -3.942  0.056  -3.954  0.046 | -142.823 -223.736
  L4attn  -4.058  0.055  -4.065  0.048 | -115.062 -181.008
  L4mlp   -3.306  0.409  -3.322  0.401 | -46.195 -44.288
interventions (t>=16): site:kind  ctx  d_x_unfl  d_x_fl   d_y    f0->f (f_expl)  |dresid|/|resid|  [casePATCH: f of other ctx]
  emb:hmm1             A   -0.106   +0.060  +0.001   1.00->0.84 (0.89)   0.357
  emb:hmm1             B   -0.108   +0.061  -0.020   1.00->0.84 (0.88)   0.357
  emb:case             A   -0.006   +0.003  +0.031   1.00->0.99 (0.99)   0.473
  emb:case             B   -0.004   +0.004  -0.080   1.00->0.99 (0.99)   0.473
  emb:casePATCH        A   -0.002   +0.002  +0.161   1.00->0.99 (1.00)   nan  other-ctx f 1.00
  emb:casePATCH        B   -0.002   +0.002  -0.122   1.00->0.99 (1.00)   nan  other-ctx f 1.00
  L1attn:hmm1          A   -0.071   +0.028  +0.001   1.00->0.91 (0.95)   0.509
  L1attn:hmm1          B   -0.072   +0.030  -0.013   1.00->0.90 (0.94)   0.510
  L1attn:case          A   +0.001   +0.001  +0.019   1.00->1.00 (1.00)   0.576
  L1attn:case          B   +0.002   +0.001  -0.057   1.00->1.00 (1.00)   0.576
  L1attn:casePATCH     A   -0.001   +0.000  +0.153   1.00->1.00 (1.00)   nan  other-ctx f 1.00
  L1attn:casePATCH     B   -0.000   +0.000  -0.121   1.00->1.00 (1.00)   nan  other-ctx f 1.00
  L1mlp:hmm1           A   -0.182   +0.322  +0.002   1.00->0.51 (0.41)   0.589
  L1mlp:hmm1           B   -0.186   +0.324  -0.038   1.00->0.50 (0.40)   0.589
  L1mlp:case           A   +0.014   +0.001  +0.111   1.00->1.01 (1.00)   0.557
  L1mlp:case           B   +0.014   +0.001  -0.221   1.00->1.01 (1.00)   0.552
  L1mlp:casePATCH      A   +0.000   +0.000  +0.185   1.00->1.00 (1.00)   nan  other-ctx f 1.00
  L1mlp:casePATCH      B   +0.001   -0.000  -0.121   1.00->1.00 (1.00)   nan  other-ctx f 1.00
  L2attn:hmm1          A   -0.157   +0.342  +0.004   1.00->0.52 (0.39)   0.671
  L2attn:hmm1          B   -0.152   +0.346  -0.034   1.00->0.52 (0.39)   0.688
  L2attn:case          A   +0.016   +0.001  +0.112   1.00->1.01 (1.00)   0.506
  L2attn:case          B   +0.016   +0.001  -0.217   1.00->1.01 (1.00)   0.462
  L2attn:casePATCH     A   -0.000   -0.000  +0.184   1.00->1.00 (1.00)   nan  other-ctx f 1.00
  L2attn:casePATCH     B   +0.000   +0.000  -0.120   1.00->1.00 (1.00)   nan  other-ctx f 1.00
  L2mlp:hmm1           A   -0.238   +0.281  +0.004   1.00->0.50 (0.46)   0.606
  L2mlp:hmm1           B   -0.237   +0.281  -0.035   1.00->0.50 (0.46)   0.617
  L2mlp:case           A   +0.017   +0.000  +0.112   1.00->1.01 (1.00)   0.438
  L2mlp:case           B   +0.018   +0.000  -0.224   1.00->1.01 (1.00)   0.400
  L2mlp:casePATCH      A   -0.002   +0.000  +0.185   1.00->1.00 (1.00)   nan  other-ctx f 1.00
  L2mlp:casePATCH      B   +0.001   -0.000  -0.120   1.00->1.00 (1.00)   nan  other-ctx f 1.00
  L3attn:hmm1          A   -0.238   +0.282  +0.004   1.00->0.50 (0.46)   0.597
  L3attn:hmm1          B   -0.237   +0.282  -0.037   1.00->0.50 (0.46)   0.606
  L3attn:case          A   +0.017   +0.000  +0.113   1.00->1.01 (1.00)   0.435
  L3attn:case          B   +0.018   +0.000  -0.224   1.00->1.01 (1.00)   0.397
  L3attn:casePATCH     A   -0.002   +0.000  +0.185   1.00->1.00 (1.00)   nan  other-ctx f 1.00
  L3attn:casePATCH     B   +0.001   -0.000  -0.121   1.00->1.00 (1.00)   nan  other-ctx f 1.00
  L3mlp:hmm1           A   -0.261   +0.256  +0.002   1.00->0.50 (0.50)   0.606
  L3mlp:hmm1           B   -0.261   +0.256  +0.055   1.00->0.50 (0.50)   0.608
  L3mlp:case           A   +0.018   +0.000  +0.113   1.00->1.01 (1.00)   0.344
  L3mlp:case           B   +0.020   +0.000  -0.224   1.00->1.02 (1.00)   0.317
  L3mlp:casePATCH      A   -0.002   +0.000  +0.185   1.00->1.00 (1.00)   nan  other-ctx f 1.00
  L3mlp:casePATCH      B   +0.002   +0.000  -0.121   1.00->1.00 (1.00)   nan  other-ctx f 1.00
  L4attn:hmm1          A   -0.260   +0.257  +0.002   1.00->0.50 (0.50)   0.557
  L4attn:hmm1          B   -0.260   +0.256  +0.045   1.00->0.50 (0.50)   0.564
  L4attn:case          A   +0.020   +0.000  +0.110   1.00->1.02 (1.00)   0.449
  L4attn:case          B   +0.021   +0.000  -0.226   1.00->1.02 (1.00)   0.417
  L4attn:casePATCH     A   -0.002   +0.000  +0.185   1.00->1.00 (1.00)   nan  other-ctx f 1.00
  L4attn:casePATCH     B   +0.002   +0.000  -0.121   1.00->1.00 (1.00)   nan  other-ctx f 1.00
  L4mlp:hmm1           A   -0.262   +0.255  +0.002   1.00->0.50 (0.50)   0.500
  L4mlp:hmm1           B   -0.262   +0.255  +0.050   1.00->0.50 (0.50)   0.500
  L4mlp:case           A   +0.018   +0.001  +0.110   1.00->1.01 (1.00)   0.324
  L4mlp:case           B   +0.020   +0.001  -0.226   1.00->1.02 (1.00)   0.303
  L4mlp:casePATCH      A   -0.002   +0.000  +0.185   1.00->1.00 (1.00)   nan  other-ctx f 1.00
  L4mlp:casePATCH      B   +0.002   +0.000  -0.120   1.00->1.00 (1.00)   nan  other-ctx f 1.00
  ALL:hmm1             A   -0.260   +0.258  +0.004   1.00->0.50 (0.50)   0.654
  ALL:hmm1             B   -0.259   +0.257  -0.059   1.00->0.50 (0.50)   0.660
  ALL:case             A   -0.011   +0.012  +0.110   1.00->0.97 (0.97)   0.530
  ALL:case             B   -0.008   +0.016  -0.226   1.00->0.97 (0.97)   0.515
  L4mlp:hmm1_DECODER   A   -0.026   +0.000  -0.000   1.00->0.98 (1.00)   0.123
  L4mlp:hmm1_DECODER   B   -0.026   +0.000  +0.003   1.00->0.98 (1.00)   0.123
per-history Spearman(f_n, w_A,n) at t=3..12:
  A: t3:-0.00(n=1127)  t4:-0.01(n=1124)  t5:+0.02(n=1140)  t6:+0.02(n=1156)  t7:-0.01(n=1142)  t8:-0.04(n=1125)  t9:+0.00(n=1143)  t10:-0.03(n=1111)  t11:+0.05(n=1116)  t12:-0.02(n=1131)
  B: t3:+0.05(n=1127)  t4:+0.05(n=1124)  t5:+0.01(n=1140)  t6:+0.01(n=1156)  t7:-0.01(n=1142)  t8:+0.05(n=1125)  t9:+0.01(n=1143)  t10:+0.03(n=1111)  t11:-0.01(n=1116)  t12:-0.02(n=1131)
