ckpt runs_h/s1/unanchored/model.pt
capture   R2 hmm1(A/B/pool)      R2 case(pool)  R2 logit_w(pool)  | ovl hmm1 A-B  hmm1-case
  emb     0.495/0.495/0.495      0.357        -0.000        |   1.000       0.047
  L1attn  0.885/0.885/0.885      0.455        0.002        |   0.788       0.113
  L1mlp   0.888/0.888/0.888      0.521        0.124        |   0.955       0.089
  L2attn  0.937/0.937/0.937      0.532        0.168        |   0.970       0.069
  L2mlp   0.973/0.973/0.973      0.542        0.181        |   0.987       0.034
  L3attn  0.974/0.974/0.974      0.542        0.210        |   0.987       0.211
  L3mlp   0.991/0.991/0.991      0.548        0.204        |   0.968       0.092
  L4attn  0.993/0.994/0.994      0.558        0.196        |   0.976       0.095
  L4mlp   0.995/0.996/0.995      0.561        0.208        |   0.960       0.086
transfer from ref (pool hmm1 probe): capture  A_r2  A_r2_sigma  B_r2  B_r2_sigma | w: A B
  emb     0.495  -0.547  0.495  -0.547 | -4.663 -4.507
  L1attn  -3.986  -3.074  -3.944  -3.016 | -10.331 -11.517
  L1mlp   -0.430  -0.922  -0.429  -0.917 | -4.364 -7.278
  L2attn  -1.161  -6.116  -1.145  -6.113 | -17.015 -31.479
  L2mlp   -0.118  -2.173  -0.106  -2.185 | -40.829 -67.968
  L3attn  -0.291  -0.422  -0.283  -0.421 | -30.892 -30.058
  L3mlp   -7.127  -2.697  -7.235  -2.787 | -49.504 -100.950
  L4attn  -4.047  0.050  -4.117  0.015 | -93.238 -179.214
  L4mlp   -2.563  0.340  -2.573  0.336 | -15.297 -31.949
interventions (t>=16): site:kind  ctx  d_x_unfl  d_x_fl   d_y    f0->f (f_expl)  |dresid|/|resid|  [casePATCH: f of other ctx]
  emb:hmm1             A   -0.090   +0.063  +0.001   1.00->0.73 (0.78)   0.390
  emb:hmm1             B   -0.089   +0.055  -0.017   1.00->0.75 (0.82)   0.391
  emb:case             A   +0.006   +0.012  +0.067   1.00->0.99 (0.96)   0.482
  emb:case             B   +0.005   +0.010  -0.163   1.00->0.99 (0.96)   0.482
  emb:casePATCH        A   -0.008   +0.006  +0.167   1.00->0.98 (0.98)   nan  other-ctx f 1.00
  emb:casePATCH        B   -0.009   +0.008  -0.126   1.00->0.97 (0.97)   nan  other-ctx f 1.00
  L1attn:hmm1          A   -0.071   +0.031  +0.000   1.00->0.82 (0.90)   0.462
  L1attn:hmm1          B   -0.071   +0.031  -0.002   1.00->0.82 (0.90)   0.462
  L1attn:case          A   +0.001   +0.022  +0.046   1.00->0.97 (0.92)   0.501
  L1attn:case          B   +0.001   +0.023  -0.140   1.00->0.96 (0.92)   0.504
  L1attn:casePATCH     A   +0.001   +0.001  +0.150   1.00->1.00 (0.99)   nan  other-ctx f 1.00
  L1attn:casePATCH     B   -0.000   +0.001  -0.122   1.00->1.00 (0.99)   nan  other-ctx f 1.00
  L1mlp:hmm1           A   -0.127   +0.131  +0.000   1.00->0.56 (0.56)   0.501
  L1mlp:hmm1           B   -0.129   +0.131  -0.009   1.00->0.55 (0.56)   0.502
  L1mlp:case           A   +0.024   +0.002  +0.104   1.00->1.04 (0.99)   0.488
  L1mlp:case           B   +0.024   +0.002  -0.224   1.00->1.04 (0.99)   0.488
  L1mlp:casePATCH      A   +0.000   +0.000  +0.186   1.00->1.00 (1.00)   nan  other-ctx f 1.00
  L1mlp:casePATCH      B   -0.001   +0.000  -0.123   1.00->1.00 (1.00)   nan  other-ctx f 1.00
  L2attn:hmm1          A   -0.123   +0.124  +0.000   1.00->0.57 (0.58)   0.593
  L2attn:hmm1          B   -0.123   +0.123  -0.001   1.00->0.57 (0.58)   0.597
  L2attn:case          A   +0.024   +0.001  +0.104   1.00->1.04 (0.99)   0.433
  L2attn:case          B   +0.023   +0.001  -0.224   1.00->1.04 (0.99)   0.423
  L2attn:casePATCH     A   +0.000   +0.000  +0.186   1.00->1.00 (1.00)   nan  other-ctx f 1.00
  L2attn:casePATCH     B   -0.000   +0.000  -0.122   1.00->1.00 (1.00)   nan  other-ctx f 1.00
  L2mlp:hmm1           A   -0.137   +0.140  +0.000   1.00->0.53 (0.53)   0.595
  L2mlp:hmm1           B   -0.137   +0.141  +0.006   1.00->0.53 (0.53)   0.598
  L2mlp:case           A   +0.021   +0.001  +0.109   1.00->1.03 (0.99)   0.435
  L2mlp:case           B   +0.021   +0.002  -0.228   1.00->1.03 (0.99)   0.426
  L2mlp:casePATCH      A   +0.000   -0.000  +0.187   1.00->1.00 (1.00)   nan  other-ctx f 1.00
  L2mlp:casePATCH      B   -0.001   +0.000  -0.122   1.00->1.00 (1.00)   nan  other-ctx f 1.00
  L3attn:hmm1          A   -0.142   +0.144  +0.000   1.00->0.51 (0.52)   0.660
  L3attn:hmm1          B   -0.142   +0.144  +0.007   1.00->0.51 (0.52)   0.673
  L3attn:case          A   +0.013   +0.001  +0.110   1.00->1.02 (1.00)   0.438
  L3attn:case          B   +0.013   +0.001  -0.228   1.00->1.02 (1.00)   0.400
  L3attn:casePATCH     A   -0.000   +0.000  +0.187   1.00->1.00 (1.00)   nan  other-ctx f 1.00
  L3attn:casePATCH     B   -0.000   +0.000  -0.121   1.00->1.00 (1.00)   nan  other-ctx f 1.00
  L3mlp:hmm1           A   -0.151   +0.135  +0.001   1.00->0.51 (0.55)   0.587
  L3mlp:hmm1           B   -0.152   +0.135  +0.032   1.00->0.51 (0.55)   0.593
  L3mlp:case           A   +0.016   +0.001  +0.110   1.00->1.02 (1.00)   0.458
  L3mlp:case           B   +0.016   +0.001  -0.229   1.00->1.03 (1.00)   0.440
  L3mlp:casePATCH      A   -0.000   +0.000  +0.187   1.00->1.00 (1.00)   nan  other-ctx f 1.00
  L3mlp:casePATCH      B   +0.000   +0.000  -0.122   1.00->1.00 (1.00)   nan  other-ctx f 1.00
  L4attn:hmm1          A   -0.143   +0.149  +0.000   1.00->0.50 (0.50)   0.502
  L4attn:hmm1          B   -0.144   +0.149  +0.017   1.00->0.50 (0.50)   0.507
  L4attn:case          A   +0.015   +0.001  +0.110   1.00->1.02 (1.00)   0.474
  L4attn:case          B   +0.015   +0.001  -0.228   1.00->1.02 (1.00)   0.457
  L4attn:casePATCH     A   -0.000   +0.000  +0.187   1.00->1.00 (1.00)   nan  other-ctx f 1.00
  L4attn:casePATCH     B   +0.000   +0.000  -0.121   1.00->1.00 (1.00)   nan  other-ctx f 1.00
  L4mlp:hmm1           A   -0.144   +0.149  +0.001   1.00->0.50 (0.50)   0.356
  L4mlp:hmm1           B   -0.144   +0.150  +0.023   1.00->0.50 (0.50)   0.357
  L4mlp:case           A   +0.010   +0.000  +0.109   1.00->1.01 (1.00)   0.334
  L4mlp:case           B   +0.010   +0.000  -0.229   1.00->1.02 (1.00)   0.321
  L4mlp:casePATCH      A   -0.000   +0.000  +0.187   1.00->1.00 (1.00)   nan  other-ctx f 1.00
  L4mlp:casePATCH      B   +0.000   +0.000  -0.122   1.00->1.00 (1.00)   nan  other-ctx f 1.00
  ALL:hmm1             A   -0.143   +0.148  +0.001   1.00->0.50 (0.50)   0.611
  ALL:hmm1             B   -0.144   +0.148  -0.025   1.00->0.50 (0.50)   0.615
  ALL:case             A   -0.011   +0.048  +0.109   1.00->0.90 (0.83)   0.576
  ALL:case             B   -0.011   +0.046  -0.229   1.00->0.90 (0.84)   0.568
  L4mlp:hmm1_DECODER   A   -0.020   +0.001  -0.000   1.00->0.97 (1.00)   0.093
  L4mlp:hmm1_DECODER   B   -0.020   +0.001  +0.001   1.00->0.97 (1.00)   0.093
per-history Spearman(f_n, w_A,n) at t=3..12:
  A: t3:-0.01(n=1026)  t4:-0.07(n=1059)  t5:+0.02(n=1041)  t6:-0.04(n=1035)  t7:+0.01(n=1045)  t8:-0.03(n=1031)  t9:-0.04(n=1051)  t10:-0.03(n=1028)  t11:-0.05(n=1042)  t12:-0.03(n=1050)
  B: t3:+0.00(n=1026)  t4:-0.02(n=1059)  t5:-0.01(n=1041)  t6:-0.01(n=1035)  t7:+0.00(n=1045)  t8:-0.00(n=1031)  t9:-0.04(n=1051)  t10:+0.00(n=1028)  t11:+0.06(n=1042)  t12:+0.01(n=1050)
