ckpt runs/s1/anchored/model.pt
capture   R2 hmm1(A/B/pool)      R2 case(pool)  R2 logit_w(pool)  | ovl hmm1 A-B  hmm1-case
  emb     0.944/0.944/0.944      0.357        -0.000        |   1.000       0.016
  L1attn  0.993/0.993/0.993      0.455        0.000        |   0.904       0.075
  L1mlp   0.992/0.992/0.992      0.564        0.191        |   0.954       0.015
  L2attn  0.994/0.994/0.994      0.831        0.853        |   0.942       0.056
  L2mlp   0.996/0.997/0.996      0.895        0.887        |   0.807       0.097
  L3attn  0.996/0.997/0.996      0.939        0.955        |   0.783       0.090
  L3mlp   0.996/0.996/0.994      0.974        0.970        |   0.490       0.147
  L4attn  0.996/0.997/0.994      0.979        0.972        |   0.496       0.187
  L4mlp   0.996/0.996/0.994      0.979        0.970        |   0.569       0.087
transfer from ref (pool hmm1 probe): capture  A_r2  A_r2_sigma  B_r2  B_r2_sigma | w: A B
  emb     0.944  -0.965  0.944  -0.965 | -4.663 -4.506
  L1attn  0.969  -0.876  0.970  -0.875 | -6.505 -4.494
  L1mlp   0.961  -0.961  0.950  -0.979 | -7.459 -3.666
  L2attn  0.949  -0.996  0.903  -1.045 | -34.017 -69.515
  L2mlp   0.941  -0.740  0.960  -0.781 | -70.238 -51.058
  L3attn  0.781  -0.882  0.819  -0.965 | -68.422 -72.857
  L3mlp   0.090  0.565  0.913  -1.175 | -54.975 -52.076
  L4attn  0.049  0.596  0.921  -1.144 | -64.272 -64.808
  L4mlp   -0.029  0.678  0.937  -1.007 | -35.231 -48.176
interventions (t>=16): site:kind  ctx  d_x_unfl  d_x_fl   d_y    f0->f (f_expl)  |dresid|/|resid|  [casePATCH: f of other ctx]
  emb:hmm1             A   -0.104   +0.036  +0.002   0.97->0.85 (0.93)   0.389
  emb:hmm1             B   +0.036   -0.115  +0.001   0.02->0.16 (0.37)   0.389
  emb:case             A   -0.001   +0.001  +0.035   0.97->0.97 (0.99)   0.480
  emb:case             B   +0.487   -0.494  +0.218   0.02->0.97 (0.99)   0.480
  emb:casePATCH        A   -0.484   +0.469  +0.250   0.97->0.05 (0.16)   nan  other-ctx f 0.02
  emb:casePATCH        B   +0.480   -0.493  +0.221   0.02->0.96 (0.99)   nan  other-ctx f 0.97
  L1attn:hmm1          A   -0.107   +0.047  +0.001   0.97->0.83 (0.91)   0.382
  L1attn:hmm1          B   +0.051   -0.119  +0.001   0.02->0.19 (0.33)   0.378
  L1attn:case          A   +0.012   -0.002  +0.023   0.97->0.99 (1.00)   0.587
  L1attn:case          B   +0.498   -0.498  +0.242   0.02->0.99 (1.00)   0.599
  L1attn:casePATCH     A   -0.488   +0.475  +0.248   0.97->0.04 (0.20)   nan  other-ctx f 0.02
  L1attn:casePATCH     B   +0.484   -0.495  +0.221   0.02->0.97 (0.99)   nan  other-ctx f 0.97
  L1mlp:hmm1           A   -0.203   +0.260  +0.004   0.97->0.53 (0.49)   0.427
  L1mlp:hmm1           B   +0.255   -0.203  +0.004   0.02->0.47 (0.43)   0.424
  L1mlp:case           A   -0.446   +0.240  +0.111   0.97->0.29 (0.92)   0.710
  L1mlp:case           B   +0.047   -0.265  +0.119   0.02->0.30 (0.92)   0.674
  L1mlp:casePATCH      A   -0.489   +0.484  +0.258   0.97->0.03 (0.18)   nan  other-ctx f 0.02
  L1mlp:casePATCH      B   +0.482   -0.495  +0.222   0.02->0.97 (0.99)   nan  other-ctx f 0.97
  L2attn:hmm1          A   -0.171   +0.311  +0.003   0.97->0.51 (0.42)   0.417
  L2attn:hmm1          B   +0.303   -0.180  +0.003   0.02->0.48 (0.40)   0.407
  L2attn:case          A   -0.165   +0.024  +0.106   0.97->0.81 (0.97)   0.623
  L2attn:case          B   +0.096   -0.327  +0.113   0.02->0.42 (0.85)   0.632
  L2attn:casePATCH     A   -0.487   +0.462  +0.247   0.97->0.05 (0.24)   nan  other-ctx f 0.02
  L2attn:casePATCH     B   +0.453   -0.486  +0.212   0.02->0.93 (0.97)   nan  other-ctx f 0.97
  L2mlp:hmm1           A   -0.218   +0.250  +0.004   0.97->0.52 (0.51)   0.437
  L2mlp:hmm1           B   +0.243   -0.215  +0.004   0.02->0.47 (0.45)   0.453
  L2mlp:case           A   -0.144   +0.019  +0.107   0.97->0.84 (0.98)   0.576
  L2mlp:case           B   +0.215   -0.427  +0.118   0.02->0.66 (0.93)   0.567
  L2mlp:casePATCH      A   -0.485   +0.456  +0.252   0.97->0.06 (0.24)   nan  other-ctx f 0.02
  L2mlp:casePATCH      B   +0.468   -0.492  +0.223   0.02->0.95 (0.98)   nan  other-ctx f 0.97
  L3attn:hmm1          A   -0.219   +0.242  +0.003   0.97->0.53 (0.52)   0.390
  L3attn:hmm1          B   +0.241   -0.214  +0.003   0.02->0.46 (0.45)   0.381
  L3attn:case          A   -0.354   +0.106  +0.110   0.97->0.53 (0.96)   0.649
  L3attn:case          B   +0.124   -0.374  +0.115   0.02->0.50 (0.94)   0.679
  L3attn:casePATCH     A   -0.489   +0.475  +0.258   0.97->0.04 (0.27)   nan  other-ctx f 0.02
  L3attn:casePATCH     B   +0.482   -0.495  +0.226   0.02->0.97 (0.99)   nan  other-ctx f 0.97
  L3mlp:hmm1           A   +0.036   +0.121  +0.003   0.97->0.86 (0.77)   0.411
  L3mlp:hmm1           B   +0.114   +0.066  +0.002   0.02->0.11 (0.05)   0.379
  L3mlp:case           A   -0.002   +0.002  +0.103   0.97->0.98 (0.99)   0.489
  L3mlp:case           B   +0.002   -0.028  +0.112   0.02->0.04 (0.16)   0.506
  L3mlp:casePATCH      A   -0.114   +0.013  +0.245   0.97->0.87 (0.98)   nan  other-ctx f 0.02
  L3mlp:casePATCH      B   +0.011   -0.118  +0.223   0.02->0.12 (0.64)   nan  other-ctx f 0.97
  L4attn:hmm1          A   +0.039   +0.120  +0.003   0.97->0.86 (0.77)   0.416
  L4attn:hmm1          B   +0.116   +0.072  +0.002   0.02->0.10 (0.05)   0.374
  L4attn:case          A   +0.000   +0.001  +0.103   0.97->0.98 (0.99)   0.477
  L4attn:case          B   +0.002   -0.019  +0.112   0.02->0.03 (0.11)   0.578
  L4attn:casePATCH     A   -0.105   +0.012  +0.246   0.97->0.88 (0.98)   nan  other-ctx f 0.02
  L4attn:casePATCH     B   +0.008   -0.094  +0.222   0.02->0.10 (0.60)   nan  other-ctx f 0.97
  L4mlp:hmm1           A   +0.122   +0.115  +0.001   0.97->0.91 (0.79)   0.356
  L4mlp:hmm1           B   +0.113   +0.145  +0.001   0.02->0.06 (0.02)   0.372
  L4mlp:case           A   +0.056   +0.002  +0.106   0.97->1.02 (0.99)   0.346
  L4mlp:case           B   +0.001   +0.024  +0.116   0.02->-0.00 (0.07)   0.421
  L4mlp:casePATCH      A   +0.010   +0.001  +0.257   0.97->0.98 (0.99)   nan  other-ctx f 0.02
  L4mlp:casePATCH      B   +0.002   -0.035  +0.225   0.02->0.05 (0.30)   nan  other-ctx f 0.97
  ALL:hmm1             A   -0.221   +0.257  +0.004   0.97->0.51 (0.49)   0.524
  ALL:hmm1             B   +0.239   -0.220  +0.003   0.02->0.47 (0.46)   0.518
  ALL:case             A   -0.368   +0.123  +0.109   0.97->0.50 (0.95)   0.713
  ALL:case             B   +0.123   -0.371  +0.115   0.02->0.50 (0.94)   0.714
  L4mlp:hmm1_DECODER   A   +0.004   +0.002  +0.000   0.97->0.97 (0.99)   0.127
  L4mlp:hmm1_DECODER   B   +0.002   +0.004  +0.000   0.02->0.03 (0.08)   0.133
per-history Spearman(f_n, w_A,n) at t=3..12:
  A: t3:+0.89(n=1127)  t4:+0.96(n=1124)  t5:+0.95(n=1140)  t6:+0.95(n=1156)  t7:+0.93(n=1142)  t8:+0.92(n=1125)  t9:+0.91(n=1143)  t10:+0.87(n=1111)  t11:+0.87(n=1116)  t12:+0.81(n=1131)
  B: t3:+0.77(n=1127)  t4:+0.79(n=1124)  t5:+0.83(n=1140)  t6:+0.89(n=1156)  t7:+0.89(n=1142)  t8:+0.91(n=1125)  t9:+0.87(n=1143)  t10:+0.86(n=1111)  t11:+0.82(n=1116)  t12:+0.79(n=1131)
