ckpt runs/s0/pretrain/model.pt
capture   R2 hmm1(A/B/pool)      R2 case(pool)  R2 logit_w(pool)  | ovl hmm1 A-B  hmm1-case
  emb     0.944/0.944/0.944      0.357        -0.000        |   1.000       0.053
  L1attn  0.992/0.992/0.992      0.455        0.001        |   0.908       0.054
  L1mlp   0.992/0.992/0.992      0.560        0.184        |   0.957       0.067
  L2attn  0.995/0.995/0.995      0.707        0.433        |   0.974       0.044
  L2mlp   0.998/0.998/0.998      0.702        0.428        |   0.910       0.104
  L3attn  0.997/0.998/0.998      0.828        0.650        |   0.906       0.089
  L3mlp   0.998/0.998/0.998      0.924        0.832        |   0.815       0.058
  L4attn  0.998/0.998/0.998      0.947        0.852        |   0.838       0.025
  L4mlp   0.998/0.998/0.998      0.954        0.858        |   0.821       0.054
interventions (t>=16): site:kind  ctx  d_x_unfl  d_x_fl   d_y    f0->f (f_expl)  |dresid|/|resid|  [casePATCH: f of other ctx]
  emb:hmm1             A   +0.024   -0.094  +0.004   0.00->0.12 (0.31)   0.392
  emb:hmm1             B   +0.022   -0.103  -0.000   0.01->0.12 (0.37)   0.391
  emb:case             A   +0.003   -0.007  +0.037   0.00->0.01 (0.03)   0.481
  emb:case             B   +0.003   -0.004  +0.142   0.01->0.01 (0.02)   0.481
  emb:casePATCH        A   +0.003   -0.011  +0.218   0.00->0.02 (0.06)   nan  other-ctx f 0.01
  emb:casePATCH        B   +0.003   -0.009  +0.208   0.01->0.02 (0.06)   nan  other-ctx f 0.00
  L1attn:hmm1          A   +0.020   -0.087  +0.003   0.00->0.10 (0.29)   0.410
  L1attn:hmm1          B   +0.022   -0.094  -0.001   0.01->0.11 (0.32)   0.409
  L1attn:case          A   +0.000   +0.007  +0.029   0.00->-0.00 (0.01)   0.501
  L1attn:case          B   +0.000   +0.011  +0.134   0.01->-0.00 (0.03)   0.511
  L1attn:casePATCH     A   +0.001   -0.006  +0.218   0.00->0.01 (0.10)   nan  other-ctx f 0.01
  L1attn:casePATCH     B   +0.000   -0.005  +0.210   0.01->0.01 (0.10)   nan  other-ctx f 0.00
  L1mlp:hmm1           A   +0.256   -0.245  +0.009   0.00->0.49 (0.48)   0.569
  L1mlp:hmm1           B   +0.255   -0.245  +0.000   0.01->0.49 (0.48)   0.571
  L1mlp:case           A   +0.000   +0.018  +0.114   0.00->-0.01 (0.08)   0.599
  L1mlp:case           B   +0.000   +0.020  +0.123   0.01->-0.01 (0.09)   0.596
  L1mlp:casePATCH      A   +0.000   -0.002  +0.255   0.00->0.01 (0.11)   nan  other-ctx f 0.01
  L1mlp:casePATCH      B   -0.000   +0.002  +0.217   0.01->0.00 (0.06)   nan  other-ctx f 0.00
  L2attn:hmm1          A   +0.324   -0.215  +0.003   0.00->0.52 (0.44)   0.560
  L2attn:hmm1          B   +0.317   -0.218  +0.001   0.01->0.51 (0.44)   0.555
  L2attn:case          A   +0.000   +0.015  +0.110   0.00->-0.01 (0.12)   0.577
  L2attn:case          B   +0.000   +0.017  +0.120   0.01->-0.01 (0.13)   0.601
  L2attn:casePATCH     A   +0.000   -0.001  +0.243   0.00->0.01 (0.10)   nan  other-ctx f 0.01
  L2attn:casePATCH     B   +0.000   +0.002  +0.212   0.01->0.00 (0.05)   nan  other-ctx f 0.00
  L2mlp:hmm1           A   +0.260   -0.248  +0.004   0.00->0.50 (0.49)   0.558
  L2mlp:hmm1           B   +0.258   -0.250  +0.001   0.01->0.50 (0.49)   0.561
  L2mlp:case           A   +0.000   +0.014  +0.110   0.00->-0.01 (0.08)   0.543
  L2mlp:case           B   +0.000   +0.016  +0.118   0.01->-0.01 (0.09)   0.537
  L2mlp:casePATCH      A   +0.000   -0.000  +0.245   0.00->0.01 (0.07)   nan  other-ctx f 0.01
  L2mlp:casePATCH      B   +0.000   +0.002  +0.217   0.01->0.00 (0.05)   nan  other-ctx f 0.00
  L3attn:hmm1          A   +0.261   -0.247  +0.002   0.00->0.50 (0.49)   0.522
  L3attn:hmm1          B   +0.259   -0.249  +0.005   0.01->0.50 (0.49)   0.504
  L3attn:case          A   +0.000   +0.014  +0.107   0.00->-0.01 (0.07)   0.557
  L3attn:case          B   +0.000   +0.015  +0.116   0.01->-0.01 (0.08)   0.585
  L3attn:casePATCH     A   +0.000   -0.001  +0.247   0.00->0.01 (0.08)   nan  other-ctx f 0.01
  L3attn:casePATCH     B   +0.000   +0.002  +0.217   0.01->0.00 (0.03)   nan  other-ctx f 0.00
  L3mlp:hmm1           A   +0.256   -0.255  +0.004   0.00->0.50 (0.50)   0.548
  L3mlp:hmm1           B   +0.255   -0.255  +0.004   0.01->0.50 (0.50)   0.557
  L3mlp:case           A   +0.000   +0.020  +0.112   0.00->-0.01 (0.14)   0.477
  L3mlp:case           B   +0.000   +0.020  +0.119   0.01->-0.01 (0.16)   0.456
  L3mlp:casePATCH      A   +0.000   -0.000  +0.253   0.00->0.01 (0.06)   nan  other-ctx f 0.01
  L3mlp:casePATCH      B   +0.000   +0.001  +0.221   0.01->0.00 (0.05)   nan  other-ctx f 0.00
  L4attn:hmm1          A   +0.256   -0.255  +0.002   0.00->0.50 (0.50)   0.506
  L4attn:hmm1          B   +0.255   -0.254  +0.002   0.01->0.50 (0.50)   0.492
  L4attn:case          A   +0.000   +0.021  +0.109   0.00->-0.01 (0.16)   0.543
  L4attn:case          B   +0.000   +0.022  +0.115   0.01->-0.01 (0.16)   0.578
  L4attn:casePATCH     A   +0.000   +0.000  +0.253   0.00->0.00 (0.05)   nan  other-ctx f 0.01
  L4attn:casePATCH     B   +0.000   +0.001  +0.219   0.01->0.00 (0.05)   nan  other-ctx f 0.00
  L4mlp:hmm1           A   +0.255   -0.255  +0.001   0.00->0.50 (0.50)   0.444
  L4mlp:hmm1           B   +0.255   -0.254  +0.001   0.01->0.50 (0.50)   0.443
  L4mlp:case           A   +0.001   +0.044  +0.109   0.00->-0.03 (0.34)   0.329
  L4mlp:case           B   +0.001   +0.045  +0.116   0.01->-0.03 (0.34)   0.381
  L4mlp:casePATCH      A   +0.000   +0.000  +0.255   0.00->0.01 (0.04)   nan  other-ctx f 0.01
  L4mlp:casePATCH      B   +0.000   +0.002  +0.219   0.01->0.00 (0.03)   nan  other-ctx f 0.00
  ALL:hmm1             A   +0.260   -0.253  +0.012   0.00->0.50 (0.50)   0.619
  ALL:hmm1             B   +0.261   -0.252  +0.001   0.01->0.50 (0.50)   0.624
  ALL:case             A   +0.005   -0.003  +0.108   0.00->0.01 (0.02)   0.620
  ALL:case             B   +0.005   -0.002  +0.114   0.01->0.01 (0.02)   0.622
  L4mlp:hmm1_DECODER   A   +0.001   -0.027  -0.000   0.00->0.03 (0.64)   0.087
  L4mlp:hmm1_DECODER   B   +0.001   -0.027  -0.000   0.01->0.03 (0.63)   0.087
per-history Spearman(f_n, w_A,n) at t=3..12:
  A: t3:-0.07(n=1127)  t4:-0.14(n=1124)  t5:-0.05(n=1140)  t6:-0.02(n=1156)  t7:+0.06(n=1142)  t8:+0.03(n=1125)  t9:+0.02(n=1143)  t10:+0.00(n=1111)  t11:+0.04(n=1116)  t12:+0.00(n=1131)
  B: t3:+0.03(n=1127)  t4:-0.04(n=1124)  t5:-0.12(n=1140)  t6:-0.12(n=1156)  t7:-0.19(n=1142)  t8:-0.17(n=1125)  t9:-0.18(n=1143)  t10:-0.23(n=1111)  t11:-0.19(n=1116)  t12:-0.20(n=1131)
