ckpt runs_h/s0/unanchored/model.pt
capture   R2 hmm1(A/B/pool)      R2 case(pool)  R2 logit_w(pool)  | ovl hmm1 A-B  hmm1-case
  emb     0.495/0.495/0.495      0.357        -0.000        |   1.000       0.079
  L1attn  0.809/0.809/0.810      0.372        0.002        |   0.811       0.151
  L1mlp   0.811/0.812/0.812      0.367        0.000        |   0.813       0.086
  L2attn  0.930/0.930/0.930      0.457        0.000        |   0.930       0.086
  L2mlp   0.969/0.969/0.969      0.566        0.223        |   0.975       0.023
  L3attn  0.987/0.987/0.987      0.577        0.278        |   0.969       0.050
  L3mlp   0.993/0.993/0.993      0.569        0.263        |   0.961       0.148
  L4attn  0.994/0.994/0.994      0.569        0.268        |   0.938       0.082
  L4mlp   0.995/0.995/0.995      0.567        0.254        |   0.948       0.131
transfer from ref (pool hmm1 probe): capture  A_r2  A_r2_sigma  B_r2  B_r2_sigma | w: A B
  emb     0.495  -0.524  0.495  -0.524 | -4.663 -4.507
  L1attn  -6.018  -11.488  -6.014  -11.492 | -16.989 -6.330
  L1mlp   -2.543  -6.790  -2.542  -6.787 | -9.484 -7.716
  L2attn  0.148  -1.121  0.154  -1.114 | -24.450 -5.308
  L2mlp   -5.944  -1.447  -5.868  -1.355 | -46.945 -22.273
  L3attn  -7.618  -2.062  -7.769  -2.156 | -440.707 -290.329
  L3mlp   -8.012  -2.434  -8.180  -2.556 | -116.760 -75.640
  L4attn  -5.605  -1.059  -5.700  -1.129 | -1.516 -19.924
  L4mlp   -3.344  -0.037  -3.408  -0.077 | -3.870 -8.916
interventions (t>=16): site:kind  ctx  d_x_unfl  d_x_fl   d_y    f0->f (f_expl)  |dresid|/|resid|  [casePATCH: f of other ctx]
  emb:hmm1             A   -0.056   +0.024  +0.004   1.01->0.87 (0.92)   0.387
  emb:hmm1             B   -0.058   +0.021  -0.057   1.01->0.87 (0.93)   0.387
  emb:case             A   -0.005   +0.008  +0.062   1.01->0.98 (0.97)   0.494
  emb:case             B   -0.004   +0.008  -0.167   1.01->0.99 (0.97)   0.494
  emb:casePATCH        A   -0.014   +0.004  +0.169   1.01->0.98 (0.98)   nan  other-ctx f 1.01
  emb:casePATCH        B   -0.014   +0.005  -0.126   1.01->0.98 (0.98)   nan  other-ctx f 1.01
  L1attn:hmm1          A   -0.058   +0.020  +0.001   1.01->0.87 (0.94)   0.352
  L1attn:hmm1          B   -0.059   +0.019  -0.031   1.01->0.87 (0.94)   0.352
  L1attn:case          A   +0.004   +0.007  +0.053   1.01->1.00 (0.97)   0.475
  L1attn:case          B   +0.004   +0.007  -0.157   1.01->1.00 (0.97)   0.475
  L1attn:casePATCH     A   -0.006   +0.002  +0.161   1.01->0.99 (0.99)   nan  other-ctx f 1.01
  L1attn:casePATCH     B   -0.007   +0.003  -0.126   1.01->0.99 (0.99)   nan  other-ctx f 1.01
  L1mlp:hmm1           A   -0.135   +0.158  +0.012   1.01->0.51 (0.47)   0.551
  L1mlp:hmm1           B   -0.139   +0.155  -0.103   1.01->0.51 (0.48)   0.551
  L1mlp:case           A   -0.016   +0.077  +0.110   1.01->0.85 (0.74)   0.603
  L1mlp:case           B   -0.016   +0.077  -0.226   1.01->0.85 (0.74)   0.602
  L1mlp:casePATCH      A   +0.000   -0.000  +0.187   1.01->1.01 (1.00)   nan  other-ctx f 1.01
  L1mlp:casePATCH      B   -0.001   +0.000  -0.121   1.01->1.01 (1.00)   nan  other-ctx f 1.01
  L2attn:hmm1          A   -0.133   +0.120  +0.004   1.01->0.57 (0.59)   0.616
  L2attn:hmm1          B   -0.134   +0.120  -0.041   1.01->0.57 (0.59)   0.623
  L2attn:case          A   -0.033   +0.017  +0.110   1.01->0.93 (0.94)   0.595
  L2attn:case          B   -0.033   +0.017  -0.225   1.01->0.93 (0.94)   0.582
  L2attn:casePATCH     A   +0.000   -0.000  +0.186   1.01->1.01 (1.00)   nan  other-ctx f 1.01
  L2attn:casePATCH     B   -0.001   +0.000  -0.121   1.01->1.01 (1.00)   nan  other-ctx f 1.01
  L2mlp:hmm1           A   -0.162   +0.130  +0.001   1.01->0.51 (0.56)   0.585
  L2mlp:hmm1           B   -0.162   +0.129  -0.021   1.01->0.51 (0.57)   0.592
  L2mlp:case           A   +0.006   +0.001  +0.110   1.01->1.02 (1.00)   0.470
  L2mlp:case           B   +0.006   +0.001  -0.229   1.01->1.02 (1.00)   0.448
  L2mlp:casePATCH      A   -0.000   -0.000  +0.187   1.01->1.01 (1.00)   nan  other-ctx f 1.01
  L2mlp:casePATCH      B   -0.000   +0.000  -0.121   1.01->1.01 (1.00)   nan  other-ctx f 1.01
  L3attn:hmm1          A   -0.155   +0.134  +0.003   1.01->0.52 (0.55)   0.584
  L3attn:hmm1          B   -0.155   +0.134  -0.033   1.01->0.52 (0.55)   0.589
  L3attn:case          A   +0.001   +0.000  +0.111   1.01->1.01 (1.00)   0.413
  L3attn:case          B   +0.002   +0.000  -0.229   1.01->1.01 (1.00)   0.392
  L3attn:casePATCH     A   -0.001   +0.000  +0.187   1.01->1.01 (1.00)   nan  other-ctx f 1.01
  L3attn:casePATCH     B   +0.000   +0.000  -0.121   1.01->1.01 (1.00)   nan  other-ctx f 1.01
  L3mlp:hmm1           A   -0.152   +0.143  +0.001   1.01->0.51 (0.52)   0.530
  L3mlp:hmm1           B   -0.153   +0.142  +0.031   1.01->0.51 (0.52)   0.533
  L3mlp:case           A   -0.004   +0.001  +0.110   1.01->1.00 (1.00)   0.423
  L3mlp:case           B   -0.003   +0.001  -0.229   1.01->1.00 (1.00)   0.408
  L3mlp:casePATCH      A   -0.001   +0.000  +0.187   1.01->1.00 (1.00)   nan  other-ctx f 1.01
  L3mlp:casePATCH      B   +0.001   +0.000  -0.121   1.01->1.01 (1.00)   nan  other-ctx f 1.01
  L4attn:hmm1          A   -0.150   +0.149  +0.001   1.01->0.50 (0.50)   0.449
  L4attn:hmm1          B   -0.151   +0.149  +0.018   1.01->0.50 (0.50)   0.453
  L4attn:case          A   -0.005   +0.001  +0.109   1.01->1.00 (1.00)   0.458
  L4attn:case          B   -0.004   +0.001  -0.228   1.01->1.00 (1.00)   0.440
  L4attn:casePATCH     A   -0.001   +0.000  +0.187   1.01->1.01 (1.00)   nan  other-ctx f 1.01
  L4attn:casePATCH     B   +0.001   +0.000  -0.121   1.01->1.01 (1.00)   nan  other-ctx f 1.01
  L4mlp:hmm1           A   -0.150   +0.149  +0.001   1.01->0.50 (0.50)   0.354
  L4mlp:hmm1           B   -0.151   +0.148  +0.022   1.01->0.50 (0.50)   0.354
  L4mlp:case           A   -0.002   +0.001  +0.109   1.01->1.00 (1.00)   0.305
  L4mlp:case           B   -0.001   +0.001  -0.228   1.01->1.01 (1.00)   0.291
  L4mlp:casePATCH      A   -0.001   +0.000  +0.186   1.01->1.00 (1.00)   nan  other-ctx f 1.01
  L4mlp:casePATCH      B   +0.001   +0.000  -0.121   1.01->1.01 (1.00)   nan  other-ctx f 1.01
  ALL:hmm1             A   -0.149   +0.149  +0.017   1.01->0.50 (0.50)   0.580
  ALL:hmm1             B   -0.150   +0.148  -0.116   1.01->0.50 (0.50)   0.582
  ALL:case             A   -0.093   +0.070  +0.110   1.01->0.73 (0.76)   0.612
  ALL:case             B   -0.091   +0.069  -0.229   1.01->0.73 (0.76)   0.604
  L4mlp:hmm1_DECODER   A   -0.024   +0.001  +0.000   1.01->0.97 (1.00)   0.101
  L4mlp:hmm1_DECODER   B   -0.024   +0.001  +0.002   1.01->0.97 (1.00)   0.101
per-history Spearman(f_n, w_A,n) at t=3..12:
  A: t3:+0.07(n=1026)  t4:+0.03(n=1059)  t5:+0.03(n=1041)  t6:-0.00(n=1035)  t7:-0.03(n=1045)  t8:-0.05(n=1031)  t9:+0.03(n=1051)  t10:+0.01(n=1028)  t11:-0.02(n=1042)  t12:-0.00(n=1050)
  B: t3:-0.04(n=1026)  t4:-0.04(n=1059)  t5:+0.01(n=1041)  t6:-0.05(n=1035)  t7:-0.08(n=1045)  t8:-0.02(n=1031)  t9:-0.03(n=1051)  t10:-0.01(n=1028)  t11:+0.03(n=1042)  t12:+0.00(n=1050)
