ckpt runs/s0/anchored/model.pt
capture   R2 hmm1(A/B/pool)      R2 case(pool)  R2 logit_w(pool)  | ovl hmm1 A-B  hmm1-case
  emb     0.944/0.944/0.944      0.357        -0.000        |   1.000       0.050
  L1attn  0.992/0.992/0.992      0.455        0.001        |   0.904       0.120
  L1mlp   0.992/0.992/0.992      0.560        0.175        |   0.969       0.111
  L2attn  0.994/0.994/0.994      0.726        0.577        |   0.968       0.094
  L2mlp   0.996/0.996/0.996      0.715        0.515        |   0.920       0.056
  L3attn  0.996/0.996/0.996      0.830        0.871        |   0.912       0.085
  L3mlp   0.993/0.995/0.992      0.956        0.943        |   0.759       0.118
  L4attn  0.992/0.994/0.990      0.972        0.956        |   0.713       0.089
  L4mlp   0.993/0.993/0.988      0.974        0.956        |   0.569       0.139
transfer from ref (pool hmm1 probe): capture  A_r2  A_r2_sigma  B_r2  B_r2_sigma | w: A B
  emb     0.943  -0.964  0.943  -0.964 | -4.661 -4.508
  L1attn  0.962  -1.029  0.963  -1.028 | -15.488 -0.548
  L1mlp   0.944  -1.249  0.938  -1.273 | -20.752 -8.980
  L2attn  0.920  -0.574  0.930  -0.628 | -84.108 -83.037
  L2mlp   0.793  -0.133  0.828  -0.195 | -50.364 -40.681
  L3attn  0.594  -0.135  0.884  -0.573 | -47.258 -103.808
  L3mlp   -0.716  0.828  0.890  -1.008 | -83.983 -16.321
  L4attn  -0.719  0.832  0.897  -1.010 | -39.582 -22.963
  L4mlp   -1.158  0.788  0.820  -1.223 | -62.627 -14.662
interventions (t>=16): site:kind  ctx  d_x_unfl  d_x_fl   d_y    f0->f (f_expl)  |dresid|/|resid|  [casePATCH: f of other ctx]
  emb:hmm1             A   -0.090   +0.023  +0.001   0.99->0.89 (0.96)   0.391
  emb:hmm1             B   +0.017   -0.068  +0.001   0.01->0.09 (0.21)   0.390
  emb:case             A   -0.077   +0.008  +0.042   0.99->0.91 (0.98)   0.485
  emb:case             B   +0.146   -0.352  +0.141   0.01->0.50 (0.79)   0.485
  emb:casePATCH        A   -0.493   +0.452  +0.237   0.99->0.07 (0.16)   nan  other-ctx f 0.01
  emb:casePATCH        B   +0.483   -0.498  +0.216   0.01->0.97 (0.99)   nan  other-ctx f 0.99
  L1attn:hmm1          A   -0.079   +0.018  +0.001   0.99->0.90 (0.97)   0.370
  L1attn:hmm1          B   +0.017   -0.063  +0.000   0.01->0.09 (0.19)   0.368
  L1attn:case          A   -0.040   +0.001  +0.022   0.99->0.96 (1.00)   0.538
  L1attn:case          B   +0.086   -0.288  +0.098   0.01->0.36 (0.72)   0.551
  L1attn:casePATCH     A   -0.499   +0.458  +0.239   0.99->0.06 (0.18)   nan  other-ctx f 0.01
  L1attn:casePATCH     B   +0.483   -0.501  +0.220   0.01->0.97 (0.99)   nan  other-ctx f 0.99
  L1mlp:hmm1           A   -0.165   +0.211  +0.004   0.99->0.62 (0.59)   0.498
  L1mlp:hmm1           B   +0.209   -0.158  +0.002   0.01->0.37 (0.34)   0.494
  L1mlp:case           A   -0.340   +0.084  +0.119   0.99->0.59 (0.97)   0.634
  L1mlp:case           B   +0.162   -0.417  +0.135   0.01->0.59 (0.97)   0.624
  L1mlp:casePATCH      A   -0.504   +0.478  +0.261   0.99->0.03 (0.15)   nan  other-ctx f 0.01
  L1mlp:casePATCH      B   +0.484   -0.502  +0.219   0.01->0.97 (0.99)   nan  other-ctx f 0.99
  L2attn:hmm1          A   -0.143   +0.251  +0.002   0.99->0.60 (0.53)   0.466
  L2attn:hmm1          B   +0.251   -0.137  +0.002   0.01->0.39 (0.32)   0.460
  L2attn:case          A   -0.071   +0.002  +0.111   0.99->0.93 (1.00)   0.606
  L2attn:case          B   +0.289   -0.473  +0.136   0.01->0.78 (0.98)   0.636
  L2attn:casePATCH     A   -0.498   +0.444  +0.242   0.99->0.07 (0.24)   nan  other-ctx f 0.01
  L2attn:casePATCH     B   +0.474   -0.501  +0.212   0.01->0.96 (0.99)   nan  other-ctx f 0.99
  L2mlp:hmm1           A   -0.158   +0.199  +0.003   0.99->0.63 (0.60)   0.448
  L2mlp:hmm1           B   +0.195   -0.149  +0.003   0.01->0.36 (0.33)   0.453
  L2mlp:case           A   -0.172   +0.024  +0.107   0.99->0.82 (0.97)   0.624
  L2mlp:case           B   +0.304   -0.470  +0.124   0.01->0.79 (0.96)   0.611
  L2mlp:casePATCH      A   -0.499   +0.438  +0.254   0.99->0.07 (0.32)   nan  other-ctx f 0.01
  L2mlp:casePATCH      B   +0.461   -0.500  +0.219   0.01->0.95 (0.99)   nan  other-ctx f 0.99
  L3attn:hmm1          A   -0.144   +0.187  +0.002   0.99->0.66 (0.63)   0.376
  L3attn:hmm1          B   +0.181   -0.123  +0.004   0.01->0.33 (0.29)   0.377
  L3attn:case          A   -0.289   +0.061  +0.107   0.99->0.67 (0.96)   0.686
  L3attn:case          B   +0.107   -0.356  +0.120   0.01->0.46 (0.91)   0.679
  L3attn:casePATCH     A   -0.487   +0.397  +0.256   0.99->0.12 (0.35)   nan  other-ctx f 0.01
  L3attn:casePATCH     B   +0.429   -0.494  +0.219   0.01->0.92 (0.98)   nan  other-ctx f 0.99
  L3mlp:hmm1           A   +0.030   +0.123  +0.002   0.99->0.87 (0.77)   0.425
  L3mlp:hmm1           B   +0.115   +0.072  +0.002   0.01->0.10 (0.04)   0.386
  L3mlp:case           A   -0.013   +0.001  +0.108   0.99->0.98 (0.99)   0.509
  L3mlp:case           B   +0.001   -0.029  +0.113   0.01->0.03 (0.12)   0.497
  L3mlp:casePATCH      A   -0.073   +0.005  +0.233   0.99->0.93 (0.99)   nan  other-ctx f 0.01
  L3mlp:casePATCH      B   +0.009   -0.104  +0.216   0.01->0.11 (0.50)   nan  other-ctx f 0.99
  L4attn:hmm1          A   +0.029   +0.124  +0.001   0.99->0.87 (0.77)   0.401
  L4attn:hmm1          B   +0.115   +0.075  +0.001   0.01->0.10 (0.04)   0.345
  L4attn:case          A   -0.007   +0.001  +0.104   0.99->0.99 (0.99)   0.556
  L4attn:case          B   +0.001   -0.021  +0.110   0.01->0.03 (0.08)   0.604
  L4attn:casePATCH     A   -0.062   +0.004  +0.239   0.99->0.94 (0.99)   nan  other-ctx f 0.01
  L4attn:casePATCH     B   +0.007   -0.089  +0.214   0.01->0.09 (0.46)   nan  other-ctx f 0.99
  L4mlp:hmm1           A   +0.091   +0.117  +0.001   0.99->0.91 (0.79)   0.349
  L4mlp:hmm1           B   +0.115   +0.125  +0.001   0.01->0.07 (0.02)   0.327
  L4mlp:case           A   +0.058   +0.002  +0.108   0.99->1.04 (0.99)   0.352
  L4mlp:case           B   +0.001   +0.028  +0.114   0.01->-0.01 (0.17)   0.416
  L4mlp:casePATCH      A   +0.022   +0.001  +0.254   0.99->1.01 (0.99)   nan  other-ctx f 0.01
  L4mlp:casePATCH      B   +0.002   -0.033  +0.222   0.01->0.04 (0.19)   nan  other-ctx f 0.99
  ALL:hmm1             A   -0.205   +0.225  +0.002   0.99->0.57 (0.55)   0.531
  ALL:hmm1             B   +0.213   -0.177  +0.002   0.01->0.40 (0.38)   0.529
  ALL:case             A   -0.421   +0.164  +0.109   0.99->0.41 (0.94)   0.709
  ALL:case             B   +0.085   -0.339  +0.115   0.01->0.41 (0.94)   0.701
  L4mlp:hmm1_DECODER   A   +0.004   +0.001  +0.000   0.99->0.99 (0.99)   0.089
  L4mlp:hmm1_DECODER   B   +0.001   +0.001  +0.000   0.01->0.02 (0.04)   0.094
per-history Spearman(f_n, w_A,n) at t=3..12:
  A: t3:+0.88(n=1127)  t4:+0.94(n=1124)  t5:+0.94(n=1140)  t6:+0.93(n=1156)  t7:+0.92(n=1142)  t8:+0.88(n=1125)  t9:+0.86(n=1143)  t10:+0.83(n=1111)  t11:+0.82(n=1116)  t12:+0.76(n=1131)
  B: t3:+0.74(n=1127)  t4:+0.82(n=1124)  t5:+0.84(n=1140)  t6:+0.87(n=1156)  t7:+0.90(n=1142)  t8:+0.92(n=1125)  t9:+0.92(n=1143)  t10:+0.90(n=1111)  t11:+0.86(n=1116)  t12:+0.83(n=1131)
