ckpt runs_h/s2/anchored/model.pt
capture   R2 hmm1(A/B/pool)      R2 case(pool)  R2 logit_w(pool)  | ovl hmm1 A-B  hmm1-case
  emb     0.495/0.495/0.495      0.357        -0.000        |   1.000       0.074
  L1attn  0.884/0.885/0.885      0.455        0.003        |   0.854       0.067
  L1mlp   0.882/0.884/0.883      0.557        0.174        |   0.958       0.048
  L2attn  0.924/0.924/0.924      0.650        0.402        |   0.851       0.044
  L2mlp   0.968/0.969/0.968      0.645        0.356        |   0.952       0.193
  L3attn  0.982/0.983/0.982      0.838        0.812        |   0.947       0.089
  L3mlp   0.987/0.987/0.984      0.936        0.875        |   0.691       0.069
  L4attn  0.987/0.987/0.984      0.979        0.968        |   0.739       0.079
  L4mlp   0.990/0.991/0.985      0.981        0.966        |   0.624       0.067
transfer from ref (pool hmm1 probe): capture  A_r2  A_r2_sigma  B_r2  B_r2_sigma | w: A B
  emb     0.495  -0.532  0.495  -0.532 | -4.662 -4.508
  L1attn  0.117  -2.719  0.127  -2.709 | -6.156 -5.418
  L1mlp   0.020  -3.356  0.054  -3.308 | -14.232 -15.197
  L2attn  0.790  -1.442  0.787  -1.446 | -38.133 -27.075
  L2mlp   0.028  -0.980  -0.170  -1.261 | -22.027 -11.937
  L3attn  0.641  -0.701  0.674  -0.707 | -79.278 -64.461
  L3mlp   -2.699  0.247  0.575  -1.386 | -106.031 -135.326
  L4attn  -2.214  0.546  0.714  -1.358 | -8.799 -34.416
  L4mlp   -2.198  0.567  0.538  -2.355 | -5.716 -44.713
interventions (t>=16): site:kind  ctx  d_x_unfl  d_x_fl   d_y    f0->f (f_expl)  |dresid|/|resid|  [casePATCH: f of other ctx]
  emb:hmm1             A   -0.106   +0.067  +0.001   0.98->0.68 (0.77)   0.340
  emb:hmm1             B   +0.067   -0.110  -0.000   0.01->0.32 (0.44)   0.340
  emb:case             A   -0.006   +0.008  +0.067   0.98->0.96 (0.96)   0.490
  emb:case             B   +0.278   -0.277  +0.160   0.01->0.96 (0.97)   0.490
  emb:casePATCH        A   -0.278   +0.258  +0.249   0.98->0.07 (0.15)   nan  other-ctx f 0.01
  emb:casePATCH        B   +0.271   -0.279  +0.217   0.01->0.95 (0.97)   nan  other-ctx f 0.98
  L1attn:hmm1          A   -0.098   +0.049  +0.001   0.98->0.73 (0.84)   0.378
  L1attn:hmm1          B   +0.051   -0.101  -0.001   0.01->0.28 (0.43)   0.376
  L1attn:case          A   -0.007   +0.007  +0.052   0.98->0.96 (0.97)   0.502
  L1attn:case          B   +0.275   -0.278  +0.177   0.01->0.96 (0.97)   0.511
  L1attn:casePATCH     A   -0.281   +0.262  +0.247   0.98->0.05 (0.15)   nan  other-ctx f 0.01
  L1attn:casePATCH     B   +0.278   -0.282  +0.216   0.01->0.97 (0.99)   nan  other-ctx f 0.98
  L1mlp:hmm1           A   -0.122   +0.127  +0.001   0.98->0.56 (0.56)   0.423
  L1mlp:hmm1           B   +0.128   -0.122  -0.000   0.01->0.44 (0.45)   0.422
  L1mlp:case           A   -0.008   +0.001  +0.108   0.98->0.98 (0.99)   0.532
  L1mlp:case           B   +0.276   -0.283  +0.124   0.01->0.98 (0.99)   0.528
  L1mlp:casePATCH      A   -0.284   +0.278  +0.260   0.98->0.02 (0.06)   nan  other-ctx f 0.01
  L1mlp:casePATCH      B   +0.279   -0.284  +0.223   0.01->0.97 (0.99)   nan  other-ctx f 0.98
  L2attn:hmm1          A   -0.112   +0.110  +0.000   0.98->0.60 (0.62)   0.484
  L2attn:hmm1          B   +0.109   -0.112  -0.000   0.01->0.40 (0.42)   0.480
  L2attn:case          A   +0.001   +0.000  +0.106   0.98->0.99 (0.99)   0.515
  L2attn:case          B   +0.282   -0.284  +0.124   0.01->0.99 (0.99)   0.531
  L2attn:casePATCH     A   -0.283   +0.272  +0.249   0.98->0.03 (0.09)   nan  other-ctx f 0.01
  L2attn:casePATCH     B   +0.277   -0.283  +0.218   0.01->0.97 (0.99)   nan  other-ctx f 0.98
  L2mlp:hmm1           A   -0.122   +0.111  +0.001   0.98->0.58 (0.62)   0.384
  L2mlp:hmm1           B   +0.109   -0.116  -0.000   0.01->0.40 (0.43)   0.388
  L2mlp:case           A   -0.039   +0.002  +0.109   0.98->0.93 (0.99)   0.588
  L2mlp:case           B   +0.241   -0.282  +0.125   0.01->0.93 (0.99)   0.587
  L2mlp:casePATCH      A   -0.284   +0.269  +0.254   0.98->0.04 (0.13)   nan  other-ctx f 0.01
  L2mlp:casePATCH      B   +0.275   -0.283  +0.223   0.01->0.97 (0.99)   nan  other-ctx f 0.98
  L3attn:hmm1          A   -0.120   +0.123  +0.000   0.98->0.57 (0.58)   0.401
  L3attn:hmm1          B   +0.127   -0.120  +0.000   0.01->0.44 (0.45)   0.388
  L3attn:case          A   -0.086   +0.007  +0.113   0.98->0.85 (0.99)   0.574
  L3attn:case          B   +0.188   -0.275  +0.126   0.01->0.83 (0.99)   0.607
  L3attn:casePATCH     A   -0.283   +0.265  +0.254   0.98->0.04 (0.17)   nan  other-ctx f 0.01
  L3attn:casePATCH     B   +0.273   -0.283  +0.221   0.01->0.97 (0.99)   nan  other-ctx f 0.98
  L3mlp:hmm1           A   -0.068   +0.095  +0.001   0.98->0.69 (0.67)   0.385
  L3mlp:hmm1           B   +0.080   -0.030  +0.000   0.01->0.23 (0.18)   0.351
  L3mlp:case           A   -0.005   +0.000  +0.111   0.98->0.98 (0.99)   0.511
  L3mlp:case           B   +0.054   -0.189  +0.120   0.01->0.42 (0.89)   0.524
  L3mlp:casePATCH      A   -0.193   +0.058  +0.250   0.98->0.56 (0.94)   nan  other-ctx f 0.01
  L3mlp:casePATCH      B   +0.074   -0.212  +0.221   0.01->0.50 (0.93)   nan  other-ctx f 0.98
  L4attn:hmm1          A   -0.069   +0.094  +0.000   0.98->0.69 (0.67)   0.375
  L4attn:hmm1          B   +0.078   -0.019  +0.000   0.01->0.20 (0.16)   0.351
  L4attn:case          A   -0.074   +0.006  +0.105   0.98->0.87 (0.99)   0.540
  L4attn:case          B   +0.012   -0.107  +0.115   0.01->0.20 (0.82)   0.547
  L4attn:casePATCH     A   -0.183   +0.048  +0.253   0.98->0.60 (0.95)   nan  other-ctx f 0.01
  L4attn:casePATCH     B   +0.059   -0.197  +0.225   0.01->0.45 (0.92)   nan  other-ctx f 0.98
  L4mlp:hmm1           A   +0.069   +0.069  +0.000   0.98->0.93 (0.79)   0.260
  L4mlp:hmm1           B   +0.069   +0.074  +0.000   0.01->0.07 (0.02)   0.251
  L4mlp:case           A   +0.024   +0.001  +0.106   0.98->1.02 (0.99)   0.351
  L4mlp:case           B   +0.001   +0.024  +0.115   0.01->-0.02 (0.17)   0.416
  L4mlp:casePATCH      A   -0.001   +0.000  +0.257   0.98->0.98 (0.99)   nan  other-ctx f 0.01
  L4mlp:casePATCH      B   +0.000   -0.003  +0.223   0.01->0.02 (0.04)   nan  other-ctx f 0.98
  ALL:hmm1             A   -0.127   +0.139  +0.002   0.98->0.53 (0.52)   0.488
  ALL:hmm1             B   +0.139   -0.121  -0.000   0.01->0.46 (0.45)   0.484
  ALL:case             A   -0.176   +0.052  +0.107   0.98->0.61 (0.91)   0.653
  ALL:case             B   +0.109   -0.232  +0.116   0.01->0.61 (0.91)   0.659
  L4mlp:hmm1_DECODER   A   +0.010   +0.008  +0.000   0.98->0.97 (0.97)   0.131
  L4mlp:hmm1_DECODER   B   +0.007   +0.008  +0.000   0.01->0.03 (0.03)   0.133
per-history Spearman(f_n, w_A,n) at t=3..12:
  A: t3:+0.89(n=1026)  t4:+0.93(n=1059)  t5:+0.90(n=1041)  t6:+0.88(n=1035)  t7:+0.83(n=1045)  t8:+0.77(n=1031)  t9:+0.77(n=1051)  t10:+0.74(n=1028)  t11:+0.75(n=1042)  t12:+0.68(n=1050)
  B: t3:+0.68(n=1026)  t4:+0.72(n=1059)  t5:+0.79(n=1041)  t6:+0.84(n=1035)  t7:+0.88(n=1045)  t8:+0.87(n=1031)  t9:+0.87(n=1051)  t10:+0.84(n=1028)  t11:+0.81(n=1042)  t12:+0.75(n=1050)
