ckpt runs/s1/unanchored/model.pt
capture   R2 hmm1(A/B/pool)      R2 case(pool)  R2 logit_w(pool)  | ovl hmm1 A-B  hmm1-case
  emb     0.944/0.944/0.944      0.357        -0.000        |   1.000       0.016
  L1attn  0.993/0.993/0.993      0.455        0.000        |   0.888       0.066
  L1mlp   0.993/0.993/0.993      0.557        0.184        |   0.950       0.097
  L2attn  0.995/0.995/0.995      0.663        0.510        |   0.952       0.102
  L2mlp   0.998/0.998/0.998      0.655        0.458        |   0.899       0.157
  L3attn  0.998/0.998/0.998      0.676        0.524        |   0.908       0.145
  L3mlp   0.998/0.999/0.998      0.678        0.531        |   0.935       0.123
  L4attn  0.999/0.999/0.999      0.686        0.535        |   0.908       0.085
  L4mlp   0.999/0.999/0.999      0.685        0.531        |   0.931       0.055
transfer from ref (pool hmm1 probe): capture  A_r2  A_r2_sigma  B_r2  B_r2_sigma | w: A B
  emb     0.942  -1.027  0.942  -1.027 | -4.661 -4.508
  L1attn  0.952  -1.066  0.952  -1.066 | -10.561 -9.031
  L1mlp   0.513  -3.020  0.525  -2.985 | -6.170 -2.765
  L2attn  0.410  -2.910  0.424  -2.867 | -25.921 -38.138
  L2mlp   0.557  -1.232  0.575  -1.212 | -68.782 -80.617
  L3attn  0.551  -1.147  0.573  -1.119 | -45.623 -53.918
  L3mlp   0.161  -0.050  0.174  -0.038 | -24.893 -33.736
  L4attn  -0.348  0.374  -0.337  0.384 | -13.667 -20.789
  L4mlp   -0.143  0.557  -0.143  0.562 | -31.597 -27.480
interventions (t>=16): site:kind  ctx  d_x_unfl  d_x_fl   d_y    f0->f (f_expl)  |dresid|/|resid|  [casePATCH: f of other ctx]
  emb:hmm1             A   -0.042   +0.014  +0.001   0.99->0.94 (0.98)   0.398
  emb:hmm1             B   -0.038   +0.014  -0.019   0.99->0.95 (0.98)   0.398
  emb:case             A   -0.000   +0.004  +0.017   0.99->0.99 (0.99)   0.474
  emb:case             B   +0.002   +0.004  -0.075   0.99->0.99 (0.99)   0.474
  emb:casePATCH        A   -0.003   +0.003  +0.145   0.99->0.99 (0.99)   nan  other-ctx f 0.99
  emb:casePATCH        B   -0.005   +0.003  -0.120   0.99->0.99 (0.99)   nan  other-ctx f 0.99
  L1attn:hmm1          A   -0.055   +0.027  +0.001   0.99->0.92 (0.95)   0.501
  L1attn:hmm1          B   -0.055   +0.028  -0.014   0.99->0.92 (0.95)   0.500
  L1attn:case          A   +0.014   +0.001  +0.014   0.99->1.01 (1.00)   0.567
  L1attn:case          B   +0.015   +0.001  -0.071   0.99->1.01 (1.00)   0.572
  L1attn:casePATCH     A   +0.001   +0.000  +0.135   0.99->0.99 (1.00)   nan  other-ctx f 0.99
  L1attn:casePATCH     B   +0.000   +0.001  -0.119   0.99->0.99 (1.00)   nan  other-ctx f 0.99
  L1mlp:hmm1           A   -0.231   +0.274  +0.002   0.99->0.51 (0.48)   0.594
  L1mlp:hmm1           B   -0.230   +0.276  -0.050   0.99->0.51 (0.47)   0.596
  L1mlp:case           A   +0.027   +0.000  +0.109   0.99->1.02 (1.00)   0.617
  L1mlp:case           B   +0.027   +0.000  -0.227   0.99->1.02 (1.00)   0.601
  L1mlp:casePATCH      A   +0.000   -0.000  +0.186   0.99->0.99 (1.00)   nan  other-ctx f 0.99
  L1mlp:casePATCH      B   -0.000   +0.000  -0.122   0.99->0.99 (1.00)   nan  other-ctx f 0.99
  L2attn:hmm1          A   -0.210   +0.327  +0.001   0.99->0.49 (0.40)   0.607
  L2attn:hmm1          B   -0.205   +0.334  -0.025   0.99->0.49 (0.39)   0.631
  L2attn:case          A   +0.026   +0.000  +0.109   0.99->1.02 (1.00)   0.570
  L2attn:case          B   +0.026   +0.000  -0.226   0.99->1.02 (1.00)   0.527
  L2attn:casePATCH     A   +0.000   -0.000  +0.185   0.99->0.99 (1.00)   nan  other-ctx f 0.99
  L2attn:casePATCH     B   -0.000   +0.000  -0.121   0.99->0.99 (1.00)   nan  other-ctx f 0.99
  L2mlp:hmm1           A   -0.244   +0.266  +0.000   0.99->0.51 (0.49)   0.618
  L2mlp:hmm1           B   -0.243   +0.268  +0.001   0.99->0.50 (0.48)   0.636
  L2mlp:case           A   +0.030   +0.000  +0.111   0.99->1.02 (1.00)   0.469
  L2mlp:case           B   +0.031   +0.000  -0.227   0.99->1.02 (1.00)   0.418
  L2mlp:casePATCH      A   -0.002   -0.000  +0.186   0.99->0.99 (1.00)   nan  other-ctx f 0.99
  L2mlp:casePATCH      B   +0.001   +0.000  -0.122   0.99->0.99 (1.00)   nan  other-ctx f 0.99
  L3attn:hmm1          A   -0.241   +0.267  +0.000   0.99->0.51 (0.48)   0.586
  L3attn:hmm1          B   -0.240   +0.270  -0.002   0.99->0.51 (0.48)   0.603
  L3attn:case          A   +0.031   +0.000  +0.110   0.99->1.02 (1.00)   0.518
  L3attn:case          B   +0.032   +0.000  -0.228   0.99->1.02 (1.00)   0.475
  L3attn:casePATCH     A   -0.002   -0.000  +0.186   0.99->0.99 (1.00)   nan  other-ctx f 0.99
  L3attn:casePATCH     B   +0.001   +0.000  -0.122   0.99->1.00 (1.00)   nan  other-ctx f 0.99
  L3mlp:hmm1           A   -0.255   +0.251  +0.003   0.99->0.51 (0.51)   0.602
  L3mlp:hmm1           B   -0.255   +0.251  +0.056   0.99->0.51 (0.51)   0.609
  L3mlp:case           A   +0.027   +0.000  +0.110   0.99->1.02 (1.00)   0.443
  L3mlp:case           B   +0.027   +0.000  -0.228   0.99->1.02 (1.00)   0.412
  L3mlp:casePATCH      A   -0.001   +0.000  +0.186   0.99->0.99 (1.00)   nan  other-ctx f 0.99
  L3mlp:casePATCH      B   +0.000   +0.000  -0.122   0.99->0.99 (1.00)   nan  other-ctx f 0.99
  L4attn:hmm1          A   -0.257   +0.255  +0.003   0.99->0.50 (0.50)   0.588
  L4attn:hmm1          B   -0.257   +0.256  +0.055   0.99->0.50 (0.50)   0.594
  L4attn:case          A   +0.031   +0.000  +0.110   0.99->1.02 (1.00)   0.448
  L4attn:case          B   +0.031   +0.000  -0.228   0.99->1.02 (1.00)   0.422
  L4attn:casePATCH     A   -0.001   +0.000  +0.186   0.99->0.99 (1.00)   nan  other-ctx f 0.99
  L4attn:casePATCH     B   -0.000   +0.000  -0.122   0.99->0.99 (1.00)   nan  other-ctx f 0.99
  L4mlp:hmm1           A   -0.258   +0.255  +0.004   0.99->0.50 (0.50)   0.532
  L4mlp:hmm1           B   -0.258   +0.255  +0.060   0.99->0.50 (0.50)   0.532
  L4mlp:case           A   +0.025   +0.001  +0.109   0.99->1.01 (1.00)   0.352
  L4mlp:case           B   +0.026   +0.001  -0.229   0.99->1.02 (1.00)   0.333
  L4mlp:casePATCH      A   -0.001   +0.000  +0.187   0.99->0.99 (1.00)   nan  other-ctx f 0.99
  L4mlp:casePATCH      B   +0.001   +0.000  -0.121   0.99->1.00 (1.00)   nan  other-ctx f 0.99
  ALL:hmm1             A   -0.257   +0.261  +0.002   0.99->0.50 (0.49)   0.640
  ALL:hmm1             B   -0.257   +0.261  -0.056   0.99->0.50 (0.49)   0.651
  ALL:case             A   +0.012   +0.010  +0.110   0.99->0.99 (0.98)   0.556
  ALL:case             B   +0.014   +0.014  -0.229   0.99->0.99 (0.97)   0.538
  L4mlp:hmm1_DECODER   A   -0.013   +0.000  -0.000   0.99->0.98 (1.00)   0.093
  L4mlp:hmm1_DECODER   B   -0.013   +0.000  +0.001   0.99->0.98 (1.00)   0.093
per-history Spearman(f_n, w_A,n) at t=3..12:
  A: t3:+0.01(n=1127)  t4:+0.03(n=1124)  t5:-0.02(n=1140)  t6:+0.05(n=1156)  t7:-0.03(n=1142)  t8:-0.01(n=1125)  t9:-0.02(n=1143)  t10:+0.00(n=1111)  t11:+0.06(n=1116)  t12:-0.01(n=1131)
  B: t3:+0.06(n=1127)  t4:+0.01(n=1124)  t5:+0.02(n=1140)  t6:+0.04(n=1156)  t7:+0.01(n=1142)  t8:-0.07(n=1125)  t9:-0.01(n=1143)  t10:-0.04(n=1111)  t11:+0.08(n=1116)  t12:+0.00(n=1131)
