ckpt runs_h/s0/anchored/model.pt
capture   R2 hmm1(A/B/pool)      R2 case(pool)  R2 logit_w(pool)  | ovl hmm1 A-B  hmm1-case
  emb     0.495/0.495/0.495      0.357        -0.000        |   1.000       0.079
  L1attn  0.795/0.796/0.796      0.374        0.002        |   0.901       0.184
  L1mlp   0.793/0.794/0.794      0.381        0.027        |   0.767       0.035
  L2attn  0.923/0.923/0.923      0.465        0.019        |   0.774       0.137
  L2mlp   0.960/0.960/0.960      0.639        0.355        |   0.970       0.096
  L3attn  0.983/0.984/0.984      0.900        0.852        |   0.948       0.101
  L3mlp   0.990/0.990/0.989      0.947        0.896        |   0.732       0.069
  L4attn  0.991/0.992/0.989      0.979        0.969        |   0.749       0.123
  L4mlp   0.992/0.993/0.990      0.981        0.967        |   0.697       0.104
transfer from ref (pool hmm1 probe): capture  A_r2  A_r2_sigma  B_r2  B_r2_sigma | w: A B
  emb     0.496  -0.522  0.496  -0.522 | -4.665 -4.505
  L1attn  -0.632  -3.282  -0.580  -3.256 | -6.005 -7.147
  L1mlp   -0.207  -3.156  -0.208  -3.179 | -5.377 -5.247
  L2attn  0.704  -1.468  0.703  -1.488 | -10.206 -3.002
  L2mlp   0.579  -0.662  0.643  -0.624 | -28.032 -18.154
  L3attn  0.474  -0.382  0.556  -0.298 | -22.377 -100.599
  L3mlp   -1.653  0.199  0.431  -1.102 | -64.435 -114.031
  L4attn  -1.767  0.660  0.772  -0.893 | -15.430 -62.649
  L4mlp   -2.454  0.566  0.474  -2.170 | -11.782 -70.610
interventions (t>=16): site:kind  ctx  d_x_unfl  d_x_fl   d_y    f0->f (f_expl)  |dresid|/|resid|  [casePATCH: f of other ctx]
  emb:hmm1             A   -0.087   +0.048  +0.001   0.99->0.75 (0.84)   0.385
  emb:hmm1             B   +0.045   -0.092  -0.001   0.02->0.25 (0.38)   0.385
  emb:case             A   +0.004   +0.011  +0.063   0.99->0.97 (0.96)   0.498
  emb:case             B   +0.288   -0.278  +0.160   0.02->0.97 (0.96)   0.498
  emb:casePATCH        A   -0.273   +0.250  +0.245   0.99->0.10 (0.18)   nan  other-ctx f 0.02
  emb:casePATCH        B   +0.272   -0.280  +0.212   0.02->0.95 (0.97)   nan  other-ctx f 0.99
  L1attn:hmm1          A   -0.079   +0.036  +0.001   0.99->0.79 (0.88)   0.331
  L1attn:hmm1          B   +0.034   -0.081  -0.001   0.02->0.21 (0.36)   0.334
  L1attn:case          A   +0.019   +0.007  +0.051   0.99->1.00 (0.97)   0.471
  L1attn:case          B   +0.287   -0.280  +0.161   0.02->0.98 (0.97)   0.458
  L1attn:casePATCH     A   -0.271   +0.245  +0.233   0.99->0.11 (0.19)   nan  other-ctx f 0.02
  L1attn:casePATCH     B   +0.283   -0.282  +0.209   0.02->0.97 (0.98)   nan  other-ctx f 0.99
  L1mlp:hmm1           A   -0.134   +0.143  +0.002   0.99->0.52 (0.51)   0.478
  L1mlp:hmm1           B   +0.144   -0.134  -0.000   0.02->0.49 (0.48)   0.482
  L1mlp:case           A   +0.007   +0.005  +0.111   0.99->0.99 (0.98)   0.550
  L1mlp:case           B   +0.293   -0.283  +0.122   0.02->0.99 (0.98)   0.543
  L1mlp:casePATCH      A   -0.285   +0.285  +0.262   0.99->0.02 (0.04)   nan  other-ctx f 0.02
  L1mlp:casePATCH      B   +0.283   -0.288  +0.220   0.02->0.98 (0.99)   nan  other-ctx f 0.99
  L2attn:hmm1          A   -0.123   +0.104  +0.000   0.99->0.60 (0.64)   0.441
  L2attn:hmm1          B   +0.104   -0.124  -0.000   0.02->0.41 (0.45)   0.435
  L2attn:case          A   -0.002   +0.002  +0.106   0.99->0.98 (0.99)   0.551
  L2attn:case          B   +0.284   -0.285  +0.122   0.02->0.98 (0.99)   0.564
  L2attn:casePATCH     A   -0.280   +0.256  +0.232   0.99->0.07 (0.17)   nan  other-ctx f 0.02
  L2attn:casePATCH     B   +0.274   -0.286  +0.210   0.02->0.97 (0.99)   nan  other-ctx f 0.99
  L2mlp:hmm1           A   -0.134   +0.121  +0.001   0.99->0.55 (0.59)   0.401
  L2mlp:hmm1           B   +0.121   -0.134  -0.000   0.02->0.45 (0.49)   0.402
  L2mlp:case           A   -0.041   +0.002  +0.109   0.99->0.93 (0.99)   0.559
  L2mlp:case           B   +0.244   -0.285  +0.118   0.02->0.93 (0.99)   0.567
  L2mlp:casePATCH      A   -0.285   +0.280  +0.252   0.99->0.03 (0.07)   nan  other-ctx f 0.02
  L2mlp:casePATCH      B   +0.279   -0.286  +0.219   0.02->0.98 (0.99)   nan  other-ctx f 0.99
  L3attn:hmm1          A   -0.137   +0.135  +0.000   0.99->0.52 (0.54)   0.456
  L3attn:hmm1          B   +0.136   -0.138  +0.000   0.02->0.48 (0.49)   0.411
  L3attn:case          A   -0.052   +0.002  +0.110   0.99->0.91 (0.99)   0.541
  L3attn:case          B   +0.223   -0.284  +0.119   0.02->0.89 (0.99)   0.594
  L3attn:casePATCH     A   -0.285   +0.276  +0.257   0.99->0.03 (0.09)   nan  other-ctx f 0.02
  L3attn:casePATCH     B   +0.278   -0.286  +0.220   0.02->0.97 (0.99)   nan  other-ctx f 0.99
  L3mlp:hmm1           A   -0.112   +0.118  +0.001   0.99->0.59 (0.60)   0.417
  L3mlp:hmm1           B   +0.092   -0.065  +0.000   0.02->0.30 (0.27)   0.376
  L3mlp:case           A   +0.027   -0.000  +0.111   0.99->1.03 (0.99)   0.531
  L3mlp:case           B   +0.137   -0.261  +0.118   0.02->0.70 (0.97)   0.550
  L3mlp:casePATCH      A   -0.240   +0.110  +0.262   0.99->0.39 (0.87)   nan  other-ctx f 0.02
  L3mlp:casePATCH      B   +0.142   -0.261  +0.227   0.02->0.71 (0.97)   nan  other-ctx f 0.99
  L4attn:hmm1          A   -0.107   +0.118  +0.001   0.99->0.60 (0.60)   0.393
  L4attn:hmm1          B   +0.087   -0.049  +0.001   0.02->0.26 (0.23)   0.360
  L4attn:case          A   -0.128   +0.018  +0.108   0.99->0.76 (0.99)   0.606
  L4attn:case          B   +0.022   -0.143  +0.116   0.02->0.28 (0.90)   0.584
  L4attn:casePATCH     A   -0.234   +0.097  +0.263   0.99->0.42 (0.91)   nan  other-ctx f 0.02
  L4attn:casePATCH     B   +0.114   -0.248  +0.226   0.02->0.64 (0.97)   nan  other-ctx f 0.99
  L4mlp:hmm1           A   +0.066   +0.070  +0.000   0.99->0.92 (0.79)   0.272
  L4mlp:hmm1           B   +0.068   +0.073  +0.000   0.02->0.07 (0.02)   0.238
  L4mlp:case           A   +0.031   +0.001  +0.108   0.99->1.03 (0.99)   0.379
  L4mlp:case           B   +0.001   +0.024  +0.114   0.02->-0.02 (0.15)   0.421
  L4mlp:casePATCH      A   +0.004   +0.000  +0.258   0.99->0.99 (0.99)   nan  other-ctx f 0.02
  L4mlp:casePATCH      B   +0.001   -0.009  +0.222   0.02->0.03 (0.08)   nan  other-ctx f 0.99
  ALL:hmm1             A   -0.136   +0.146  +0.002   0.99->0.51 (0.51)   0.491
  ALL:hmm1             B   +0.146   -0.138  -0.001   0.02->0.50 (0.49)   0.482
  ALL:case             A   -0.189   +0.064  +0.109   0.99->0.56 (0.89)   0.666
  ALL:case             B   +0.097   -0.224  +0.116   0.02->0.56 (0.90)   0.663
  L4mlp:hmm1_DECODER   A   +0.009   +0.008  +0.000   0.99->0.97 (0.97)   0.134
  L4mlp:hmm1_DECODER   B   +0.008   +0.008  +0.000   0.02->0.03 (0.04)   0.137
per-history Spearman(f_n, w_A,n) at t=3..12:
  A: t3:+0.89(n=1026)  t4:+0.94(n=1059)  t5:+0.93(n=1041)  t6:+0.90(n=1035)  t7:+0.87(n=1045)  t8:+0.82(n=1031)  t9:+0.78(n=1051)  t10:+0.75(n=1028)  t11:+0.75(n=1042)  t12:+0.68(n=1050)
  B: t3:+0.73(n=1026)  t4:+0.79(n=1059)  t5:+0.82(n=1041)  t6:+0.87(n=1035)  t7:+0.89(n=1045)  t8:+0.88(n=1031)  t9:+0.85(n=1051)  t10:+0.85(n=1028)  t11:+0.80(n=1042)  t12:+0.79(n=1050)
