ckpt runs/s0/unanchored/model.pt
capture   R2 hmm1(A/B/pool)      R2 case(pool)  R2 logit_w(pool)  | ovl hmm1 A-B  hmm1-case
  emb     0.944/0.944/0.944      0.357        -0.000        |   1.000       0.048
  L1attn  0.992/0.992/0.992      0.453        0.001        |   0.931       0.145
  L1mlp   0.992/0.992/0.992      0.517        0.108        |   0.944       0.064
  L2attn  0.995/0.995/0.995      0.521        0.122        |   0.961       0.108
  L2mlp   0.998/0.998/0.998      0.589        0.265        |   0.949       0.058
  L3attn  0.997/0.998/0.997      0.649        0.371        |   0.959       0.096
  L3mlp   0.999/0.999/0.999      0.675        0.383        |   0.951       0.082
  L4attn  0.999/0.999/0.999      0.680        0.400        |   0.945       0.083
  L4mlp   0.999/0.999/0.999      0.680        0.405        |   0.922       0.048
transfer from ref (pool hmm1 probe): capture  A_r2  A_r2_sigma  B_r2  B_r2_sigma | w: A B
  emb     0.942  -0.964  0.942  -0.964 | -4.661 -4.508
  L1attn  0.805  -0.795  0.807  -0.794 | -9.722 -1.812
  L1mlp   0.868  -1.323  0.868  -1.307 | -23.714 -24.982
  L2attn  -2.733  -0.168  -2.707  -0.148 | -585.217 -486.328
  L2mlp   -3.586  -0.130  -3.639  -0.160 | -357.614 -327.479
  L3attn  -3.568  -0.109  -3.608  -0.128 | -115.711 -71.387
  L3mlp   -3.327  -0.013  -3.384  -0.047 | -94.551 -170.394
  L4attn  -3.218  0.043  -3.280  0.007 | -36.649 -90.918
  L4mlp   -3.102  0.057  -3.144  0.031 | -92.725 -186.658
interventions (t>=16): site:kind  ctx  d_x_unfl  d_x_fl   d_y    f0->f (f_expl)  |dresid|/|resid|  [casePATCH: f of other ctx]
  emb:hmm1             A   -0.021   +0.010  +0.001   1.00->0.97 (0.98)   0.395
  emb:hmm1             B   -0.021   +0.008  -0.011   1.00->0.98 (0.99)   0.395
  emb:case             A   +0.003   +0.005  +0.016   1.00->1.00 (0.99)   0.481
  emb:case             B   +0.003   +0.006  -0.087   1.00->1.00 (0.99)   0.482
  emb:casePATCH        A   -0.005   +0.004  +0.125   1.00->0.99 (0.99)   nan  other-ctx f 1.00
  emb:casePATCH        B   -0.006   +0.004  -0.119   1.00->0.99 (0.99)   nan  other-ctx f 1.00
  L1attn:hmm1          A   -0.028   +0.007  +0.000   1.00->0.97 (0.99)   0.465
  L1attn:hmm1          B   -0.028   +0.007  -0.007   1.00->0.97 (0.99)   0.465
  L1attn:case          A   +0.006   +0.000  +0.010   1.00->1.01 (1.00)   0.509
  L1attn:case          B   +0.007   +0.000  -0.074   1.00->1.01 (1.00)   0.510
  L1attn:casePATCH     A   -0.001   +0.000  +0.103   1.00->1.00 (1.00)   nan  other-ctx f 1.00
  L1attn:casePATCH     B   -0.002   +0.001  -0.114   1.00->1.00 (1.00)   nan  other-ctx f 1.00
  L1mlp:hmm1           A   -0.196   +0.358  +0.011   1.00->0.47 (0.35)   0.597
  L1mlp:hmm1           B   -0.197   +0.361  -0.088   1.00->0.47 (0.35)   0.599
  L1mlp:case           A   +0.008   +0.001  +0.111   1.00->1.00 (1.00)   0.599
  L1mlp:case           B   +0.007   +0.001  -0.224   1.00->1.00 (1.00)   0.591
  L1mlp:casePATCH      A   +0.001   -0.000  +0.186   1.00->1.00 (1.00)   nan  other-ctx f 1.00
  L1mlp:casePATCH      B   -0.000   +0.000  -0.120   1.00->1.00 (1.00)   nan  other-ctx f 1.00
  L2attn:hmm1          A   -0.169   +0.326  +0.009   1.00->0.53 (0.42)   0.688
  L2attn:hmm1          B   -0.168   +0.334  -0.064   1.00->0.52 (0.41)   0.705
  L2attn:case          A   +0.015   +0.001  +0.111   1.00->1.01 (1.00)   0.539
  L2attn:case          B   +0.014   +0.001  -0.224   1.00->1.01 (1.00)   0.504
  L2attn:casePATCH     A   +0.002   -0.000  +0.183   1.00->1.00 (1.00)   nan  other-ctx f 1.00
  L2attn:casePATCH     B   -0.000   +0.000  -0.121   1.00->1.00 (1.00)   nan  other-ctx f 1.00
  L2mlp:hmm1           A   -0.246   +0.280  +0.001   1.00->0.49 (0.46)   0.645
  L2mlp:hmm1           B   -0.247   +0.282  -0.012   1.00->0.49 (0.46)   0.655
  L2mlp:case           A   +0.004   +0.000  +0.112   1.00->1.01 (1.00)   0.473
  L2mlp:case           B   +0.005   +0.001  -0.225   1.00->1.01 (1.00)   0.437
  L2mlp:casePATCH      A   -0.000   -0.000  +0.186   1.00->1.00 (1.00)   nan  other-ctx f 1.00
  L2mlp:casePATCH      B   +0.001   +0.000  -0.120   1.00->1.00 (1.00)   nan  other-ctx f 1.00
  L3attn:hmm1          A   -0.246   +0.272  +0.001   1.00->0.50 (0.47)   0.650
  L3attn:hmm1          B   -0.245   +0.272  -0.011   1.00->0.50 (0.47)   0.661
  L3attn:case          A   +0.013   +0.001  +0.112   1.00->1.01 (1.00)   0.469
  L3attn:case          B   +0.014   +0.001  -0.225   1.00->1.01 (1.00)   0.432
  L3attn:casePATCH     A   -0.001   -0.000  +0.185   1.00->1.00 (1.00)   nan  other-ctx f 1.00
  L3attn:casePATCH     B   +0.001   +0.000  -0.120   1.00->1.00 (1.00)   nan  other-ctx f 1.00
  L3mlp:hmm1           A   -0.262   +0.256  +0.003   1.00->0.50 (0.50)   0.615
  L3mlp:hmm1           B   -0.262   +0.256  +0.061   1.00->0.50 (0.50)   0.622
  L3mlp:case           A   +0.008   +0.001  +0.111   1.00->1.01 (1.00)   0.414
  L3mlp:case           B   +0.010   +0.001  -0.226   1.00->1.01 (1.00)   0.380
  L3mlp:casePATCH      A   -0.002   +0.000  +0.185   1.00->1.00 (1.00)   nan  other-ctx f 1.00
  L3mlp:casePATCH      B   +0.002   +0.000  -0.121   1.00->1.00 (1.00)   nan  other-ctx f 1.00
  L4attn:hmm1          A   -0.261   +0.257  +0.002   1.00->0.50 (0.50)   0.574
  L4attn:hmm1          B   -0.261   +0.256  +0.047   1.00->0.50 (0.50)   0.584
  L4attn:case          A   +0.011   +0.001  +0.110   1.00->1.01 (1.00)   0.493
  L4attn:case          B   +0.014   +0.001  -0.227   1.00->1.01 (1.00)   0.457
  L4attn:casePATCH     A   -0.002   +0.000  +0.186   1.00->1.00 (1.00)   nan  other-ctx f 1.00
  L4attn:casePATCH     B   +0.002   +0.000  -0.121   1.00->1.00 (1.00)   nan  other-ctx f 1.00
  L4mlp:hmm1           A   -0.262   +0.256  +0.003   1.00->0.50 (0.50)   0.495
  L4mlp:hmm1           B   -0.263   +0.255  +0.049   1.00->0.50 (0.50)   0.496
  L4mlp:case           A   +0.014   +0.001  +0.109   1.00->1.01 (1.00)   0.341
  L4mlp:case           B   +0.018   +0.001  -0.227   1.00->1.02 (1.00)   0.318
  L4mlp:casePATCH      A   -0.003   +0.000  +0.186   1.00->1.00 (1.00)   nan  other-ctx f 1.00
  L4mlp:casePATCH      B   +0.003   +0.000  -0.121   1.00->1.00 (1.00)   nan  other-ctx f 1.00
  ALL:hmm1             A   -0.254   +0.265  +0.033   1.00->0.50 (0.48)   0.690
  ALL:hmm1             B   -0.256   +0.263  -0.157   1.00->0.50 (0.48)   0.696
  ALL:case             A   -0.013   +0.008  +0.108   1.00->0.98 (0.98)   0.547
  ALL:case             B   -0.014   +0.008  -0.226   1.00->0.98 (0.98)   0.528
  L4mlp:hmm1_DECODER   A   -0.017   +0.000  +0.000   1.00->0.99 (1.00)   0.098
  L4mlp:hmm1_DECODER   B   -0.017   +0.000  +0.002   1.00->0.99 (1.00)   0.099
per-history Spearman(f_n, w_A,n) at t=3..12:
  A: t3:-0.08(n=1127)  t4:-0.06(n=1124)  t5:-0.06(n=1140)  t6:-0.12(n=1156)  t7:-0.06(n=1142)  t8:-0.02(n=1125)  t9:-0.05(n=1143)  t10:-0.08(n=1111)  t11:-0.03(n=1116)  t12:-0.05(n=1131)
  B: t3:+0.01(n=1127)  t4:-0.02(n=1124)  t5:+0.04(n=1140)  t6:-0.02(n=1156)  t7:-0.01(n=1142)  t8:-0.00(n=1125)  t9:-0.03(n=1143)  t10:+0.00(n=1111)  t11:-0.03(n=1116)  t12:-0.01(n=1131)
