ckpt runs_h/s2/unanchored/model.pt
capture   R2 hmm1(A/B/pool)      R2 case(pool)  R2 logit_w(pool)  | ovl hmm1 A-B  hmm1-case
  emb     0.495/0.495/0.495      0.357        -0.000        |   1.000       0.071
  L1attn  0.896/0.896/0.896      0.455        0.001        |   0.733       0.072
  L1mlp   0.903/0.904/0.904      0.489        0.064        |   0.962       0.047
  L2attn  0.936/0.936/0.936      0.486        0.053        |   0.965       0.130
  L2mlp   0.975/0.975/0.975      0.572        0.229        |   0.961       0.078
  L3attn  0.988/0.988/0.988      0.601        0.338        |   0.962       0.049
  L3mlp   0.994/0.994/0.994      0.607        0.367        |   0.963       0.050
  L4attn  0.994/0.994/0.994      0.622        0.411        |   0.972       0.150
  L4mlp   0.995/0.995/0.995      0.622        0.410        |   0.958       0.131
transfer from ref (pool hmm1 probe): capture  A_r2  A_r2_sigma  B_r2  B_r2_sigma | w: A B
  emb     0.494  -0.536  0.494  -0.536 | -4.659 -4.510
  L1attn  -1.166  -5.040  -1.136  -4.998 | -8.865 -7.893
  L1mlp   -3.141  -9.145  -3.108  -9.097 | -5.333 -11.804
  L2attn  0.364  -1.799  0.367  -1.797 | -106.556 -70.535
  L2mlp   -2.796  -2.509  -2.866  -2.577 | -21.712 -14.358
  L3attn  -3.795  -0.326  -3.892  -0.368 | -14.351 -17.297
  L3mlp   -4.251  -0.243  -4.349  -0.291 | -56.892 -39.877
  L4attn  -3.334  0.218  -3.385  0.198 | -48.608 -16.115
  L4mlp   -2.321  0.604  -2.358  0.592 | -46.280 -11.498
interventions (t>=16): site:kind  ctx  d_x_unfl  d_x_fl   d_y    f0->f (f_expl)  |dresid|/|resid|  [casePATCH: f of other ctx]
  emb:hmm1             A   -0.098   +0.055  +0.005   1.00->0.73 (0.82)   0.344
  emb:hmm1             B   -0.099   +0.052  -0.058   1.00->0.74 (0.84)   0.344
  emb:case             A   -0.001   +0.008  +0.072   1.00->0.99 (0.97)   0.485
  emb:case             B   -0.001   +0.008  -0.179   1.00->0.99 (0.97)   0.485
  emb:casePATCH        A   -0.012   +0.004  +0.175   1.00->0.98 (0.98)   nan  other-ctx f 1.00
  emb:casePATCH        B   -0.010   +0.005  -0.129   1.00->0.98 (0.98)   nan  other-ctx f 1.00
  L1attn:hmm1          A   -0.087   +0.038  +0.001   1.00->0.78 (0.88)   0.454
  L1attn:hmm1          B   -0.088   +0.038  -0.020   1.00->0.78 (0.88)   0.453
  L1attn:case          A   -0.007   +0.013  +0.057   1.00->0.97 (0.95)   0.476
  L1attn:case          B   -0.006   +0.013  -0.160   1.00->0.97 (0.95)   0.478
  L1attn:casePATCH     A   -0.005   +0.001  +0.167   1.00->1.00 (0.99)   nan  other-ctx f 1.00
  L1attn:casePATCH     B   -0.004   +0.001  -0.129   1.00->1.00 (0.99)   nan  other-ctx f 1.00
  L1mlp:hmm1           A   -0.130   +0.144  +0.004   1.00->0.54 (0.52)   0.504
  L1mlp:hmm1           B   -0.130   +0.144  -0.051   1.00->0.54 (0.52)   0.504
  L1mlp:case           A   +0.008   +0.002  +0.110   1.00->1.02 (0.99)   0.475
  L1mlp:case           B   +0.008   +0.002  -0.228   1.00->1.01 (0.99)   0.472
  L1mlp:casePATCH      A   -0.001   +0.000  +0.187   1.00->1.00 (1.00)   nan  other-ctx f 1.00
  L1mlp:casePATCH      B   -0.000   -0.000  -0.123   1.00->1.00 (1.00)   nan  other-ctx f 1.00
  L2attn:hmm1          A   -0.129   +0.134  +0.001   1.00->0.55 (0.55)   0.636
  L2attn:hmm1          B   -0.130   +0.134  -0.019   1.00->0.55 (0.55)   0.646
  L2attn:case          A   -0.002   +0.002  +0.110   1.00->1.00 (0.99)   0.510
  L2attn:case          B   -0.002   +0.001  -0.226   1.00->1.00 (0.99)   0.488
  L2attn:casePATCH     A   -0.001   +0.000  +0.186   1.00->1.00 (1.00)   nan  other-ctx f 1.00
  L2attn:casePATCH     B   -0.000   -0.000  -0.122   1.00->1.00 (1.00)   nan  other-ctx f 1.00
  L2mlp:hmm1           A   -0.157   +0.129  +0.000   1.00->0.52 (0.57)   0.598
  L2mlp:hmm1           B   -0.157   +0.128  -0.005   1.00->0.52 (0.57)   0.606
  L2mlp:case           A   +0.010   +0.001  +0.111   1.00->1.02 (1.00)   0.449
  L2mlp:case           B   +0.011   +0.001  -0.229   1.00->1.02 (1.00)   0.425
  L2mlp:casePATCH      A   -0.001   +0.000  +0.187   1.00->1.00 (1.00)   nan  other-ctx f 1.00
  L2mlp:casePATCH      B   +0.000   -0.000  -0.122   1.00->1.00 (1.00)   nan  other-ctx f 1.00
  L3attn:hmm1          A   -0.149   +0.139  +0.001   1.00->0.52 (0.53)   0.575
  L3attn:hmm1          B   -0.149   +0.139  -0.015   1.00->0.52 (0.53)   0.579
  L3attn:case          A   +0.009   +0.000  +0.112   1.00->1.02 (1.00)   0.389
  L3attn:case          B   +0.010   +0.000  -0.230   1.00->1.02 (1.00)   0.366
  L3attn:casePATCH     A   -0.002   +0.000  +0.187   1.00->1.00 (1.00)   nan  other-ctx f 1.00
  L3attn:casePATCH     B   +0.001   -0.000  -0.122   1.00->1.00 (1.00)   nan  other-ctx f 1.00
  L3mlp:hmm1           A   -0.148   +0.148  +0.000   1.00->0.50 (0.50)   0.522
  L3mlp:hmm1           B   -0.148   +0.148  +0.027   1.00->0.50 (0.50)   0.524
  L3mlp:case           A   +0.012   +0.000  +0.111   1.00->1.02 (1.00)   0.400
  L3mlp:case           B   +0.013   +0.000  -0.231   1.00->1.02 (1.00)   0.382
  L3mlp:casePATCH      A   -0.002   +0.000  +0.188   1.00->1.00 (1.00)   nan  other-ctx f 1.00
  L3mlp:casePATCH      B   +0.001   -0.000  -0.122   1.00->1.01 (1.00)   nan  other-ctx f 1.00
  L4attn:hmm1          A   -0.148   +0.149  +0.000   1.00->0.50 (0.50)   0.435
  L4attn:hmm1          B   -0.148   +0.149  +0.013   1.00->0.50 (0.50)   0.437
  L4attn:case          A   +0.012   +0.000  +0.109   1.00->1.02 (1.00)   0.437
  L4attn:case          B   +0.014   +0.000  -0.230   1.00->1.02 (1.00)   0.414
  L4attn:casePATCH     A   -0.002   +0.000  +0.187   1.00->1.00 (1.00)   nan  other-ctx f 1.00
  L4attn:casePATCH     B   +0.001   -0.000  -0.122   1.00->1.01 (1.00)   nan  other-ctx f 1.00
  L4mlp:hmm1           A   -0.149   +0.149  +0.000   1.00->0.50 (0.50)   0.335
  L4mlp:hmm1           B   -0.148   +0.149  +0.020   1.00->0.50 (0.50)   0.335
  L4mlp:case           A   +0.007   +0.000  +0.109   1.00->1.01 (1.00)   0.296
  L4mlp:case           B   +0.010   +0.000  -0.230   1.00->1.02 (1.00)   0.282
  L4mlp:casePATCH      A   -0.003   +0.000  +0.187   1.00->1.00 (1.00)   nan  other-ctx f 1.00
  L4mlp:casePATCH      B   +0.002   +0.000  -0.123   1.00->1.01 (1.00)   nan  other-ctx f 1.00
  ALL:hmm1             A   -0.147   +0.150  +0.009   1.00->0.50 (0.50)   0.587
  ALL:hmm1             B   -0.146   +0.150  -0.079   1.00->0.50 (0.50)   0.589
  ALL:case             A   -0.028   +0.039  +0.109   1.00->0.89 (0.86)   0.551
  ALL:case             B   -0.026   +0.039  -0.230   1.00->0.89 (0.86)   0.540
  L4mlp:hmm1_DECODER   A   -0.030   +0.001  +0.000   1.00->0.95 (1.00)   0.108
  L4mlp:hmm1_DECODER   B   -0.030   +0.001  +0.002   1.00->0.95 (1.00)   0.108
per-history Spearman(f_n, w_A,n) at t=3..12:
  A: t3:-0.06(n=1026)  t4:-0.02(n=1059)  t5:-0.02(n=1041)  t6:+0.04(n=1035)  t7:+0.07(n=1045)  t8:-0.01(n=1031)  t9:-0.03(n=1051)  t10:-0.01(n=1028)  t11:+0.02(n=1042)  t12:-0.02(n=1050)
  B: t3:+0.05(n=1026)  t4:-0.05(n=1059)  t5:+0.02(n=1041)  t6:+0.06(n=1035)  t7:-0.01(n=1045)  t8:+0.02(n=1031)  t9:-0.03(n=1051)  t10:-0.00(n=1028)  t11:+0.04(n=1042)  t12:-0.05(n=1050)
