ckpt runs/s1/pretrain/model.pt
capture   R2 hmm1(A/B/pool)      R2 case(pool)  R2 logit_w(pool)  | ovl hmm1 A-B  hmm1-case
  emb     0.944/0.944/0.944      0.357        -0.000        |   1.000       0.017
  L1attn  0.993/0.993/0.993      0.455        0.001        |   0.881       0.029
  L1mlp   0.992/0.992/0.992      0.565        0.196        |   0.954       0.054
  L2attn  0.994/0.994/0.994      0.825        0.762        |   0.961       0.072
  L2mlp   0.996/0.997/0.996      0.859        0.761        |   0.857       0.067
  L3attn  0.996/0.996/0.996      0.925        0.826        |   0.859       0.033
  L3mlp   0.997/0.997/0.997      0.942        0.851        |   0.758       0.086
  L4attn  0.999/0.999/0.999      0.960        0.880        |   0.815       0.056
  L4mlp   0.999/0.999/0.999      0.963        0.889        |   0.804       0.037
interventions (t>=16): site:kind  ctx  d_x_unfl  d_x_fl   d_y    f0->f (f_expl)  |dresid|/|resid|  [casePATCH: f of other ctx]
  emb:hmm1             A   +0.037   -0.110  +0.004   -0.01->0.13 (0.26)   0.390
  emb:hmm1             B   +0.046   -0.130  +0.001   -0.01->0.17 (0.33)   0.390
  emb:case             A   +0.003   +0.001  +0.050   -0.01->0.00 (0.01)   0.471
  emb:case             B   +0.003   +0.003  +0.188   -0.01->-0.00 (0.01)   0.471
  emb:casePATCH        A   +0.003   -0.013  +0.235   -0.01->0.01 (0.02)   nan  other-ctx f -0.01
  emb:casePATCH        B   +0.003   -0.014  +0.211   -0.01->0.01 (0.02)   nan  other-ctx f -0.01
  L1attn:hmm1          A   +0.060   -0.134  +0.004   -0.01->0.18 (0.28)   0.432
  L1attn:hmm1          B   +0.069   -0.146  +0.001   -0.01->0.21 (0.32)   0.428
  L1attn:case          A   +0.001   +0.019  +0.038   -0.01->-0.02 (0.22)   0.560
  L1attn:case          B   +0.000   +0.019  +0.198   -0.01->-0.02 (0.25)   0.571
  L1attn:casePATCH     A   +0.001   -0.006  +0.237   -0.01->0.00 (0.00)   nan  other-ctx f -0.01
  L1attn:casePATCH     B   +0.001   -0.007  +0.212   -0.01->0.00 (0.00)   nan  other-ctx f -0.01
  L1mlp:hmm1           A   +0.278   -0.254  +0.009   -0.01->0.50 (0.47)   0.503
  L1mlp:hmm1           B   +0.272   -0.254  +0.002   -0.01->0.50 (0.47)   0.503
  L1mlp:case           A   +0.001   +0.027  +0.107   -0.01->-0.03 (0.46)   0.656
  L1mlp:case           B   +0.001   +0.026  +0.119   -0.01->-0.03 (0.47)   0.633
  L1mlp:casePATCH      A   -0.000   +0.000  +0.254   -0.01->-0.01 (0.10)   nan  other-ctx f -0.01
  L1mlp:casePATCH      B   -0.000   +0.000  +0.216   -0.01->-0.01 (0.09)   nan  other-ctx f -0.01
  L2attn:hmm1          A   +0.331   -0.229  +0.005   -0.01->0.52 (0.43)   0.480
  L2attn:hmm1          B   +0.326   -0.228  +0.002   -0.01->0.51 (0.43)   0.472
  L2attn:case          A   +0.000   +0.023  +0.106   -0.01->-0.02 (0.55)   0.582
  L2attn:case          B   +0.000   +0.024  +0.116   -0.01->-0.03 (0.57)   0.596
  L2attn:casePATCH     A   +0.000   +0.001  +0.242   -0.01->-0.01 (0.10)   nan  other-ctx f -0.01
  L2attn:casePATCH     B   +0.000   +0.003  +0.209   -0.01->-0.01 (0.13)   nan  other-ctx f -0.01
  L2mlp:hmm1           A   +0.265   -0.266  +0.003   -0.01->0.50 (0.49)   0.526
  L2mlp:hmm1           B   +0.263   -0.267  +0.004   -0.01->0.50 (0.49)   0.538
  L2mlp:case           A   +0.000   +0.025  +0.109   -0.01->-0.03 (0.53)   0.515
  L2mlp:case           B   +0.000   +0.025  +0.117   -0.01->-0.03 (0.54)   0.491
  L2mlp:casePATCH      A   +0.000   +0.002  +0.249   -0.01->-0.01 (0.10)   nan  other-ctx f -0.01
  L2mlp:casePATCH      B   +0.000   +0.001  +0.217   -0.01->-0.01 (0.11)   nan  other-ctx f -0.01
  L3attn:hmm1          A   +0.266   -0.265  +0.002   -0.01->0.50 (0.49)   0.493
  L3attn:hmm1          B   +0.264   -0.267  +0.003   -0.01->0.50 (0.49)   0.486
  L3attn:case          A   +0.000   +0.025  +0.108   -0.01->-0.03 (0.52)   0.548
  L3attn:case          B   +0.000   +0.025  +0.117   -0.01->-0.03 (0.54)   0.575
  L3attn:casePATCH     A   +0.000   +0.001  +0.255   -0.01->-0.01 (0.07)   nan  other-ctx f -0.01
  L3attn:casePATCH     B   -0.000   +0.001  +0.219   -0.01->-0.01 (0.10)   nan  other-ctx f -0.01
  L3mlp:hmm1           A   +0.256   -0.269  +0.004   -0.01->0.50 (0.50)   0.538
  L3mlp:hmm1           B   +0.255   -0.270  +0.004   -0.01->0.50 (0.50)   0.552
  L3mlp:case           A   +0.001   +0.034  +0.109   -0.01->-0.03 (0.56)   0.476
  L3mlp:case           B   +0.001   +0.038  +0.118   -0.01->-0.03 (0.56)   0.464
  L3mlp:casePATCH      A   +0.000   -0.003  +0.258   -0.01->-0.00 (0.01)   nan  other-ctx f -0.01
  L3mlp:casePATCH      B   +0.000   +0.005  +0.220   -0.01->-0.01 (0.19)   nan  other-ctx f -0.01
  L4attn:hmm1          A   +0.257   -0.269  +0.003   -0.01->0.50 (0.50)   0.556
  L4attn:hmm1          B   +0.257   -0.269  +0.003   -0.01->0.50 (0.50)   0.533
  L4attn:case          A   +0.001   +0.029  +0.108   -0.01->-0.03 (0.55)   0.454
  L4attn:case          B   +0.001   +0.034  +0.117   -0.01->-0.03 (0.55)   0.544
  L4attn:casePATCH     A   +0.000   -0.004  +0.258   -0.01->-0.00 (0.00)   nan  other-ctx f -0.01
  L4attn:casePATCH     B   +0.000   +0.005  +0.217   -0.01->-0.01 (0.19)   nan  other-ctx f -0.01
  L4mlp:hmm1           A   +0.255   -0.269  +0.002   -0.01->0.50 (0.50)   0.500
  L4mlp:hmm1           B   +0.255   -0.269  +0.002   -0.01->0.50 (0.50)   0.501
  L4mlp:case           A   +0.001   +0.040  +0.108   -0.01->-0.04 (0.59)   0.305
  L4mlp:case           B   +0.001   +0.045  +0.117   -0.01->-0.04 (0.57)   0.378
  L4mlp:casePATCH      A   +0.000   -0.003  +0.257   -0.01->-0.00 (0.01)   nan  other-ctx f -0.01
  L4mlp:casePATCH      B   +0.000   +0.004  +0.219   -0.01->-0.01 (0.13)   nan  other-ctx f -0.01
  ALL:hmm1             A   +0.264   -0.272  +0.010   -0.01->0.51 (0.50)   0.596
  ALL:hmm1             B   +0.263   -0.272  +0.002   -0.01->0.51 (0.50)   0.591
  ALL:case             A   +0.004   +0.007  +0.107   -0.01->-0.01 (0.03)   0.621
  ALL:case             B   +0.004   +0.007  +0.115   -0.01->-0.01 (0.02)   0.625
  L4mlp:hmm1_DECODER   A   +0.004   -0.071  -0.000   -0.01->0.06 (0.48)   0.175
  L4mlp:hmm1_DECODER   B   +0.004   -0.071  +0.000   -0.01->0.06 (0.49)   0.175
per-history Spearman(f_n, w_A,n) at t=3..12:
  A: t3:-0.01(n=1127)  t4:+0.01(n=1124)  t5:+0.03(n=1140)  t6:+0.07(n=1156)  t7:+0.07(n=1142)  t8:+0.04(n=1125)  t9:+0.07(n=1143)  t10:+0.05(n=1111)  t11:+0.01(n=1116)  t12:+0.12(n=1131)
  B: t3:-0.02(n=1127)  t4:-0.06(n=1124)  t5:-0.04(n=1140)  t6:-0.09(n=1156)  t7:-0.10(n=1142)  t8:-0.13(n=1125)  t9:-0.09(n=1143)  t10:-0.09(n=1111)  t11:-0.10(n=1116)  t12:-0.07(n=1131)
