ckpt runs_h/s1/pretrain/model.pt
capture   R2 hmm1(A/B/pool)      R2 case(pool)  R2 logit_w(pool)  | ovl hmm1 A-B  hmm1-case
  emb     0.495/0.495/0.495      0.357        -0.000        |   1.000       0.056
  L1attn  0.869/0.868/0.869      0.456        0.003        |   0.917       0.145
  L1mlp   0.863/0.862/0.863      0.555        0.180        |   0.947       0.017
  L2attn  0.918/0.918/0.918      0.713        0.415        |   0.888       0.065
  L2mlp   0.924/0.924/0.924      0.756        0.494        |   0.915       0.094
  L3attn  0.932/0.932/0.932      0.866        0.696        |   0.916       0.095
  L3mlp   0.951/0.951/0.951      0.880        0.717        |   0.931       0.063
  L4attn  0.990/0.991/0.990      0.905        0.731        |   0.925       0.050
  L4mlp   0.993/0.994/0.993      0.951        0.833        |   0.897       0.070
interventions (t>=16): site:kind  ctx  d_x_unfl  d_x_fl   d_y    f0->f (f_expl)  |dresid|/|resid|  [casePATCH: f of other ctx]
  emb:hmm1             A   +0.107   -0.127  +0.005   -0.01->0.40 (0.43)   0.382
  emb:hmm1             B   +0.105   -0.132  -0.001   -0.01->0.40 (0.45)   0.383
  emb:case             A   +0.017   +0.006  +0.093   -0.01->0.02 (0.01)   0.481
  emb:case             B   +0.016   +0.004  +0.146   -0.01->0.02 (0.01)   0.481
  emb:casePATCH        A   +0.009   -0.019  +0.225   -0.01->0.04 (0.05)   nan  other-ctx f -0.01
  emb:casePATCH        B   +0.012   -0.019  +0.214   -0.01->0.04 (0.05)   nan  other-ctx f -0.01
  L1attn:hmm1          A   +0.086   -0.126  +0.004   -0.01->0.36 (0.44)   0.368
  L1attn:hmm1          B   +0.085   -0.128  -0.001   -0.01->0.36 (0.44)   0.368
  L1attn:case          A   +0.011   +0.020  +0.079   -0.01->-0.02 (0.01)   0.502
  L1attn:case          B   +0.011   +0.019  +0.152   -0.01->-0.02 (0.01)   0.511
  L1attn:casePATCH     A   +0.003   -0.008  +0.234   -0.01->0.01 (0.01)   nan  other-ctx f -0.01
  L1attn:casePATCH     B   +0.004   -0.008  +0.214   -0.01->0.01 (0.01)   nan  other-ctx f -0.01
  L1mlp:hmm1           A   +0.137   -0.146  +0.008   -0.01->0.47 (0.49)   0.445
  L1mlp:hmm1           B   +0.138   -0.147  -0.001   -0.01->0.48 (0.49)   0.448
  L1mlp:case           A   +0.008   +0.047  +0.107   -0.01->-0.07 (0.16)   0.541
  L1mlp:case           B   +0.008   +0.047  +0.120   -0.01->-0.07 (0.16)   0.537
  L1mlp:casePATCH      A   -0.000   -0.001  +0.252   -0.01->-0.00 (0.01)   nan  other-ctx f -0.01
  L1mlp:casePATCH      B   +0.000   -0.002  +0.221   -0.01->-0.01 (0.01)   nan  other-ctx f -0.01
  L2attn:hmm1          A   +0.121   -0.142  +0.003   -0.01->0.44 (0.48)   0.419
  L2attn:hmm1          B   +0.121   -0.144  +0.000   -0.01->0.44 (0.48)   0.409
  L2attn:case          A   +0.006   +0.049  +0.106   -0.01->-0.08 (0.24)   0.496
  L2attn:case          B   +0.007   +0.049  +0.119   -0.01->-0.08 (0.24)   0.553
  L2attn:casePATCH     A   +0.000   -0.001  +0.248   -0.01->-0.00 (0.01)   nan  other-ctx f -0.01
  L2attn:casePATCH     B   +0.000   +0.001  +0.218   -0.01->-0.01 (0.03)   nan  other-ctx f -0.01
  L2mlp:hmm1           A   +0.133   -0.143  +0.003   -0.01->0.46 (0.48)   0.426
  L2mlp:hmm1           B   +0.132   -0.145  +0.000   -0.01->0.46 (0.48)   0.421
  L2mlp:case           A   +0.006   +0.050  +0.109   -0.01->-0.08 (0.25)   0.512
  L2mlp:case           B   +0.007   +0.050  +0.118   -0.01->-0.08 (0.25)   0.539
  L2mlp:casePATCH      A   -0.000   +0.000  +0.248   -0.01->-0.01 (0.02)   nan  other-ctx f -0.01
  L2mlp:casePATCH      B   +0.000   +0.001  +0.220   -0.01->-0.01 (0.03)   nan  other-ctx f -0.01
  L3attn:hmm1          A   +0.125   -0.142  +0.002   -0.01->0.45 (0.48)   0.483
  L3attn:hmm1          B   +0.124   -0.143  +0.001   -0.01->0.45 (0.48)   0.458
  L3attn:case          A   +0.005   +0.043  +0.108   -0.01->-0.07 (0.26)   0.477
  L3attn:case          B   +0.005   +0.045  +0.117   -0.01->-0.07 (0.26)   0.558
  L3attn:casePATCH     A   +0.000   +0.001  +0.237   -0.01->-0.01 (0.02)   nan  other-ctx f -0.01
  L3attn:casePATCH     B   +0.000   +0.001  +0.215   -0.01->-0.01 (0.03)   nan  other-ctx f -0.01
  L3mlp:hmm1           A   +0.115   -0.145  +0.001   -0.01->0.44 (0.49)   0.420
  L3mlp:hmm1           B   +0.114   -0.146  +0.000   -0.01->0.44 (0.49)   0.424
  L3mlp:case           A   +0.003   +0.035  +0.114   -0.01->-0.06 (0.26)   0.537
  L3mlp:case           B   +0.004   +0.035  +0.121   -0.01->-0.06 (0.25)   0.544
  L3mlp:casePATCH      A   +0.000   +0.001  +0.250   -0.01->-0.01 (0.02)   nan  other-ctx f -0.01
  L3mlp:casePATCH      B   +0.000   +0.000  +0.225   -0.01->-0.01 (0.03)   nan  other-ctx f -0.01
  L4attn:hmm1          A   +0.148   -0.150  +0.001   -0.01->0.50 (0.50)   0.473
  L4attn:hmm1          B   +0.148   -0.151  +0.000   -0.01->0.50 (0.50)   0.475
  L4attn:case          A   +0.001   +0.018  +0.109   -0.01->-0.03 (0.21)   0.539
  L4attn:case          B   +0.001   +0.018  +0.116   -0.01->-0.04 (0.23)   0.560
  L4attn:casePATCH     A   -0.000   +0.000  +0.252   -0.01->-0.01 (0.01)   nan  other-ctx f -0.01
  L4attn:casePATCH     B   +0.000   +0.000  +0.226   -0.01->-0.01 (0.03)   nan  other-ctx f -0.01
  L4mlp:hmm1           A   +0.148   -0.150  +0.001   -0.01->0.50 (0.50)   0.337
  L4mlp:hmm1           B   +0.148   -0.151  +0.000   -0.01->0.50 (0.50)   0.338
  L4mlp:case           A   +0.001   +0.022  +0.109   -0.01->-0.04 (0.25)   0.326
  L4mlp:case           B   +0.001   +0.026  +0.116   -0.01->-0.05 (0.29)   0.376
  L4mlp:casePATCH      A   +0.000   -0.003  +0.254   -0.01->-0.00 (0.00)   nan  other-ctx f -0.01
  L4mlp:casePATCH      B   +0.000   +0.003  +0.225   -0.01->-0.01 (0.06)   nan  other-ctx f -0.01
  ALL:hmm1             A   +0.148   -0.150  +0.006   -0.01->0.50 (0.50)   0.506
  ALL:hmm1             B   +0.148   -0.151  -0.001   -0.01->0.50 (0.50)   0.509
  ALL:case             A   +0.022   +0.014  +0.107   -0.01->0.01 (0.01)   0.602
  ALL:case             B   +0.020   +0.013  +0.114   -0.01->0.01 (0.01)   0.614
  L4mlp:hmm1_DECODER   A   +0.002   -0.029  -0.000   -0.01->0.04 (0.26)   0.107
  L4mlp:hmm1_DECODER   B   +0.002   -0.029  -0.000   -0.01->0.04 (0.26)   0.108
per-history Spearman(f_n, w_A,n) at t=3..12:
  A: t3:-0.02(n=1026)  t4:-0.06(n=1059)  t5:+0.01(n=1041)  t6:+0.07(n=1035)  t7:+0.09(n=1045)  t8:+0.04(n=1031)  t9:+0.06(n=1051)  t10:+0.08(n=1028)  t11:+0.07(n=1042)  t12:+0.08(n=1050)
  B: t3:-0.02(n=1026)  t4:-0.03(n=1059)  t5:-0.06(n=1041)  t6:-0.03(n=1035)  t7:-0.05(n=1045)  t8:-0.11(n=1031)  t9:-0.10(n=1051)  t10:-0.13(n=1028)  t11:-0.09(n=1042)  t12:-0.05(n=1050)
