ckpt runs_h/s1/anchored/model.pt
capture   R2 hmm1(A/B/pool)      R2 case(pool)  R2 logit_w(pool)  | ovl hmm1 A-B  hmm1-case
  emb     0.495/0.495/0.495      0.357        -0.000        |   1.000       0.047
  L1attn  0.885/0.885/0.885      0.455        0.001        |   0.788       0.083
  L1mlp   0.887/0.887/0.887      0.561        0.188        |   0.957       0.071
  L2attn  0.927/0.927/0.927      0.795        0.730        |   0.908       0.117
  L2mlp   0.970/0.969/0.968      0.861        0.794        |   0.883       0.146
  L3attn  0.972/0.971/0.971      0.927        0.924        |   0.900       0.062
  L3mlp   0.981/0.979/0.972      0.966        0.941        |   0.740       0.102
  L4attn  0.985/0.986/0.977      0.973        0.940        |   0.500       0.087
  L4mlp   0.988/0.990/0.978      0.979        0.942        |   0.449       0.030
transfer from ref (pool hmm1 probe): capture  A_r2  A_r2_sigma  B_r2  B_r2_sigma | w: A B
  emb     0.496  -0.525  0.496  -0.525 | -4.664 -4.505
  L1attn  -0.471  -1.760  -0.461  -1.751 | -4.469 -11.272
  L1mlp   0.550  -1.066  0.533  -1.104 | -22.925 -13.848
  L2attn  0.625  -2.361  0.608  -2.361 | -42.517 -43.655
  L2mlp   0.745  -1.635  0.760  -1.664 | -15.944 -30.576
  L3attn  0.687  -1.571  0.624  -1.691 | -55.330 -134.320
  L3mlp   -4.669  -1.140  -0.306  -3.183 | -32.164 -28.988
  L4attn  -2.747  0.414  0.781  -1.340 | -34.930 -52.117
  L4mlp   -1.944  0.650  0.697  -2.040 | -39.306 -59.021
interventions (t>=16): site:kind  ctx  d_x_unfl  d_x_fl   d_y    f0->f (f_expl)  |dresid|/|resid|  [casePATCH: f of other ctx]
  emb:hmm1             A   -0.099   +0.072  +0.001   0.99->0.69 (0.75)   0.386
  emb:hmm1             B   +0.071   -0.115  +0.000   0.01->0.33 (0.44)   0.386
  emb:case             A   -0.009   +0.010  +0.077   0.99->0.95 (0.96)   0.488
  emb:case             B   +0.277   -0.279  +0.165   0.01->0.96 (0.96)   0.488
  emb:casePATCH        A   -0.278   +0.263  +0.244   0.99->0.06 (0.10)   nan  other-ctx f 0.01
  emb:casePATCH        B   +0.274   -0.280  +0.217   0.01->0.95 (0.97)   nan  other-ctx f 0.99
  L1attn:hmm1          A   -0.089   +0.048  +0.001   0.99->0.75 (0.83)   0.385
  L1attn:hmm1          B   +0.050   -0.102  -0.000   0.01->0.27 (0.40)   0.383
  L1attn:case          A   -0.003   +0.004  +0.055   0.99->0.98 (0.97)   0.537
  L1attn:case          B   +0.284   -0.285  +0.183   0.01->0.98 (0.97)   0.550
  L1attn:casePATCH     A   -0.285   +0.274  +0.246   0.99->0.03 (0.07)   nan  other-ctx f 0.01
  L1attn:casePATCH     B   +0.279   -0.287  +0.217   0.01->0.97 (0.99)   nan  other-ctx f 0.99
  L1mlp:hmm1           A   -0.117   +0.125  +0.002   0.99->0.57 (0.57)   0.422
  L1mlp:hmm1           B   +0.126   -0.122  -0.000   0.01->0.43 (0.43)   0.421
  L1mlp:case           A   -0.061   +0.007  +0.105   0.99->0.89 (0.98)   0.583
  L1mlp:case           B   +0.231   -0.283  +0.127   0.01->0.90 (0.98)   0.568
  L1mlp:casePATCH      A   -0.287   +0.278  +0.254   0.99->0.02 (0.06)   nan  other-ctx f 0.01
  L1mlp:casePATCH      B   +0.276   -0.288  +0.223   0.01->0.97 (0.99)   nan  other-ctx f 0.99
  L2attn:hmm1          A   -0.114   +0.115  +0.001   0.99->0.59 (0.60)   0.437
  L2attn:hmm1          B   +0.114   -0.120  -0.000   0.01->0.41 (0.43)   0.419
  L2attn:case          A   -0.022   +0.001  +0.101   0.99->0.96 (0.99)   0.523
  L2attn:case          B   +0.236   -0.284  +0.124   0.01->0.91 (0.98)   0.591
  L2attn:casePATCH     A   -0.286   +0.273  +0.253   0.99->0.03 (0.10)   nan  other-ctx f 0.01
  L2attn:casePATCH     B   +0.271   -0.286  +0.220   0.01->0.96 (0.98)   nan  other-ctx f 0.99
  L2mlp:hmm1           A   -0.125   +0.132  +0.001   0.99->0.55 (0.55)   0.408
  L2mlp:hmm1           B   +0.128   -0.124  +0.000   0.01->0.44 (0.44)   0.394
  L2mlp:case           A   -0.237   +0.109  +0.110   0.99->0.39 (0.83)   0.545
  L2mlp:case           B   +0.032   -0.153  +0.120   0.01->0.30 (0.80)   0.580
  L2mlp:casePATCH      A   -0.286   +0.270  +0.256   0.99->0.03 (0.13)   nan  other-ctx f 0.01
  L2mlp:casePATCH      B   +0.272   -0.287  +0.223   0.01->0.96 (0.99)   nan  other-ctx f 0.99
  L3attn:hmm1          A   -0.124   +0.133  +0.001   0.99->0.55 (0.54)   0.494
  L3attn:hmm1          B   +0.126   -0.124  +0.000   0.01->0.44 (0.44)   0.445
  L3attn:case          A   -0.215   +0.071  +0.109   0.99->0.50 (0.93)   0.601
  L3attn:case          B   +0.055   -0.199  +0.119   0.01->0.43 (0.92)   0.607
  L3attn:casePATCH     A   -0.286   +0.270  +0.252   0.99->0.04 (0.13)   nan  other-ctx f 0.01
  L3attn:casePATCH     B   +0.273   -0.288  +0.219   0.01->0.97 (0.99)   nan  other-ctx f 0.99
  L3mlp:hmm1           A   -0.039   +0.073  +0.001   0.99->0.78 (0.75)   0.411
  L3mlp:hmm1           B   +0.057   +0.033  +0.000   0.01->0.09 (0.04)   0.341
  L3mlp:case           A   -0.003   +0.002  +0.106   0.99->0.99 (0.98)   0.535
  L3mlp:case           B   +0.003   -0.038  +0.116   0.01->0.06 (0.24)   0.536
  L3mlp:casePATCH      A   -0.066   +0.006  +0.241   0.99->0.88 (0.98)   nan  other-ctx f 0.01
  L3mlp:casePATCH      B   +0.017   -0.120  +0.225   0.01->0.23 (0.81)   nan  other-ctx f 0.99
  L4attn:hmm1          A   -0.015   +0.078  +0.000   0.99->0.81 (0.74)   0.399
  L4attn:hmm1          B   +0.066   +0.040  +0.000   0.01->0.09 (0.04)   0.341
  L4attn:case          A   -0.006   +0.001  +0.104   0.99->0.99 (0.99)   0.553
  L4attn:case          B   +0.002   -0.040  +0.115   0.01->0.06 (0.32)   0.588
  L4attn:casePATCH     A   -0.064   +0.005  +0.248   0.99->0.89 (0.98)   nan  other-ctx f 0.01
  L4attn:casePATCH     B   +0.012   -0.105  +0.224   0.01->0.19 (0.79)   nan  other-ctx f 0.99
  L4mlp:hmm1           A   +0.070   +0.069  +0.000   0.99->0.94 (0.79)   0.252
  L4mlp:hmm1           B   +0.068   +0.075  +0.000   0.01->0.06 (0.02)   0.239
  L4mlp:case           A   +0.029   +0.002  +0.107   0.99->1.03 (0.99)   0.369
  L4mlp:case           B   +0.001   +0.023  +0.116   0.01->-0.03 (0.16)   0.436
  L4mlp:casePATCH      A   +0.004   +0.000  +0.257   0.99->0.99 (0.99)   nan  other-ctx f 0.01
  L4mlp:casePATCH      B   +0.001   -0.009  +0.228   0.01->0.02 (0.06)   nan  other-ctx f 0.99
  ALL:hmm1             A   -0.125   +0.135  +0.001   0.99->0.54 (0.54)   0.510
  ALL:hmm1             B   +0.132   -0.123  +0.000   0.01->0.45 (0.44)   0.494
  ALL:case             A   -0.222   +0.093  +0.107   0.99->0.45 (0.85)   0.683
  ALL:case             B   +0.065   -0.199  +0.115   0.01->0.45 (0.86)   0.681
  L4mlp:hmm1_DECODER   A   +0.012   +0.011  +0.000   0.99->0.97 (0.96)   0.145
  L4mlp:hmm1_DECODER   B   +0.011   +0.012  +0.000   0.01->0.03 (0.02)   0.148
per-history Spearman(f_n, w_A,n) at t=3..12:
  A: t3:+0.89(n=1026)  t4:+0.93(n=1059)  t5:+0.91(n=1041)  t6:+0.91(n=1035)  t7:+0.88(n=1045)  t8:+0.84(n=1031)  t9:+0.77(n=1051)  t10:+0.74(n=1028)  t11:+0.75(n=1042)  t12:+0.66(n=1050)
  B: t3:+0.70(n=1026)  t4:+0.80(n=1059)  t5:+0.80(n=1041)  t6:+0.85(n=1035)  t7:+0.88(n=1045)  t8:+0.88(n=1031)  t9:+0.85(n=1051)  t10:+0.83(n=1028)  t11:+0.79(n=1042)  t12:+0.77(n=1050)
