ckpt runs_h/s2/pretrain/model.pt
capture   R2 hmm1(A/B/pool)      R2 case(pool)  R2 logit_w(pool)  | ovl hmm1 A-B  hmm1-case
  emb     0.495/0.495/0.495      0.357        -0.000        |   1.000       0.091
  L1attn  0.884/0.884/0.884      0.454        0.002        |   0.880       0.075
  L1mlp   0.877/0.878/0.878      0.543        0.164        |   0.953       0.107
  L2attn  0.917/0.917/0.917      0.573        0.169        |   0.836       0.071
  L2mlp   0.930/0.930/0.930      0.617        0.296        |   0.976       0.043
  L3attn  0.980/0.981/0.980      0.772        0.524        |   0.943       0.173
  L3mlp   0.987/0.987/0.987      0.879        0.741        |   0.929       0.115
  L4attn  0.990/0.990/0.990      0.971        0.949        |   0.876       0.130
  L4mlp   0.993/0.994/0.993      0.975        0.949        |   0.763       0.072
interventions (t>=16): site:kind  ctx  d_x_unfl  d_x_fl   d_y    f0->f (f_expl)  |dresid|/|resid|  [casePATCH: f of other ctx]
  emb:hmm1             A   +0.098   -0.125  +0.005   0.00->0.39 (0.45)   0.333
  emb:hmm1             B   +0.094   -0.128  -0.000   0.00->0.39 (0.46)   0.333
  emb:case             A   +0.015   +0.006  +0.088   0.00->0.02 (0.02)   0.486
  emb:case             B   +0.014   +0.006  +0.139   0.00->0.02 (0.01)   0.486
  emb:casePATCH        A   +0.007   -0.021  +0.240   0.00->0.05 (0.09)   nan  other-ctx f 0.00
  emb:casePATCH        B   +0.009   -0.019  +0.212   0.00->0.05 (0.08)   nan  other-ctx f 0.00
  L1attn:hmm1          A   +0.079   -0.123  +0.004   0.00->0.35 (0.45)   0.324
  L1attn:hmm1          B   +0.078   -0.125  -0.001   0.00->0.35 (0.46)   0.324
  L1attn:case          A   +0.012   +0.012  +0.078   0.00->0.00 (0.00)   0.494
  L1attn:case          B   +0.012   +0.012  +0.143   0.00->0.00 (0.00)   0.499
  L1attn:casePATCH     A   +0.004   -0.014  +0.239   0.00->0.03 (0.06)   nan  other-ctx f 0.00
  L1attn:casePATCH     B   +0.005   -0.012  +0.210   0.00->0.03 (0.06)   nan  other-ctx f 0.00
  L1mlp:hmm1           A   +0.141   -0.138  +0.006   0.00->0.48 (0.48)   0.423
  L1mlp:hmm1           B   +0.140   -0.140  +0.000   0.00->0.48 (0.49)   0.426
  L1mlp:case           A   +0.005   +0.032  +0.106   0.00->-0.04 (0.10)   0.519
  L1mlp:case           B   +0.005   +0.032  +0.119   0.00->-0.04 (0.10)   0.516
  L1mlp:casePATCH      A   +0.000   -0.002  +0.255   0.00->0.00 (0.02)   nan  other-ctx f 0.00
  L1mlp:casePATCH      B   +0.000   -0.002  +0.221   0.00->0.00 (0.02)   nan  other-ctx f 0.00
  L2attn:hmm1          A   +0.111   -0.129  +0.002   0.00->0.42 (0.46)   0.464
  L2attn:hmm1          B   +0.112   -0.130  -0.000   0.00->0.42 (0.46)   0.461
  L2attn:case          A   +0.003   +0.031  +0.105   0.00->-0.05 (0.17)   0.526
  L2attn:case          B   +0.003   +0.032  +0.120   0.00->-0.05 (0.18)   0.549
  L2attn:casePATCH     A   +0.000   -0.002  +0.245   0.00->0.01 (0.02)   nan  other-ctx f 0.00
  L2attn:casePATCH     B   +0.000   -0.001  +0.217   0.00->0.00 (0.02)   nan  other-ctx f 0.00
  L2mlp:hmm1           A   +0.115   -0.136  +0.005   0.00->0.43 (0.48)   0.423
  L2mlp:hmm1           B   +0.115   -0.137  -0.001   0.00->0.43 (0.48)   0.427
  L2mlp:case           A   +0.002   +0.027  +0.108   0.00->-0.04 (0.16)   0.559
  L2mlp:case           B   +0.002   +0.027  +0.119   0.00->-0.04 (0.17)   0.568
  L2mlp:casePATCH      A   +0.000   -0.000  +0.250   0.00->0.00 (0.01)   nan  other-ctx f 0.00
  L2mlp:casePATCH      B   +0.000   +0.001  +0.221   0.00->0.00 (0.01)   nan  other-ctx f 0.00
  L3attn:hmm1          A   +0.138   -0.142  +0.001   0.00->0.48 (0.49)   0.458
  L3attn:hmm1          B   +0.138   -0.143  +0.000   0.00->0.48 (0.50)   0.434
  L3attn:case          A   +0.001   +0.019  +0.108   0.00->-0.03 (0.13)   0.491
  L3attn:case          B   +0.001   +0.020  +0.119   0.00->-0.03 (0.14)   0.562
  L3attn:casePATCH     A   +0.000   -0.000  +0.253   0.00->0.00 (0.01)   nan  other-ctx f 0.00
  L3attn:casePATCH     B   +0.000   +0.001  +0.219   0.00->0.00 (0.01)   nan  other-ctx f 0.00
  L3mlp:hmm1           A   +0.145   -0.143  +0.001   0.00->0.49 (0.50)   0.435
  L3mlp:hmm1           B   +0.144   -0.144  +0.000   0.00->0.49 (0.50)   0.424
  L3mlp:case           A   +0.000   +0.016  +0.109   0.00->-0.02 (0.11)   0.506
  L3mlp:case           B   +0.001   +0.018  +0.118   0.00->-0.03 (0.13)   0.541
  L3mlp:casePATCH      A   +0.000   -0.002  +0.254   0.00->0.01 (0.02)   nan  other-ctx f 0.00
  L3mlp:casePATCH      B   +0.000   +0.003  +0.220   0.00->-0.00 (0.01)   nan  other-ctx f 0.00
  L4attn:hmm1          A   +0.149   -0.143  +0.000   0.00->0.50 (0.50)   0.439
  L4attn:hmm1          B   +0.148   -0.144  +0.000   0.00->0.50 (0.50)   0.453
  L4attn:case          A   +0.000   +0.012  +0.107   0.00->-0.02 (0.10)   0.542
  L4attn:case          B   +0.000   +0.011  +0.117   0.00->-0.02 (0.10)   0.521
  L4attn:casePATCH     A   +0.000   +0.000  +0.255   0.00->0.00 (0.01)   nan  other-ctx f 0.00
  L4attn:casePATCH     B   +0.000   -0.001  +0.225   0.00->0.00 (0.02)   nan  other-ctx f 0.00
  L4mlp:hmm1           A   +0.149   -0.144  +0.001   0.00->0.50 (0.50)   0.321
  L4mlp:hmm1           B   +0.148   -0.144  +0.000   0.00->0.50 (0.50)   0.321
  L4mlp:case           A   +0.000   +0.017  +0.108   0.00->-0.02 (0.16)   0.305
  L4mlp:case           B   +0.001   +0.022  +0.116   0.00->-0.03 (0.23)   0.351
  L4mlp:casePATCH      A   +0.000   -0.005  +0.255   0.00->0.01 (0.05)   nan  other-ctx f 0.00
  L4mlp:casePATCH      B   +0.000   +0.005  +0.223   0.00->-0.01 (0.02)   nan  other-ctx f 0.00
  ALL:hmm1             A   +0.148   -0.143  +0.006   0.00->0.50 (0.50)   0.485
  ALL:hmm1             B   +0.148   -0.144  -0.000   0.00->0.50 (0.50)   0.488
  ALL:case             A   +0.023   +0.017  +0.107   0.00->0.02 (0.01)   0.605
  ALL:case             B   +0.023   +0.017  +0.116   0.00->0.01 (0.01)   0.611
  L4mlp:hmm1_DECODER   A   +0.006   -0.044  -0.000   0.00->0.09 (0.38)   0.133
  L4mlp:hmm1_DECODER   B   +0.006   -0.044  +0.000   0.00->0.09 (0.37)   0.133
per-history Spearman(f_n, w_A,n) at t=3..12:
  A: t3:-0.09(n=1026)  t4:+0.07(n=1059)  t5:+0.07(n=1041)  t6:+0.12(n=1035)  t7:+0.10(n=1045)  t8:+0.17(n=1031)  t9:+0.07(n=1051)  t10:+0.09(n=1028)  t11:+0.05(n=1042)  t12:+0.01(n=1050)
  B: t3:+0.02(n=1026)  t4:+0.04(n=1059)  t5:+0.06(n=1041)  t6:+0.04(n=1035)  t7:+0.05(n=1045)  t8:+0.02(n=1031)  t9:-0.01(n=1051)  t10:-0.04(n=1028)  t11:-0.06(n=1042)  t12:-0.01(n=1050)
