ckpt runs/s2/pretrain/model.pt
capture   R2 hmm1(A/B/pool)      R2 case(pool)  R2 logit_w(pool)  | ovl hmm1 A-B  hmm1-case
  emb     0.944/0.944/0.944      0.357        -0.000        |   1.000       0.044
  L1attn  0.992/0.992/0.992      0.454        0.001        |   0.862       0.138
  L1mlp   0.991/0.991/0.991      0.564        0.192        |   0.976       0.036
  L2attn  0.994/0.994/0.994      0.687        0.402        |   0.980       0.048
  L2mlp   0.997/0.997/0.997      0.692        0.395        |   0.936       0.047
  L3attn  0.997/0.997/0.997      0.801        0.589        |   0.946       0.078
  L3mlp   0.998/0.998/0.998      0.902        0.774        |   0.864       0.054
  L4attn  0.998/0.998/0.998      0.943        0.820        |   0.880       0.102
  L4mlp   0.998/0.998/0.998      0.945        0.819        |   0.830       0.064
interventions (t>=16): site:kind  ctx  d_x_unfl  d_x_fl   d_y    f0->f (f_expl)  |dresid|/|resid|  [casePATCH: f of other ctx]
  emb:hmm1             A   +0.047   -0.119  +0.005   0.00->0.15 (0.26)   0.349
  emb:hmm1             B   +0.045   -0.124  +0.001   0.01->0.16 (0.30)   0.349
  emb:case             A   +0.002   -0.004  +0.051   0.00->0.01 (0.02)   0.471
  emb:case             B   +0.002   +0.000  +0.170   0.01->0.01 (0.02)   0.471
  emb:casePATCH        A   +0.002   -0.010  +0.238   0.00->0.01 (0.05)   nan  other-ctx f 0.01
  emb:casePATCH        B   +0.002   -0.005  +0.214   0.01->0.01 (0.04)   nan  other-ctx f 0.00
  L1attn:hmm1          A   +0.069   -0.141  +0.005   0.00->0.19 (0.28)   0.424
  L1attn:hmm1          B   +0.070   -0.144  +0.002   0.01->0.20 (0.30)   0.423
  L1attn:case          A   +0.001   +0.010  +0.043   0.00->-0.00 (0.02)   0.547
  L1attn:case          B   +0.000   +0.014  +0.174   0.01->-0.01 (0.03)   0.556
  L1attn:casePATCH     A   +0.001   -0.009  +0.233   0.00->0.01 (0.10)   nan  other-ctx f 0.01
  L1attn:casePATCH     B   +0.000   -0.004  +0.214   0.01->0.01 (0.09)   nan  other-ctx f 0.00
  L1mlp:hmm1           A   +0.275   -0.224  +0.008   0.00->0.48 (0.44)   0.502
  L1mlp:hmm1           B   +0.269   -0.227  +0.003   0.01->0.48 (0.44)   0.502
  L1mlp:case           A   +0.000   +0.014  +0.111   0.00->-0.01 (0.05)   0.588
  L1mlp:case           B   +0.000   +0.017  +0.122   0.01->-0.01 (0.06)   0.578
  L1mlp:casePATCH      A   +0.000   -0.003  +0.258   0.00->0.01 (0.10)   nan  other-ctx f 0.01
  L1mlp:casePATCH      B   -0.000   +0.002  +0.223   0.01->0.00 (0.05)   nan  other-ctx f 0.00
  L2attn:hmm1          A   +0.332   -0.208  +0.005   0.00->0.51 (0.43)   0.528
  L2attn:hmm1          B   +0.330   -0.206  +0.002   0.01->0.51 (0.43)   0.532
  L2attn:case          A   -0.000   +0.014  +0.108   0.00->-0.01 (0.17)   0.544
  L2attn:case          B   +0.000   +0.018  +0.122   0.01->-0.01 (0.18)   0.559
  L2attn:casePATCH     A   +0.000   -0.003  +0.246   0.00->0.01 (0.08)   nan  other-ctx f 0.01
  L2attn:casePATCH     B   +0.000   +0.003  +0.219   0.01->0.00 (0.04)   nan  other-ctx f 0.00
  L2mlp:hmm1           A   +0.261   -0.257  +0.006   0.00->0.50 (0.49)   0.523
  L2mlp:hmm1           B   +0.260   -0.253  +0.003   0.01->0.50 (0.49)   0.532
  L2mlp:case           A   -0.000   +0.016  +0.110   0.00->-0.01 (0.24)   0.524
  L2mlp:case           B   +0.000   +0.019  +0.118   0.01->-0.01 (0.25)   0.518
  L2mlp:casePATCH      A   +0.000   -0.002  +0.253   0.00->0.01 (0.07)   nan  other-ctx f 0.01
  L2mlp:casePATCH      B   +0.000   +0.004  +0.225   0.01->0.00 (0.03)   nan  other-ctx f 0.00
  L3attn:hmm1          A   +0.261   -0.257  +0.002   0.00->0.50 (0.49)   0.496
  L3attn:hmm1          B   +0.261   -0.254  +0.006   0.01->0.50 (0.50)   0.483
  L3attn:case          A   +0.000   +0.015  +0.110   0.00->-0.01 (0.22)   0.537
  L3attn:case          B   -0.000   +0.018  +0.118   0.01->-0.01 (0.24)   0.568
  L3attn:casePATCH     A   +0.000   -0.003  +0.257   0.00->0.01 (0.08)   nan  other-ctx f 0.01
  L3attn:casePATCH     B   -0.000   +0.004  +0.226   0.01->0.00 (0.03)   nan  other-ctx f 0.00
  L3mlp:hmm1           A   +0.256   -0.259  +0.004   0.00->0.50 (0.50)   0.530
  L3mlp:hmm1           B   +0.255   -0.257  +0.004   0.01->0.50 (0.50)   0.541
  L3mlp:case           A   +0.000   +0.018  +0.115   0.00->-0.01 (0.29)   0.460
  L3mlp:case           B   -0.000   +0.021  +0.120   0.01->-0.01 (0.29)   0.445
  L3mlp:casePATCH      A   +0.000   -0.002  +0.261   0.00->0.01 (0.06)   nan  other-ctx f 0.01
  L3mlp:casePATCH      B   -0.000   +0.003  +0.228   0.01->0.00 (0.03)   nan  other-ctx f 0.00
  L4attn:hmm1          A   +0.256   -0.258  +0.002   0.00->0.50 (0.50)   0.489
  L4attn:hmm1          B   +0.254   -0.257  +0.003   0.01->0.50 (0.50)   0.482
  L4attn:case          A   +0.000   +0.020  +0.108   0.00->-0.01 (0.33)   0.519
  L4attn:case          B   -0.000   +0.023  +0.116   0.01->-0.01 (0.33)   0.553
  L4attn:casePATCH     A   +0.000   -0.002  +0.259   0.00->0.01 (0.06)   nan  other-ctx f 0.01
  L4attn:casePATCH     B   -0.000   +0.003  +0.225   0.01->0.00 (0.03)   nan  other-ctx f 0.00
  L4mlp:hmm1           A   +0.255   -0.258  +0.002   0.00->0.50 (0.50)   0.447
  L4mlp:hmm1           B   +0.255   -0.257  +0.001   0.01->0.50 (0.50)   0.445
  L4mlp:case           A   +0.001   +0.038  +0.109   0.00->-0.03 (0.40)   0.330
  L4mlp:case           B   +0.001   +0.040  +0.116   0.01->-0.03 (0.40)   0.374
  L4mlp:casePATCH      A   +0.000   -0.001  +0.260   0.00->0.00 (0.04)   nan  other-ctx f 0.01
  L4mlp:casePATCH      B   +0.000   +0.002  +0.226   0.01->0.00 (0.03)   nan  other-ctx f 0.00
  ALL:hmm1             A   +0.264   -0.256  +0.011   0.00->0.51 (0.50)   0.590
  ALL:hmm1             B   +0.263   -0.255  +0.004   0.01->0.51 (0.50)   0.598
  ALL:case             A   +0.003   +0.001  +0.108   0.00->0.01 (0.01)   0.608
  ALL:case             B   +0.003   +0.003  +0.116   0.01->0.01 (0.01)   0.606
  L4mlp:hmm1_DECODER   A   +0.001   -0.026  -0.000   0.00->0.03 (0.38)   0.102
  L4mlp:hmm1_DECODER   B   +0.001   -0.025  -0.000   0.01->0.03 (0.41)   0.102
per-history Spearman(f_n, w_A,n) at t=3..12:
  A: t3:-0.10(n=1127)  t4:-0.18(n=1124)  t5:-0.05(n=1140)  t6:-0.07(n=1156)  t7:-0.07(n=1142)  t8:-0.03(n=1125)  t9:+0.04(n=1143)  t10:+0.07(n=1111)  t11:+0.04(n=1116)  t12:+0.04(n=1131)
  B: t3:-0.12(n=1127)  t4:-0.09(n=1124)  t5:-0.11(n=1140)  t6:-0.10(n=1156)  t7:-0.06(n=1142)  t8:-0.09(n=1125)  t9:-0.09(n=1143)  t10:-0.14(n=1111)  t11:-0.17(n=1116)  t12:-0.07(n=1131)
