
[s0] restoration (t>=16):  f_A   f_B  | gap_A(flipped task)  gap_B(unflipped task)
  anchored (none restored)               0.986 0.015 | +0.000  +0.001
  restore embed -> pretrain              0.987 0.014 | +0.000  +0.001
  restore blocks1-2 -> pretrain          0.931 0.044 | +0.005  +0.002
  restore block3 -> pretrain             0.701 0.091 | +0.027  +0.005
  restore block4 -> pretrain             0.706 0.147 | +0.030  +0.008
  restore blocks3-4 -> pretrain          0.135 0.134 | +0.205  +0.006
  restore final(ln_f+unembed) -> pretrain 0.995 -0.051 | +0.003  +0.005
  pretrain + finetuned embed only        0.004 0.004 | +0.286  -0.000
  pretrain + finetuned blocks1-2 only    0.074 0.076 | +0.249  +0.003
  pretrain + finetuned block3 only       0.653 0.127 | +0.041  +0.008
  pretrain + finetuned block4 only       0.589 0.060 | +0.057  +0.006
  pretrain + finetuned blocks3-4 only    0.943 -0.020 | +0.007  +0.004
  pretrain + finetuned final(ln_f+unembed) only 0.064 0.062 | +0.242  +0.002
[s0] per-history Spearman(f_n, w_A,n), pooled A+B contexts:
  t3:+0.90  t4:+0.94  t5:+0.95  t6:+0.97  t7:+0.97  t8:+0.96  t9:+0.95  t10:+0.95  t11:+0.94  t12:+0.93
[s0] calibration pooled t=3..12: slope 0.985 intercept +0.019 mean|f-w| 0.043 (clipped f: 0.038); n=27982
  bin        n     mean w   mean f   mean clip(f)
  [0.0,0.1)   7131   0.035    0.042    0.051
  [0.1,0.3)   4812   0.188    0.217    0.217
  [0.3,0.5)   1934   0.405    0.440    0.440
  [0.5,0.7)   3042   0.631    0.641    0.641
  [0.7,0.9)   3575   0.829    0.834    0.833
  [0.9,1.0)   7488   0.973    0.974    0.963
[s0] position curve t=1..20: Spearman(f_A(t), mean w_A(t)) = +1.000, mean|f_A(t)-w_A(t)| = 0.006

[s1] restoration (t>=16):  f_A   f_B  | gap_A(flipped task)  gap_B(unflipped task)
  anchored (none restored)               0.986 0.006 | +0.001  +0.000
  restore embed -> pretrain              0.987 0.006 | +0.001  +0.000
  restore blocks1-2 -> pretrain          0.950 0.121 | +0.002  +0.008
  restore block3 -> pretrain             0.449 0.065 | +0.084  +0.002
  restore block4 -> pretrain             0.972 0.008 | +0.008  +0.004
  restore blocks3-4 -> pretrain          0.117 0.090 | +0.215  +0.004
  restore final(ln_f+unembed) -> pretrain 0.992 -0.042 | +0.002  +0.002
  pretrain + finetuned embed only        -0.004 -0.005 | +0.290  -0.000
  pretrain + finetuned blocks1-2 only    0.052 0.029 | +0.254  +0.000
  pretrain + finetuned block3 only       0.938 0.116 | +0.007  +0.012
  pretrain + finetuned block4 only       0.322 0.052 | +0.132  +0.005
  pretrain + finetuned blocks3-4 only    0.962 0.080 | +0.004  +0.008
  pretrain + finetuned final(ln_f+unembed) only 0.052 0.049 | +0.251  +0.000
[s1] per-history Spearman(f_n, w_A,n), pooled A+B contexts:
  t3:+0.89  t4:+0.94  t5:+0.95  t6:+0.96  t7:+0.97  t8:+0.96  t9:+0.95  t10:+0.94  t11:+0.94  t12:+0.92
[s1] calibration pooled t=3..12: slope 1.007 intercept -0.012 mean|f-w| 0.037 (clipped f: 0.032); n=27982
  bin        n     mean w   mean f   mean clip(f)
  [0.0,0.1)   7131   0.035    0.029    0.036
  [0.1,0.3)   4812   0.188    0.171    0.172
  [0.3,0.5)   1934   0.405    0.383    0.383
  [0.5,0.7)   3042   0.631    0.612    0.612
  [0.7,0.9)   3575   0.829    0.825    0.824
  [0.9,1.0)   7488   0.973    0.971    0.960
[s1] position curve t=1..20: Spearman(f_A(t), mean w_A(t)) = +1.000, mean|f_A(t)-w_A(t)| = 0.009

[s2] restoration (t>=16):  f_A   f_B  | gap_A(flipped task)  gap_B(unflipped task)
  anchored (none restored)               0.983 0.012 | +0.001  +0.001
  restore embed -> pretrain              0.984 0.013 | +0.001  +0.001
  restore blocks1-2 -> pretrain          0.946 0.079 | +0.003  +0.005
  restore block3 -> pretrain             0.639 0.067 | +0.038  +0.002
  restore block4 -> pretrain             0.834 0.093 | +0.013  +0.006
  restore blocks3-4 -> pretrain          0.197 0.178 | +0.177  +0.010
  restore final(ln_f+unembed) -> pretrain 1.006 -0.064 | +0.002  +0.004
  pretrain + finetuned embed only        0.002 -0.000 | +0.285  -0.001
  pretrain + finetuned blocks1-2 only    0.121 0.110 | +0.214  +0.003
  pretrain + finetuned block3 only       0.829 0.148 | +0.019  +0.024
  pretrain + finetuned block4 only       0.443 0.041 | +0.088  +0.003
  pretrain + finetuned blocks3-4 only    0.971 0.011 | +0.004  +0.005
  pretrain + finetuned final(ln_f+unembed) only 0.076 0.071 | +0.240  +0.001
[s2] per-history Spearman(f_n, w_A,n), pooled A+B contexts:
  t3:+0.88  t4:+0.92  t5:+0.95  t6:+0.96  t7:+0.96  t8:+0.95  t9:+0.95  t10:+0.94  t11:+0.94  t12:+0.92
[s2] calibration pooled t=3..12: slope 0.986 intercept +0.017 mean|f-w| 0.039 (clipped f: 0.037); n=27982
  bin        n     mean w   mean f   mean clip(f)
  [0.0,0.1)   7131   0.035    0.042    0.047
  [0.1,0.3)   4812   0.188    0.206    0.206
  [0.3,0.5)   1934   0.405    0.434    0.434
  [0.5,0.7)   3042   0.631    0.658    0.658
  [0.7,0.9)   3575   0.829    0.844    0.843
  [0.9,1.0)   7488   0.973    0.965    0.961
[s2] position curve t=1..20: Spearman(f_A(t), mean w_A(t)) = +1.000, mean|f_A(t)-w_A(t)| = 0.009

[P1] pretrain s0, L4mlp, logit-w ridge R^2 restricted to t>=8: 0.960
