phase anchored seed 2 params 705960 device cuda steps 10000 batch 256 init runs_h/s2/pretrain/model.pt
  eval A: refs t>=16  x_unfl 0.9524  x_fl 0.9524  x_bayes 0.9540  y 0.9919  joint_pre 1.9442  joint_anc 1.9456  wA 0.989
  eval B: refs t>=16  x_unfl 0.9552  x_fl 0.9552  x_bayes 0.9572  y 0.9829  joint_pre 1.9381  joint_anc 1.9399  wA 0.014
step      0  A: xgap +0.2853 f 0.003 | B: xgap -0.0012 f 0.001 | ygap A +0.0013 B +0.0002
step     25  loss 2.0852  A: xgap +0.2323 f 0.093 | B: xgap +0.0010 f 0.084 | ygap A +0.0002 B +0.0010  (1s)
step     50  loss 2.0348  A: xgap +0.1437 f 0.273 | B: xgap +0.0180 f 0.249 | ygap A +0.0005 B +0.0008  (2s)
step     75  loss 2.0187  A: xgap +0.1000 f 0.393 | B: xgap +0.0356 f 0.353 | ygap A +0.0004 B +0.0011  (3s)
step    100  loss 2.0332  A: xgap +0.0868 f 0.437 | B: xgap +0.0369 f 0.353 | ygap A +0.0020 B +0.0000  (3s)
step    125  loss 2.0041  A: xgap +0.0656 f 0.522 | B: xgap +0.0154 f 0.185 | ygap A +0.0016 B +0.0032  (4s)
step    150  loss 1.9722  A: xgap +0.0103 f 0.913 | B: xgap +0.0076 f 0.045 | ygap A +0.0022 B +0.0023  (5s)
step    175  loss 1.9614  A: xgap +0.0068 f 0.931 | B: xgap +0.0038 f 0.042 | ygap A +0.0016 B +0.0011  (6s)
step    200  loss 1.9789  A: xgap +0.0045 f 0.963 | B: xgap +0.0037 f 0.046 | ygap A +0.0010 B +0.0014  (7s)
step    225  loss 1.9636  A: xgap +0.0046 f 0.961 | B: xgap +0.0026 f 0.016 | ygap A +0.0011 B +0.0012  (8s)
step    250  loss 1.9737  A: xgap +0.0036 f 0.978 | B: xgap +0.0033 f 0.028 | ygap A +0.0011 B +0.0012  (8s)
step    275  loss 1.9669  A: xgap +0.0021 f 0.983 | B: xgap +0.0043 f 0.053 | ygap A +0.0003 B +0.0020  (9s)
step    300  loss 1.9645  A: xgap +0.0039 f 0.957 | B: xgap +0.0017 f 0.015 | ygap A +0.0008 B +0.0012  (10s)
step    325  loss 1.9608  A: xgap +0.0022 f 0.986 | B: xgap +0.0028 f 0.018 | ygap A +0.0001 B +0.0022  (11s)
step    350  loss 1.9635  A: xgap +0.0034 f 0.961 | B: xgap +0.0022 f 0.031 | ygap A +0.0010 B +0.0009  (12s)
step    375  loss 1.9766  A: xgap +0.0023 f 0.988 | B: xgap +0.0027 f 0.035 | ygap A +0.0004 B +0.0018  (13s)
step    400  loss 1.9658  A: xgap +0.0023 f 0.985 | B: xgap +0.0024 f 0.012 | ygap A +0.0009 B +0.0017  (13s)
step    425  loss 1.9588  A: xgap +0.0029 f 0.974 | B: xgap +0.0014 f 0.000 | ygap A +0.0016 B +0.0005  (14s)
step    450  loss 1.9610  A: xgap +0.0020 f 0.974 | B: xgap +0.0022 f 0.024 | ygap A +0.0005 B +0.0016  (15s)
step    475  loss 1.9592  A: xgap +0.0021 f 0.972 | B: xgap +0.0015 f 0.016 | ygap A +0.0005 B +0.0013  (16s)
step    500  loss 1.9627  A: xgap +0.0022 f 0.988 | B: xgap +0.0019 f 0.011 | ygap A +0.0008 B +0.0007  (17s)
step    525  loss 1.9684  A: xgap +0.0014 f 0.990 | B: xgap +0.0023 f 0.030 | ygap A +0.0004 B +0.0015  (18s)
step    550  loss 1.9556  A: xgap +0.0026 f 0.970 | B: xgap +0.0012 f 0.015 | ygap A +0.0016 B +0.0002  (18s)
step    575  loss 1.9598  A: xgap +0.0012 f 0.995 | B: xgap +0.0019 f 0.021 | ygap A -0.0001 B +0.0018  (19s)
step    600  loss 1.9721  A: xgap +0.0016 f 0.985 | B: xgap +0.0019 f 0.032 | ygap A +0.0004 B +0.0011  (20s)
step    625  loss 1.9729  A: xgap +0.0022 f 0.975 | B: xgap +0.0011 f 0.015 | ygap A +0.0009 B +0.0006  (21s)
step    650  loss 1.9649  A: xgap +0.0019 f 0.974 | B: xgap +0.0009 f 0.010 | ygap A +0.0013 B +0.0005  (22s)
step    675  loss 1.9648  A: xgap +0.0031 f 0.964 | B: xgap +0.0006 f 0.018 | ygap A +0.0025 B -0.0005  (22s)
step    700  loss 1.9657  A: xgap +0.0013 f 0.979 | B: xgap +0.0019 f 0.028 | ygap A +0.0005 B +0.0012  (23s)
step    725  loss 1.9678  A: xgap +0.0017 f 0.989 | B: xgap +0.0012 f 0.024 | ygap A +0.0005 B +0.0013  (24s)
step    750  loss 1.9553  A: xgap +0.0017 f 0.988 | B: xgap +0.0013 f 0.022 | ygap A +0.0012 B +0.0004  (25s)
step    775  loss 1.9555  A: xgap +0.0016 f 0.982 | B: xgap +0.0016 f 0.026 | ygap A +0.0004 B +0.0008  (26s)
step    800  loss 1.9594  A: xgap +0.0018 f 0.985 | B: xgap +0.0009 f 0.023 | ygap A +0.0010 B +0.0006  (26s)
step    825  loss 1.9611  A: xgap +0.0016 f 0.991 | B: xgap +0.0010 f 0.008 | ygap A +0.0008 B +0.0008  (27s)
step    850  loss 1.9667  A: xgap +0.0012 f 0.995 | B: xgap +0.0015 f 0.013 | ygap A +0.0004 B +0.0010  (28s)
step    875  loss 1.9662  A: xgap +0.0010 f 0.979 | B: xgap +0.0021 f 0.048 | ygap A +0.0008 B +0.0009  (29s)
step    900  loss 1.9614  A: xgap +0.0021 f 0.974 | B: xgap +0.0008 f 0.032 | ygap A +0.0011 B +0.0004  (30s)
step    925  loss 1.9679  A: xgap +0.0023 f 0.990 | B: xgap +0.0009 f 0.013 | ygap A +0.0015 B +0.0002  (31s)
step    950  loss 1.9704  A: xgap +0.0023 f 0.980 | B: xgap +0.0012 f 0.001 | ygap A +0.0013 B +0.0004  (32s)
step    975  loss 1.9720  A: xgap +0.0015 f 0.985 | B: xgap +0.0010 f 0.016 | ygap A +0.0004 B +0.0010  (32s)
step   1000  loss 1.9704  A: xgap +0.0026 f 0.971 | B: xgap +0.0003 f 0.018 | ygap A +0.0017 B -0.0003  (33s)
step   1100  loss 1.9779  A: xgap +0.0015 f 0.983 | B: xgap +0.0008 f 0.012 | ygap A +0.0008 B +0.0006  (35s)
step   1200  loss 1.9559  A: xgap +0.0014 f 0.978 | B: xgap +0.0011 f 0.031 | ygap A +0.0010 B +0.0005  (38s)
step   1300  loss 1.9794  A: xgap +0.0009 f 0.985 | B: xgap +0.0018 f 0.022 | ygap A -0.0001 B +0.0017  (40s)
step   1400  loss 1.9592  A: xgap +0.0005 f 0.995 | B: xgap +0.0023 f 0.040 | ygap A -0.0003 B +0.0022  (42s)
step   1500  loss 1.9597  A: xgap +0.0007 f 0.998 | B: xgap +0.0019 f 0.020 | ygap A -0.0001 B +0.0016  (44s)
step   1600  loss 1.9706  A: xgap +0.0019 f 0.989 | B: xgap +0.0006 f 0.008 | ygap A +0.0015 B +0.0002  (47s)
step   1700  loss 1.9558  A: xgap +0.0006 f 0.990 | B: xgap +0.0020 f 0.021 | ygap A +0.0002 B +0.0013  (49s)
step   1800  loss 1.9426  A: xgap +0.0009 f 0.989 | B: xgap +0.0015 f 0.027 | ygap A +0.0001 B +0.0012  (51s)
step   1900  loss 1.9607  A: xgap +0.0009 f 0.981 | B: xgap +0.0015 f 0.029 | ygap A +0.0002 B +0.0012  (53s)
step   2000  loss 1.9536  A: xgap +0.0012 f 0.992 | B: xgap +0.0015 f 0.027 | ygap A +0.0006 B +0.0006  (56s)
step   2100  loss 1.9740  A: xgap +0.0009 f 0.989 | B: xgap +0.0022 f 0.020 | ygap A -0.0002 B +0.0016  (58s)
step   2200  loss 1.9645  A: xgap +0.0011 f 0.991 | B: xgap +0.0011 f 0.014 | ygap A +0.0005 B +0.0010  (60s)
step   2300  loss 1.9566  A: xgap +0.0018 f 0.996 | B: xgap +0.0010 f 0.014 | ygap A +0.0009 B +0.0003  (62s)
step   2400  loss 1.9571  A: xgap +0.0011 f 0.979 | B: xgap +0.0012 f 0.016 | ygap A +0.0006 B +0.0006  (64s)
step   2500  loss 1.9635  A: xgap +0.0017 f 0.986 | B: xgap +0.0005 f 0.018 | ygap A +0.0011 B +0.0001  (67s)
step   2600  loss 1.9754  A: xgap +0.0021 f 0.968 | B: xgap +0.0004 f 0.023 | ygap A +0.0013 B -0.0000  (69s)
step   2700  loss 1.9662  A: xgap +0.0019 f 0.968 | B: xgap +0.0006 f 0.024 | ygap A +0.0011 B +0.0002  (71s)
step   2800  loss 1.9700  A: xgap +0.0020 f 0.973 | B: xgap +0.0002 f 0.008 | ygap A +0.0019 B -0.0001  (73s)
step   2900  loss 1.9659  A: xgap +0.0016 f 0.979 | B: xgap +0.0004 f 0.009 | ygap A +0.0014 B +0.0001  (76s)
step   3000  loss 1.9472  A: xgap +0.0020 f 0.957 | B: xgap +0.0004 f 0.027 | ygap A +0.0015 B -0.0002  (78s)
step   3100  loss 1.9626  A: xgap +0.0006 f 1.002 | B: xgap +0.0021 f 0.022 | ygap A -0.0002 B +0.0013  (80s)
step   3200  loss 1.9629  A: xgap +0.0011 f 0.984 | B: xgap +0.0009 f 0.010 | ygap A +0.0003 B +0.0006  (82s)
step   3300  loss 1.9493  A: xgap +0.0012 f 0.982 | B: xgap +0.0008 f 0.026 | ygap A +0.0005 B +0.0006  (85s)
step   3400  loss 1.9719  A: xgap +0.0015 f 0.978 | B: xgap +0.0005 f 0.025 | ygap A +0.0011 B +0.0001  (87s)
step   3500  loss 1.9670  A: xgap +0.0013 f 0.981 | B: xgap +0.0005 f 0.017 | ygap A +0.0009 B +0.0002  (89s)
step   3600  loss 1.9547  A: xgap +0.0011 f 0.989 | B: xgap +0.0006 f 0.016 | ygap A +0.0010 B +0.0004  (91s)
step   3700  loss 1.9613  A: xgap +0.0017 f 0.968 | B: xgap +0.0005 f 0.016 | ygap A +0.0015 B -0.0001  (93s)
step   3800  loss 1.9753  A: xgap +0.0009 f 0.984 | B: xgap +0.0009 f 0.015 | ygap A +0.0003 B +0.0009  (96s)
step   3900  loss 1.9597  A: xgap +0.0010 f 0.975 | B: xgap +0.0010 f 0.021 | ygap A +0.0001 B +0.0010  (98s)
step   4000  loss 1.9544  A: xgap +0.0013 f 0.981 | B: xgap +0.0006 f 0.006 | ygap A +0.0008 B +0.0005  (100s)
step   4100  loss 1.9538  A: xgap +0.0005 f 0.991 | B: xgap +0.0012 f 0.015 | ygap A +0.0002 B +0.0014  (102s)
step   4200  loss 1.9705  A: xgap +0.0000 f 0.993 | B: xgap +0.0021 f 0.039 | ygap A -0.0003 B +0.0026  (105s)
step   4300  loss 1.9590  A: xgap +0.0009 f 0.982 | B: xgap +0.0010 f 0.025 | ygap A +0.0004 B +0.0012  (107s)
step   4400  loss 1.9680  A: xgap +0.0016 f 0.977 | B: xgap +0.0010 f 0.028 | ygap A +0.0008 B +0.0005  (109s)
step   4500  loss 1.9557  A: xgap +0.0015 f 1.002 | B: xgap +0.0008 f 0.005 | ygap A +0.0006 B +0.0005  (111s)
step   4600  loss 1.9614  A: xgap +0.0014 f 0.990 | B: xgap +0.0007 f 0.015 | ygap A +0.0010 B +0.0002  (114s)
step   4700  loss 1.9608  A: xgap +0.0019 f 0.972 | B: xgap +0.0004 f 0.014 | ygap A +0.0017 B -0.0002  (116s)
step   4800  loss 1.9644  A: xgap +0.0027 f 0.966 | B: xgap -0.0001 f 0.013 | ygap A +0.0017 B -0.0001  (118s)
step   4900  loss 1.9624  A: xgap +0.0003 f 0.983 | B: xgap +0.0014 f 0.021 | ygap A +0.0000 B +0.0012  (120s)
step   5000  loss 1.9607  A: xgap +0.0007 f 0.979 | B: xgap +0.0011 f 0.015 | ygap A +0.0003 B +0.0007  (122s)
step   5500  loss 1.9437  A: xgap +0.0013 f 0.974 | B: xgap +0.0007 f 0.017 | ygap A +0.0008 B +0.0005  (132s)
step   6000  loss 1.9563  A: xgap +0.0020 f 0.981 | B: xgap +0.0002 f -0.003 | ygap A +0.0017 B -0.0002  (142s)
step   6500  loss 1.9478  A: xgap +0.0014 f 0.988 | B: xgap +0.0005 f 0.002 | ygap A +0.0010 B +0.0000  (151s)
step   7000  loss 1.9656  A: xgap +0.0017 f 0.984 | B: xgap +0.0007 f 0.015 | ygap A +0.0007 B +0.0002  (161s)
step   7500  loss 1.9542  A: xgap +0.0008 f 0.988 | B: xgap +0.0008 f 0.022 | ygap A +0.0001 B +0.0009  (170s)
step   8000  loss 1.9655  A: xgap +0.0003 f 0.984 | B: xgap +0.0013 f 0.025 | ygap A -0.0000 B +0.0010  (180s)
step   8500  loss 1.9575  A: xgap +0.0009 f 0.992 | B: xgap +0.0009 f 0.008 | ygap A +0.0005 B +0.0003  (190s)
step   9000  loss 1.9550  A: xgap +0.0004 f 0.984 | B: xgap +0.0009 f 0.018 | ygap A -0.0002 B +0.0011  (199s)
step   9500  loss 1.9580  A: xgap +0.0010 f 0.980 | B: xgap +0.0001 f 0.020 | ygap A +0.0006 B +0.0003  (209s)
step  10000  loss 1.9680  A: xgap +0.0009 f 0.983 | B: xgap +0.0007 f 0.014 | ygap A +0.0004 B +0.0005  (218s)
saved runs_h/s2/anchored
