phase anchored seed 0 params 705960 device cpu steps 10000 batch 256 init runs_h/s0/pretrain/model.pt
  eval A: refs t>=16  x_unfl 0.9524  x_fl 0.9524  x_bayes 0.9540  y 0.9919  joint_pre 1.9442  joint_anc 1.9456  wA 0.989
  eval B: refs t>=16  x_unfl 0.9552  x_fl 0.9552  x_bayes 0.9572  y 0.9829  joint_pre 1.9381  joint_anc 1.9399  wA 0.014
step      0  A: xgap +0.2869 f 0.004 | B: xgap -0.0011 f 0.004 | ygap A +0.0003 B +0.0013
step     25  loss 2.0738  A: xgap +0.2317 f 0.095 | B: xgap +0.0016 f 0.089 | ygap A +0.0001 B +0.0009  (15s)
step     50  loss 2.0251  A: xgap +0.1485 f 0.263 | B: xgap +0.0168 f 0.240 | ygap A +0.0002 B +0.0011  (29s)
step     75  loss 2.0173  A: xgap +0.1055 f 0.376 | B: xgap +0.0333 f 0.340 | ygap A +0.0004 B +0.0010  (44s)
step    100  loss 2.0268  A: xgap +0.0907 f 0.425 | B: xgap +0.0393 f 0.365 | ygap A +0.0002 B +0.0014  (60s)
step    125  loss 2.0140  A: xgap +0.0823 f 0.454 | B: xgap +0.0277 f 0.291 | ygap A +0.0002 B +0.0023  (75s)
step    150  loss 1.9974  A: xgap +0.0353 f 0.675 | B: xgap +0.0121 f 0.089 | ygap A +0.0022 B +0.0032  (89s)
step    175  loss 1.9804  A: xgap +0.0081 f 0.929 | B: xgap +0.0068 f 0.066 | ygap A +0.0008 B +0.0025  (103s)
step    200  loss 1.9757  A: xgap +0.0077 f 0.941 | B: xgap +0.0033 f 0.013 | ygap A +0.0023 B +0.0005  (116s)
step    225  loss 1.9741  A: xgap +0.0038 f 0.972 | B: xgap +0.0035 f 0.021 | ygap A +0.0012 B +0.0014  (130s)
step    250  loss 1.9691  A: xgap +0.0027 f 0.984 | B: xgap +0.0034 f 0.025 | ygap A +0.0008 B +0.0014  (144s)
step    275  loss 1.9653  A: xgap +0.0027 f 0.968 | B: xgap +0.0032 f 0.032 | ygap A +0.0007 B +0.0014  (157s)
step    300  loss 1.9699  A: xgap +0.0021 f 0.998 | B: xgap +0.0036 f 0.030 | ygap A +0.0006 B +0.0015  (171s)
step    325  loss 1.9610  A: xgap +0.0025 f 0.972 | B: xgap +0.0031 f 0.024 | ygap A +0.0002 B +0.0017  (184s)
step    350  loss 1.9707  A: xgap +0.0036 f 0.954 | B: xgap +0.0017 f 0.018 | ygap A +0.0016 B +0.0004  (197s)
step    375  loss 1.9567  A: xgap +0.0031 f 0.969 | B: xgap +0.0026 f 0.021 | ygap A +0.0010 B +0.0010  (210s)
step    400  loss 1.9678  A: xgap +0.0018 f 0.992 | B: xgap +0.0024 f 0.027 | ygap A +0.0008 B +0.0012  (223s)
step    425  loss 1.9533  A: xgap +0.0020 f 0.976 | B: xgap +0.0023 f 0.025 | ygap A +0.0010 B +0.0008  (237s)
step    450  loss 1.9680  A: xgap +0.0023 f 0.983 | B: xgap +0.0022 f 0.016 | ygap A +0.0007 B +0.0010  (250s)
step    475  loss 1.9631  A: xgap +0.0017 f 0.987 | B: xgap +0.0025 f 0.038 | ygap A +0.0003 B +0.0014  (262s)
step    500  loss 1.9635  A: xgap +0.0023 f 0.974 | B: xgap +0.0015 f 0.026 | ygap A +0.0008 B +0.0008  (275s)
step    525  loss 1.9568  A: xgap +0.0017 f 0.977 | B: xgap +0.0019 f 0.026 | ygap A +0.0007 B +0.0011  (288s)
step    550  loss 1.9785  A: xgap +0.0019 f 0.976 | B: xgap +0.0026 f 0.033 | ygap A +0.0000 B +0.0020  (301s)
step    575  loss 1.9688  A: xgap +0.0012 f 0.980 | B: xgap +0.0023 f 0.028 | ygap A +0.0007 B +0.0010  (314s)
step    600  loss 1.9619  A: xgap +0.0020 f 0.967 | B: xgap +0.0017 f 0.038 | ygap A +0.0004 B +0.0011  (328s)
step    625  loss 1.9590  A: xgap +0.0022 f 0.988 | B: xgap +0.0018 f -0.003 | ygap A +0.0007 B +0.0011  (341s)
step    650  loss 1.9643  A: xgap +0.0023 f 0.973 | B: xgap +0.0012 f 0.002 | ygap A +0.0012 B +0.0007  (353s)
step    675  loss 1.9698  A: xgap +0.0017 f 0.972 | B: xgap +0.0013 f 0.018 | ygap A +0.0010 B +0.0005  (367s)
step    700  loss 1.9589  A: xgap +0.0009 f 0.992 | B: xgap +0.0023 f 0.028 | ygap A -0.0002 B +0.0018  (380s)
step    725  loss 1.9591  A: xgap +0.0030 f 0.977 | B: xgap +0.0013 f 0.007 | ygap A +0.0020 B -0.0002  (394s)
step    750  loss 1.9631  A: xgap +0.0015 f 0.990 | B: xgap +0.0017 f 0.032 | ygap A +0.0007 B +0.0010  (407s)
step    775  loss 1.9635  A: xgap +0.0024 f 0.992 | B: xgap +0.0011 f 0.004 | ygap A +0.0011 B +0.0005  (420s)
step    800  loss 1.9732  A: xgap +0.0019 f 0.974 | B: xgap +0.0012 f 0.026 | ygap A +0.0013 B +0.0002  (433s)
step    825  loss 1.9543  A: xgap +0.0016 f 0.982 | B: xgap +0.0017 f 0.015 | ygap A +0.0000 B +0.0017  (446s)
step    850  loss 1.9618  A: xgap +0.0023 f 0.955 | B: xgap +0.0013 f 0.034 | ygap A +0.0012 B +0.0005  (460s)
step    875  loss 1.9533  A: xgap +0.0020 f 0.969 | B: xgap +0.0017 f 0.031 | ygap A +0.0014 B +0.0002  (473s)
step    900  loss 1.9679  A: xgap +0.0029 f 0.960 | B: xgap +0.0005 f 0.010 | ygap A +0.0012 B +0.0003  (487s)
step    925  loss 1.9734  A: xgap +0.0021 f 0.973 | B: xgap +0.0008 f -0.004 | ygap A +0.0013 B +0.0002  (501s)
step    950  loss 1.9609  A: xgap +0.0021 f 0.968 | B: xgap +0.0013 f 0.019 | ygap A +0.0007 B +0.0007  (514s)
step    975  loss 1.9647  A: xgap +0.0031 f 0.973 | B: xgap +0.0005 f 0.001 | ygap A +0.0021 B -0.0004  (528s)
step   1000  loss 1.9627  A: xgap +0.0023 f 0.973 | B: xgap +0.0007 f 0.010 | ygap A +0.0013 B +0.0003  (541s)
step   1100  loss 1.9657  A: xgap +0.0016 f 0.976 | B: xgap +0.0011 f 0.033 | ygap A +0.0012 B +0.0005  (575s)
step   1200  loss 1.9615  A: xgap +0.0023 f 0.990 | B: xgap +0.0010 f 0.005 | ygap A +0.0013 B -0.0000  (610s)
step   1300  loss 1.9589  A: xgap +0.0012 f 0.998 | B: xgap +0.0013 f 0.010 | ygap A +0.0007 B +0.0006  (645s)
step   1400  loss 1.9660  A: xgap +0.0011 f 0.981 | B: xgap +0.0014 f 0.023 | ygap A +0.0003 B +0.0015  (680s)
step   1500  loss 1.9628  A: xgap +0.0009 f 0.988 | B: xgap +0.0016 f 0.030 | ygap A -0.0003 B +0.0017  (715s)
step   1600  loss 1.9660  A: xgap +0.0019 f 0.989 | B: xgap +0.0008 f 0.015 | ygap A +0.0010 B +0.0007  (749s)
step   1700  loss 1.9701  A: xgap +0.0010 f 0.988 | B: xgap +0.0019 f 0.031 | ygap A +0.0000 B +0.0012  (784s)
step   1800  loss 1.9472  A: xgap +0.0009 f 0.993 | B: xgap +0.0031 f 0.018 | ygap A -0.0003 B +0.0020  (819s)
step   1900  loss 1.9583  A: xgap +0.0010 f 0.977 | B: xgap +0.0015 f 0.032 | ygap A +0.0003 B +0.0009  (853s)
step   2000  loss 1.9600  A: xgap +0.0020 f 0.973 | B: xgap +0.0008 f 0.011 | ygap A +0.0007 B +0.0006  (888s)
step   2100  loss 1.9624  A: xgap +0.0003 f 0.991 | B: xgap +0.0023 f 0.038 | ygap A -0.0003 B +0.0021  (924s)
step   2200  loss 1.9727  A: xgap +0.0001 f 0.985 | B: xgap +0.0033 f 0.040 | ygap A -0.0006 B +0.0034  (959s)
step   2300  loss 1.9597  A: xgap +0.0023 f 0.968 | B: xgap +0.0001 f 0.021 | ygap A +0.0017 B -0.0002  (995s)
step   2400  loss 1.9586  A: xgap +0.0010 f 0.990 | B: xgap +0.0013 f 0.006 | ygap A +0.0004 B +0.0009  (1029s)
step   2500  loss 1.9647  A: xgap +0.0013 f 0.985 | B: xgap +0.0009 f 0.014 | ygap A +0.0002 B +0.0009  (1064s)
step   2600  loss 1.9603  A: xgap +0.0020 f 0.998 | B: xgap +0.0006 f -0.002 | ygap A +0.0015 B -0.0000  (1100s)
step   2700  loss 1.9668  A: xgap +0.0023 f 0.983 | B: xgap +0.0002 f 0.000 | ygap A +0.0016 B -0.0002  (1134s)
step   2800  loss 1.9487  A: xgap +0.0007 f 0.982 | B: xgap +0.0015 f 0.016 | ygap A +0.0001 B +0.0012  (1169s)
step   2900  loss 1.9693  A: xgap +0.0003 f 0.984 | B: xgap +0.0015 f 0.027 | ygap A -0.0000 B +0.0015  (1204s)
step   3000  loss 1.9766  A: xgap +0.0011 f 0.986 | B: xgap +0.0011 f 0.004 | ygap A +0.0006 B +0.0005  (1239s)
step   3100  loss 1.9617  A: xgap +0.0013 f 0.982 | B: xgap +0.0006 f 0.011 | ygap A +0.0009 B +0.0003  (1274s)
step   3200  loss 1.9610  A: xgap +0.0004 f 0.978 | B: xgap +0.0019 f 0.034 | ygap A -0.0005 B +0.0017  (1309s)
step   3300  loss 1.9625  A: xgap +0.0010 f 0.972 | B: xgap +0.0008 f 0.033 | ygap A +0.0004 B +0.0007  (1343s)
step   3400  loss 1.9762  A: xgap +0.0010 f 0.995 | B: xgap +0.0011 f 0.018 | ygap A +0.0003 B +0.0008  (1378s)
step   3500  loss 1.9552  A: xgap +0.0018 f 0.973 | B: xgap +0.0005 f 0.023 | ygap A +0.0014 B +0.0001  (1413s)
step   3600  loss 1.9569  A: xgap +0.0008 f 0.981 | B: xgap +0.0010 f 0.005 | ygap A +0.0005 B +0.0007  (1447s)
step   3700  loss 1.9717  A: xgap +0.0002 f 0.984 | B: xgap +0.0018 f 0.024 | ygap A -0.0003 B +0.0014  (1483s)
step   3800  loss 1.9630  A: xgap +0.0019 f 0.968 | B: xgap +0.0001 f 0.016 | ygap A +0.0018 B +0.0001  (1517s)
step   3900  loss 1.9596  A: xgap +0.0017 f 0.978 | B: xgap +0.0006 f 0.033 | ygap A +0.0012 B -0.0001  (1552s)
step   4000  loss 1.9626  A: xgap +0.0013 f 0.981 | B: xgap +0.0004 f 0.014 | ygap A +0.0004 B +0.0006  (1587s)
step   4100  loss 1.9690  A: xgap +0.0000 f 1.001 | B: xgap +0.0031 f 0.035 | ygap A -0.0008 B +0.0027  (1622s)
step   4200  loss 1.9686  A: xgap +0.0015 f 0.975 | B: xgap +0.0008 f 0.009 | ygap A +0.0013 B -0.0001  (1657s)
step   4300  loss 1.9685  A: xgap +0.0011 f 0.976 | B: xgap +0.0007 f 0.027 | ygap A +0.0007 B +0.0004  (1692s)
step   4400  loss 1.9535  A: xgap +0.0009 f 0.988 | B: xgap +0.0010 f 0.016 | ygap A +0.0002 B +0.0006  (1726s)
step   4500  loss 1.9734  A: xgap +0.0008 f 0.994 | B: xgap +0.0013 f 0.009 | ygap A -0.0001 B +0.0011  (1761s)
step   4600  loss 1.9486  A: xgap +0.0009 f 0.992 | B: xgap +0.0010 f 0.014 | ygap A +0.0003 B +0.0007  (1796s)
step   4700  loss 1.9643  A: xgap +0.0004 f 0.996 | B: xgap +0.0025 f 0.034 | ygap A -0.0003 B +0.0021  (1831s)
step   4800  loss 1.9598  A: xgap +0.0012 f 0.979 | B: xgap +0.0009 f 0.029 | ygap A +0.0009 B +0.0000  (1866s)
step   4900  loss 1.9697  A: xgap +0.0003 f 0.992 | B: xgap +0.0021 f 0.022 | ygap A -0.0002 B +0.0020  (1901s)
step   5000  loss 1.9702  A: xgap +0.0014 f 1.003 | B: xgap +0.0014 f 0.014 | ygap A +0.0008 B +0.0003  (1936s)
step   5500  loss 1.9649  A: xgap +0.0012 f 0.990 | B: xgap +0.0011 f 0.021 | ygap A +0.0004 B +0.0005  (2087s)
step   6000  loss 1.9790  A: xgap +0.0007 f 0.979 | B: xgap +0.0008 f 0.027 | ygap A +0.0003 B +0.0004  (2236s)
step   6500  loss 1.9622  A: xgap +0.0012 f 0.992 | B: xgap +0.0003 f 0.009 | ygap A +0.0010 B -0.0001  (2387s)
step   7000  loss 1.9722  A: xgap +0.0008 f 0.980 | B: xgap +0.0006 f 0.021 | ygap A +0.0011 B +0.0000  (2537s)
step   7500  loss 1.9711  A: xgap +0.0007 f 0.984 | B: xgap +0.0010 f 0.017 | ygap A +0.0002 B +0.0009  (2688s)
step   8000  loss 1.9553  A: xgap +0.0007 f 0.968 | B: xgap +0.0011 f 0.025 | ygap A +0.0001 B +0.0012  (2838s)
step   8500  loss 1.9595  A: xgap +0.0009 f 0.980 | B: xgap +0.0009 f 0.017 | ygap A +0.0004 B +0.0005  (2989s)
step   9000  loss 1.9626  A: xgap +0.0010 f 0.995 | B: xgap +0.0007 f 0.016 | ygap A +0.0008 B +0.0002  (3140s)
step   9500  loss 1.9588  A: xgap +0.0012 f 0.986 | B: xgap +0.0004 f 0.025 | ygap A +0.0009 B +0.0001  (3291s)
step  10000  loss 1.9683  A: xgap +0.0004 f 0.986 | B: xgap +0.0014 f 0.018 | ygap A -0.0001 B +0.0012  (3442s)
saved runs_h/s0/anchored
