phase unanchored seed 2 params 705960 device cuda steps 10000 batch 128 init runs/s2/pretrain/model.pt
  eval A: refs t>=16  x_unfl 0.8469  x_fl 0.8469  x_bayes 0.8496  y 0.9919  joint_pre 1.8387  joint_anc 1.8411  wA 0.989
  eval B: refs t>=16  x_unfl 0.8460  x_fl 0.8460  x_bayes 0.8494  y 0.9829  joint_pre 1.8289  joint_anc 1.8320  wA 0.014
step      0  A: xgap +0.5081 f 0.004 | B: xgap -0.0031 f 0.006 | ygap A +0.0002 B +0.0008
step     25  loss 2.3241  A: xgap +0.4642 f 0.039 | B: xgap -0.0022 f 0.037 | ygap A -0.0009 B +0.0042  (1s)
step     50  loss 2.1928  A: xgap +0.3401 f 0.154 | B: xgap +0.0074 f 0.132 | ygap A -0.0015 B +0.0344  (2s)
step     75  loss 2.0232  A: xgap +0.1536 f 0.436 | B: xgap +0.0822 f 0.405 | ygap A -0.0006 B +0.1828  (3s)
step    100  loss 1.8779  A: xgap +0.0242 f 0.840 | B: xgap +0.3117 f 0.803 | ygap A -0.0002 B +0.2807  (4s)
step    125  loss 1.8721  A: xgap +0.0045 f 0.986 | B: xgap +0.4670 f 0.964 | ygap A -0.0015 B +0.3318  (4s)
step    150  loss 1.8458  A: xgap +0.0010 f 0.987 | B: xgap +0.4705 f 0.968 | ygap A -0.0016 B +0.3306  (5s)
step    175  loss 1.8514  A: xgap -0.0004 f 0.987 | B: xgap +0.4743 f 0.971 | ygap A -0.0015 B +0.3306  (6s)
step    200  loss 1.8321  A: xgap -0.0010 f 1.004 | B: xgap +0.4991 f 0.990 | ygap A -0.0015 B +0.3330  (7s)
step    225  loss 1.8498  A: xgap -0.0009 f 0.993 | B: xgap +0.4930 f 0.982 | ygap A -0.0016 B +0.3252  (8s)
step    250  loss 1.8509  A: xgap -0.0012 f 0.992 | B: xgap +0.4841 f 0.979 | ygap A -0.0017 B +0.3345  (9s)
step    275  loss 1.8365  A: xgap -0.0015 f 1.004 | B: xgap +0.5023 f 0.991 | ygap A -0.0017 B +0.3341  (10s)
step    300  loss 1.8323  A: xgap -0.0016 f 0.980 | B: xgap +0.4782 f 0.971 | ygap A -0.0018 B +0.3337  (11s)
step    325  loss 1.8481  A: xgap -0.0020 f 0.997 | B: xgap +0.4988 f 0.988 | ygap A -0.0018 B +0.3282  (12s)
step    350  loss 1.8460  A: xgap -0.0019 f 1.002 | B: xgap +0.5085 f 0.994 | ygap A -0.0018 B +0.3314  (13s)
step    375  loss 1.8358  A: xgap -0.0017 f 0.992 | B: xgap +0.5010 f 0.988 | ygap A -0.0018 B +0.3431  (13s)
step    400  loss 1.8585  A: xgap -0.0020 f 1.004 | B: xgap +0.5089 f 0.997 | ygap A -0.0018 B +0.3309  (14s)
step    425  loss 1.8451  A: xgap -0.0019 f 1.008 | B: xgap +0.5103 f 1.000 | ygap A -0.0019 B +0.3423  (15s)
step    450  loss 1.8370  A: xgap -0.0022 f 0.989 | B: xgap +0.4909 f 0.983 | ygap A -0.0019 B +0.3311  (16s)
step    475  loss 1.8370  A: xgap -0.0022 f 0.995 | B: xgap +0.5006 f 0.989 | ygap A -0.0018 B +0.3363  (17s)
step    500  loss 1.8532  A: xgap -0.0021 f 1.007 | B: xgap +0.5122 f 1.001 | ygap A -0.0019 B +0.3324  (18s)
step    525  loss 1.8372  A: xgap -0.0022 f 1.001 | B: xgap +0.5056 f 0.996 | ygap A -0.0018 B +0.3418  (19s)
step    550  loss 1.8766  A: xgap -0.0022 f 1.003 | B: xgap +0.5050 f 0.996 | ygap A -0.0018 B +0.3328  (20s)
step    575  loss 1.8391  A: xgap -0.0021 f 1.000 | B: xgap +0.5026 f 0.994 | ygap A -0.0018 B +0.3346  (21s)
step    600  loss 1.8392  A: xgap -0.0020 f 1.002 | B: xgap +0.5040 f 0.995 | ygap A -0.0017 B +0.3314  (22s)
step    625  loss 1.8387  A: xgap -0.0022 f 0.997 | B: xgap +0.4995 f 0.991 | ygap A -0.0019 B +0.3396  (23s)
step    650  loss 1.8481  A: xgap -0.0023 f 0.996 | B: xgap +0.4955 f 0.988 | ygap A -0.0018 B +0.3399  (24s)
step    675  loss 1.8340  A: xgap -0.0021 f 0.993 | B: xgap +0.4986 f 0.987 | ygap A -0.0019 B +0.3410  (25s)
step    700  loss 1.8316  A: xgap -0.0023 f 0.996 | B: xgap +0.5017 f 0.992 | ygap A -0.0019 B +0.3395  (26s)
step    725  loss 1.8378  A: xgap -0.0022 f 0.999 | B: xgap +0.5019 f 0.993 | ygap A -0.0017 B +0.3324  (27s)
step    750  loss 1.8479  A: xgap -0.0021 f 0.998 | B: xgap +0.5038 f 0.992 | ygap A -0.0018 B +0.3361  (28s)
step    775  loss 1.8338  A: xgap -0.0023 f 0.998 | B: xgap +0.5037 f 0.993 | ygap A -0.0019 B +0.3385  (29s)
step    800  loss 1.8418  A: xgap -0.0022 f 1.003 | B: xgap +0.5091 f 0.998 | ygap A -0.0019 B +0.3435  (30s)
step    825  loss 1.8444  A: xgap -0.0022 f 1.000 | B: xgap +0.5009 f 0.993 | ygap A -0.0020 B +0.3388  (31s)
step    850  loss 1.8519  A: xgap -0.0023 f 1.001 | B: xgap +0.5030 f 0.994 | ygap A -0.0018 B +0.3395  (32s)
step    875  loss 1.8518  A: xgap -0.0023 f 0.998 | B: xgap +0.5012 f 0.992 | ygap A -0.0019 B +0.3414  (33s)
step    900  loss 1.8514  A: xgap -0.0023 f 0.999 | B: xgap +0.5015 f 0.993 | ygap A -0.0018 B +0.3321  (34s)
step    925  loss 1.8388  A: xgap -0.0022 f 1.002 | B: xgap +0.5085 f 0.999 | ygap A -0.0019 B +0.3379  (35s)
step    950  loss 1.8509  A: xgap -0.0024 f 0.997 | B: xgap +0.5048 f 0.993 | ygap A -0.0020 B +0.3426  (36s)
step    975  loss 1.8473  A: xgap -0.0025 f 1.001 | B: xgap +0.5094 f 0.997 | ygap A -0.0019 B +0.3391  (36s)
step   1000  loss 1.8569  A: xgap -0.0023 f 0.999 | B: xgap +0.5013 f 0.994 | ygap A -0.0019 B +0.3370  (37s)
step   1100  loss 1.8407  A: xgap -0.0021 f 1.006 | B: xgap +0.5196 f 1.003 | ygap A -0.0020 B +0.3434  (40s)
step   1200  loss 1.8272  A: xgap -0.0022 f 0.999 | B: xgap +0.5074 f 0.995 | ygap A -0.0018 B +0.3336  (42s)
step   1300  loss 1.8454  A: xgap -0.0023 f 0.998 | B: xgap +0.5048 f 0.994 | ygap A -0.0019 B +0.3404  (44s)
step   1400  loss 1.8422  A: xgap -0.0023 f 0.999 | B: xgap +0.5060 f 0.996 | ygap A -0.0020 B +0.3359  (47s)
step   1500  loss 1.8474  A: xgap -0.0024 f 1.000 | B: xgap +0.5084 f 0.996 | ygap A -0.0019 B +0.3332  (49s)
step   1600  loss 1.8587  A: xgap -0.0024 f 0.994 | B: xgap +0.4980 f 0.991 | ygap A -0.0018 B +0.3323  (52s)
step   1700  loss 1.8396  A: xgap -0.0025 f 1.003 | B: xgap +0.5103 f 0.999 | ygap A -0.0020 B +0.3398  (54s)
step   1800  loss 1.8526  A: xgap -0.0025 f 1.006 | B: xgap +0.5164 f 1.003 | ygap A -0.0020 B +0.3384  (57s)
step   1900  loss 1.8366  A: xgap -0.0024 f 0.988 | B: xgap +0.4933 f 0.984 | ygap A -0.0018 B +0.3469  (59s)
step   2000  loss 1.8377  A: xgap -0.0025 f 0.996 | B: xgap +0.5043 f 0.994 | ygap A -0.0020 B +0.3451  (62s)
step   2100  loss 1.8476  A: xgap -0.0024 f 0.996 | B: xgap +0.5046 f 0.995 | ygap A -0.0020 B +0.3339  (64s)
step   2200  loss 1.8308  A: xgap -0.0024 f 1.002 | B: xgap +0.5168 f 1.002 | ygap A -0.0020 B +0.3384  (67s)
step   2300  loss 1.8479  A: xgap -0.0023 f 0.996 | B: xgap +0.5057 f 0.994 | ygap A -0.0019 B +0.3462  (69s)
step   2400  loss 1.8240  A: xgap -0.0024 f 0.993 | B: xgap +0.5022 f 0.992 | ygap A -0.0019 B +0.3315  (72s)
step   2500  loss 1.8542  A: xgap -0.0023 f 1.009 | B: xgap +0.5251 f 1.009 | ygap A -0.0019 B +0.3418  (74s)
step   2600  loss 1.8557  A: xgap -0.0024 f 0.999 | B: xgap +0.5096 f 0.998 | ygap A -0.0019 B +0.3337  (77s)
step   2700  loss 1.8371  A: xgap -0.0025 f 1.004 | B: xgap +0.5147 f 1.003 | ygap A -0.0021 B +0.3360  (79s)
step   2800  loss 1.8570  A: xgap -0.0023 f 1.004 | B: xgap +0.5151 f 1.003 | ygap A -0.0020 B +0.3427  (82s)
step   2900  loss 1.8488  A: xgap -0.0024 f 0.998 | B: xgap +0.5084 f 0.995 | ygap A -0.0020 B +0.3419  (84s)
step   3000  loss 1.8539  A: xgap -0.0025 f 0.997 | B: xgap +0.5050 f 0.996 | ygap A -0.0019 B +0.3335  (87s)
step   3100  loss 1.8431  A: xgap -0.0024 f 1.005 | B: xgap +0.5167 f 1.006 | ygap A -0.0019 B +0.3338  (89s)
step   3200  loss 1.8618  A: xgap -0.0023 f 1.013 | B: xgap +0.5312 f 1.013 | ygap A -0.0020 B +0.3394  (91s)
step   3300  loss 1.8422  A: xgap -0.0024 f 1.001 | B: xgap +0.5070 f 0.999 | ygap A -0.0020 B +0.3389  (94s)
step   3400  loss 1.8336  A: xgap -0.0025 f 0.997 | B: xgap +0.5046 f 0.995 | ygap A -0.0019 B +0.3360  (96s)
step   3500  loss 1.8390  A: xgap -0.0025 f 1.006 | B: xgap +0.5167 f 1.004 | ygap A -0.0019 B +0.3361  (99s)
step   3600  loss 1.8509  A: xgap -0.0025 f 0.994 | B: xgap +0.5033 f 0.993 | ygap A -0.0020 B +0.3380  (101s)
step   3700  loss 1.8474  A: xgap -0.0023 f 0.996 | B: xgap +0.5047 f 0.996 | ygap A -0.0019 B +0.3371  (104s)
step   3800  loss 1.8387  A: xgap -0.0025 f 1.004 | B: xgap +0.5167 f 1.004 | ygap A -0.0020 B +0.3354  (106s)
step   3900  loss 1.8450  A: xgap -0.0024 f 1.005 | B: xgap +0.5157 f 1.005 | ygap A -0.0019 B +0.3455  (109s)
step   4000  loss 1.8258  A: xgap -0.0025 f 0.999 | B: xgap +0.5072 f 0.999 | ygap A -0.0018 B +0.3392  (111s)
step   4100  loss 1.8469  A: xgap -0.0026 f 0.996 | B: xgap +0.5064 f 0.995 | ygap A -0.0018 B +0.3377  (114s)
step   4200  loss 1.8316  A: xgap -0.0026 f 1.003 | B: xgap +0.5165 f 1.004 | ygap A -0.0019 B +0.3376  (116s)
step   4300  loss 1.8415  A: xgap -0.0024 f 0.999 | B: xgap +0.5079 f 0.998 | ygap A -0.0020 B +0.3353  (119s)
step   4400  loss 1.8542  A: xgap -0.0024 f 0.997 | B: xgap +0.5060 f 0.997 | ygap A -0.0020 B +0.3469  (121s)
step   4500  loss 1.8347  A: xgap -0.0025 f 1.004 | B: xgap +0.5140 f 1.002 | ygap A -0.0020 B +0.3345  (124s)
step   4600  loss 1.8562  A: xgap -0.0025 f 1.002 | B: xgap +0.5119 f 1.000 | ygap A -0.0019 B +0.3426  (126s)
step   4700  loss 1.8513  A: xgap -0.0025 f 0.996 | B: xgap +0.5050 f 0.996 | ygap A -0.0019 B +0.3316  (128s)
step   4800  loss 1.8376  A: xgap -0.0025 f 0.997 | B: xgap +0.5063 f 0.996 | ygap A -0.0020 B +0.3407  (131s)
step   4900  loss 1.8462  A: xgap -0.0025 f 1.001 | B: xgap +0.5129 f 1.001 | ygap A -0.0018 B +0.3428  (133s)
step   5000  loss 1.8484  A: xgap -0.0023 f 0.990 | B: xgap +0.4969 f 0.989 | ygap A -0.0019 B +0.3420  (136s)
step   5500  loss 1.8515  A: xgap -0.0024 f 1.000 | B: xgap +0.5093 f 1.000 | ygap A -0.0020 B +0.3422  (145s)
step   6000  loss 1.8421  A: xgap -0.0024 f 1.002 | B: xgap +0.5145 f 1.002 | ygap A -0.0021 B +0.3446  (155s)
step   6500  loss 1.8393  A: xgap -0.0026 f 0.995 | B: xgap +0.5044 f 0.996 | ygap A -0.0019 B +0.3368  (165s)
step   7000  loss 1.8435  A: xgap -0.0025 f 0.990 | B: xgap +0.4986 f 0.989 | ygap A -0.0020 B +0.3383  (176s)
step   7500  loss 1.8380  A: xgap -0.0024 f 0.999 | B: xgap +0.5094 f 1.000 | ygap A -0.0021 B +0.3371  (186s)
step   8000  loss 1.8474  A: xgap -0.0022 f 1.010 | B: xgap +0.5217 f 1.009 | ygap A -0.0018 B +0.3361  (197s)
step   8500  loss 1.8469  A: xgap -0.0024 f 0.997 | B: xgap +0.5078 f 0.997 | ygap A -0.0020 B +0.3434  (208s)
step   9000  loss 1.8660  A: xgap -0.0022 f 1.007 | B: xgap +0.5217 f 1.008 | ygap A -0.0020 B +0.3394  (218s)
step   9500  loss 1.8387  A: xgap -0.0025 f 1.003 | B: xgap +0.5147 f 1.003 | ygap A -0.0019 B +0.3424  (228s)
step  10000  loss 1.8522  A: xgap -0.0024 f 0.999 | B: xgap +0.5106 f 0.998 | ygap A -0.0021 B +0.3415  (238s)
saved runs/s2/unanchored
