phase unanchored seed 1 params 705960 device cuda steps 10000 batch 128 init runs/s1/pretrain/model.pt
  eval A: refs t>=16  x_unfl 0.8469  x_fl 0.8469  x_bayes 0.8496  y 0.9919  joint_pre 1.8387  joint_anc 1.8411  wA 0.989
  eval B: refs t>=16  x_unfl 0.8460  x_fl 0.8460  x_bayes 0.8494  y 0.9829  joint_pre 1.8289  joint_anc 1.8320  wA 0.014
step      0  A: xgap +0.5186 f -0.005 | B: xgap -0.0031 f -0.005 | ygap A +0.0008 B +0.0002
step     25  loss 2.3233  A: xgap +0.4709 f 0.032 | B: xgap -0.0026 f 0.026 | ygap A -0.0008 B +0.0029  (1s)
step     50  loss 2.1787  A: xgap +0.3171 f 0.183 | B: xgap +0.0089 f 0.140 | ygap A -0.0012 B +0.0270  (2s)
step     75  loss 1.9924  A: xgap +0.1423 f 0.470 | B: xgap +0.1051 f 0.453 | ygap A +0.0004 B +0.1731  (2s)
step    100  loss 1.9539  A: xgap +0.0861 f 0.585 | B: xgap +0.1565 f 0.574 | ygap A +0.0001 B +0.2582  (3s)
step    125  loss 1.8452  A: xgap +0.0037 f 1.002 | B: xgap +0.4734 f 0.964 | ygap A +0.0004 B +0.3027  (4s)
step    150  loss 1.8470  A: xgap -0.0002 f 0.986 | B: xgap +0.4554 f 0.956 | ygap A -0.0011 B +0.2853  (5s)
step    175  loss 1.8515  A: xgap -0.0007 f 0.987 | B: xgap +0.4772 f 0.970 | ygap A -0.0014 B +0.2987  (6s)
step    200  loss 1.8351  A: xgap -0.0013 f 0.998 | B: xgap +0.4978 f 0.988 | ygap A -0.0013 B +0.2992  (7s)
step    225  loss 1.8133  A: xgap -0.0011 f 1.014 | B: xgap +0.5204 f 1.007 | ygap A -0.0015 B +0.3178  (7s)
step    250  loss 1.8429  A: xgap -0.0015 f 0.990 | B: xgap +0.4887 f 0.985 | ygap A -0.0017 B +0.3189  (8s)
step    275  loss 1.8493  A: xgap -0.0019 f 1.001 | B: xgap +0.5059 f 0.995 | ygap A -0.0017 B +0.3188  (9s)
step    300  loss 1.8434  A: xgap -0.0016 f 1.013 | B: xgap +0.5173 f 1.006 | ygap A -0.0019 B +0.3206  (10s)
step    325  loss 1.8355  A: xgap -0.0019 f 1.002 | B: xgap +0.5012 f 0.995 | ygap A -0.0018 B +0.3234  (11s)
step    350  loss 1.8406  A: xgap -0.0019 f 1.002 | B: xgap +0.5025 f 0.994 | ygap A -0.0019 B +0.3257  (12s)
step    375  loss 1.8456  A: xgap -0.0020 f 0.995 | B: xgap +0.4938 f 0.988 | ygap A -0.0018 B +0.3269  (13s)
step    400  loss 1.8200  A: xgap -0.0016 f 0.990 | B: xgap +0.4822 f 0.983 | ygap A -0.0018 B +0.3347  (14s)
step    425  loss 1.8431  A: xgap -0.0020 f 1.003 | B: xgap +0.5032 f 0.997 | ygap A -0.0019 B +0.3280  (15s)
step    450  loss 1.8431  A: xgap -0.0018 f 0.994 | B: xgap +0.4943 f 0.986 | ygap A -0.0019 B +0.3245  (16s)
step    475  loss 1.8447  A: xgap -0.0021 f 1.002 | B: xgap +0.5064 f 0.995 | ygap A -0.0018 B +0.3340  (17s)
step    500  loss 1.8456  A: xgap -0.0021 f 0.999 | B: xgap +0.4976 f 0.991 | ygap A -0.0018 B +0.3183  (18s)
step    525  loss 1.8413  A: xgap -0.0021 f 1.004 | B: xgap +0.5039 f 0.998 | ygap A -0.0020 B +0.3292  (19s)
step    550  loss 1.8501  A: xgap -0.0022 f 0.994 | B: xgap +0.4969 f 0.988 | ygap A -0.0019 B +0.3364  (20s)
step    575  loss 1.8374  A: xgap -0.0022 f 1.005 | B: xgap +0.5085 f 0.998 | ygap A -0.0020 B +0.3271  (21s)
step    600  loss 1.8381  A: xgap -0.0021 f 1.001 | B: xgap +0.5059 f 0.995 | ygap A -0.0017 B +0.3313  (22s)
step    625  loss 1.8323  A: xgap -0.0018 f 0.988 | B: xgap +0.4880 f 0.978 | ygap A -0.0019 B +0.3257  (23s)
step    650  loss 1.8490  A: xgap -0.0021 f 0.989 | B: xgap +0.4845 f 0.981 | ygap A -0.0020 B +0.3291  (24s)
step    675  loss 1.8315  A: xgap -0.0019 f 0.981 | B: xgap +0.4795 f 0.976 | ygap A -0.0020 B +0.3273  (24s)
step    700  loss 1.8325  A: xgap -0.0022 f 0.994 | B: xgap +0.4934 f 0.987 | ygap A -0.0019 B +0.3221  (25s)
step    725  loss 1.8644  A: xgap -0.0017 f 0.993 | B: xgap +0.4946 f 0.986 | ygap A -0.0020 B +0.3291  (26s)
step    750  loss 1.8236  A: xgap -0.0021 f 1.001 | B: xgap +0.5077 f 0.996 | ygap A -0.0020 B +0.3277  (27s)
step    775  loss 1.8491  A: xgap -0.0019 f 1.008 | B: xgap +0.5117 f 1.002 | ygap A -0.0019 B +0.3249  (28s)
step    800  loss 1.8552  A: xgap -0.0018 f 0.996 | B: xgap +0.5072 f 0.991 | ygap A -0.0020 B +0.3324  (29s)
step    825  loss 1.8595  A: xgap -0.0021 f 1.000 | B: xgap +0.4987 f 0.993 | ygap A -0.0020 B +0.3345  (30s)
step    850  loss 1.8552  A: xgap -0.0022 f 1.003 | B: xgap +0.5056 f 0.997 | ygap A -0.0020 B +0.3366  (31s)
step    875  loss 1.8496  A: xgap -0.0023 f 1.003 | B: xgap +0.5039 f 0.994 | ygap A -0.0019 B +0.3276  (32s)
step    900  loss 1.8426  A: xgap -0.0020 f 0.984 | B: xgap +0.4801 f 0.976 | ygap A -0.0018 B +0.3382  (33s)
step    925  loss 1.8397  A: xgap -0.0022 f 1.000 | B: xgap +0.5023 f 0.995 | ygap A -0.0019 B +0.3375  (34s)
step    950  loss 1.8257  A: xgap -0.0023 f 1.007 | B: xgap +0.5134 f 1.003 | ygap A -0.0020 B +0.3331  (35s)
step    975  loss 1.8310  A: xgap -0.0023 f 1.003 | B: xgap +0.5035 f 0.996 | ygap A -0.0019 B +0.3386  (36s)
step   1000  loss 1.8254  A: xgap -0.0022 f 1.002 | B: xgap +0.5062 f 0.996 | ygap A -0.0019 B +0.3380  (37s)
step   1100  loss 1.8412  A: xgap -0.0024 f 0.995 | B: xgap +0.5011 f 0.992 | ygap A -0.0018 B +0.3391  (39s)
step   1200  loss 1.8321  A: xgap -0.0021 f 1.011 | B: xgap +0.5187 f 1.007 | ygap A -0.0018 B +0.3245  (41s)
step   1300  loss 1.8191  A: xgap -0.0021 f 0.998 | B: xgap +0.4991 f 0.993 | ygap A -0.0020 B +0.3340  (44s)
step   1400  loss 1.8620  A: xgap -0.0022 f 0.993 | B: xgap +0.4946 f 0.987 | ygap A -0.0017 B +0.3334  (46s)
step   1500  loss 1.8610  A: xgap -0.0022 f 0.988 | B: xgap +0.4869 f 0.983 | ygap A -0.0022 B +0.3356  (48s)
step   1600  loss 1.8471  A: xgap -0.0023 f 1.000 | B: xgap +0.5049 f 0.997 | ygap A -0.0021 B +0.3459  (51s)
step   1700  loss 1.8498  A: xgap -0.0024 f 1.003 | B: xgap +0.5104 f 0.999 | ygap A -0.0019 B +0.3363  (53s)
step   1800  loss 1.8359  A: xgap -0.0023 f 1.005 | B: xgap +0.5151 f 1.003 | ygap A -0.0019 B +0.3422  (56s)
step   1900  loss 1.8633  A: xgap -0.0023 f 0.998 | B: xgap +0.5036 f 0.996 | ygap A -0.0018 B +0.3439  (58s)
step   2000  loss 1.8660  A: xgap -0.0023 f 0.987 | B: xgap +0.4930 f 0.986 | ygap A -0.0018 B +0.3378  (61s)
step   2100  loss 1.8416  A: xgap -0.0023 f 0.993 | B: xgap +0.5018 f 0.992 | ygap A -0.0021 B +0.3402  (63s)
step   2200  loss 1.8266  A: xgap -0.0023 f 0.996 | B: xgap +0.5077 f 0.995 | ygap A -0.0021 B +0.3378  (66s)
step   2300  loss 1.8472  A: xgap -0.0023 f 0.997 | B: xgap +0.5061 f 0.997 | ygap A -0.0019 B +0.3372  (68s)
step   2400  loss 1.8307  A: xgap -0.0023 f 1.006 | B: xgap +0.5163 f 1.006 | ygap A -0.0020 B +0.3358  (71s)
step   2500  loss 1.8410  A: xgap -0.0025 f 1.002 | B: xgap +0.5136 f 1.002 | ygap A -0.0018 B +0.3341  (73s)
step   2600  loss 1.8379  A: xgap -0.0022 f 1.012 | B: xgap +0.5282 f 1.012 | ygap A -0.0019 B +0.3426  (76s)
step   2700  loss 1.8251  A: xgap -0.0022 f 1.006 | B: xgap +0.5202 f 1.006 | ygap A -0.0020 B +0.3336  (78s)
step   2800  loss 1.8391  A: xgap -0.0023 f 0.994 | B: xgap +0.4977 f 0.991 | ygap A -0.0021 B +0.3411  (81s)
step   2900  loss 1.8449  A: xgap -0.0025 f 0.998 | B: xgap +0.5085 f 0.998 | ygap A -0.0020 B +0.3502  (83s)
step   3000  loss 1.8521  A: xgap -0.0024 f 1.000 | B: xgap +0.5068 f 0.998 | ygap A -0.0020 B +0.3389  (86s)
step   3100  loss 1.8438  A: xgap -0.0023 f 0.990 | B: xgap +0.4960 f 0.988 | ygap A -0.0021 B +0.3376  (88s)
step   3200  loss 1.8539  A: xgap -0.0023 f 0.987 | B: xgap +0.4950 f 0.987 | ygap A -0.0021 B +0.3407  (90s)
step   3300  loss 1.8543  A: xgap -0.0025 f 0.991 | B: xgap +0.4984 f 0.990 | ygap A -0.0020 B +0.3397  (93s)
step   3400  loss 1.8464  A: xgap -0.0022 f 0.997 | B: xgap +0.5010 f 0.996 | ygap A -0.0019 B +0.3377  (96s)
step   3500  loss 1.8562  A: xgap -0.0026 f 0.997 | B: xgap +0.5040 f 0.997 | ygap A -0.0019 B +0.3432  (98s)
step   3600  loss 1.8322  A: xgap -0.0024 f 0.995 | B: xgap +0.5014 f 0.995 | ygap A -0.0019 B +0.3442  (101s)
step   3700  loss 1.8415  A: xgap -0.0024 f 1.011 | B: xgap +0.5222 f 1.011 | ygap A -0.0019 B +0.3373  (103s)
step   3800  loss 1.8470  A: xgap -0.0026 f 1.001 | B: xgap +0.5123 f 1.000 | ygap A -0.0019 B +0.3382  (105s)
step   3900  loss 1.8265  A: xgap -0.0024 f 1.001 | B: xgap +0.5118 f 1.000 | ygap A -0.0021 B +0.3401  (108s)
step   4000  loss 1.8405  A: xgap -0.0025 f 1.005 | B: xgap +0.5169 f 1.004 | ygap A -0.0019 B +0.3437  (110s)
step   4100  loss 1.8613  A: xgap -0.0023 f 1.009 | B: xgap +0.5262 f 1.008 | ygap A -0.0017 B +0.3444  (113s)
step   4200  loss 1.8387  A: xgap -0.0025 f 1.000 | B: xgap +0.5088 f 0.998 | ygap A -0.0021 B +0.3382  (115s)
step   4300  loss 1.8486  A: xgap -0.0023 f 1.010 | B: xgap +0.5288 f 1.009 | ygap A -0.0020 B +0.3336  (117s)
step   4400  loss 1.8398  A: xgap -0.0022 f 1.008 | B: xgap +0.5199 f 1.008 | ygap A -0.0021 B +0.3516  (120s)
step   4500  loss 1.8366  A: xgap -0.0023 f 0.996 | B: xgap +0.5068 f 0.996 | ygap A -0.0020 B +0.3402  (122s)
step   4600  loss 1.8381  A: xgap -0.0025 f 1.004 | B: xgap +0.5164 f 1.005 | ygap A -0.0020 B +0.3432  (125s)
step   4700  loss 1.8387  A: xgap -0.0024 f 0.994 | B: xgap +0.5008 f 0.994 | ygap A -0.0018 B +0.3402  (127s)
step   4800  loss 1.8515  A: xgap -0.0026 f 0.998 | B: xgap +0.5090 f 0.997 | ygap A -0.0019 B +0.3374  (130s)
step   4900  loss 1.8430  A: xgap -0.0024 f 0.994 | B: xgap +0.5030 f 0.994 | ygap A -0.0019 B +0.3384  (132s)
step   5000  loss 1.8366  A: xgap -0.0025 f 1.004 | B: xgap +0.5164 f 1.004 | ygap A -0.0021 B +0.3408  (135s)
step   5500  loss 1.8408  A: xgap -0.0025 f 1.003 | B: xgap +0.5123 f 1.001 | ygap A -0.0021 B +0.3412  (144s)
step   6000  loss 1.8461  A: xgap -0.0025 f 0.998 | B: xgap +0.5094 f 0.999 | ygap A -0.0021 B +0.3429  (154s)
step   6500  loss 1.8391  A: xgap -0.0025 f 1.000 | B: xgap +0.5103 f 0.999 | ygap A -0.0020 B +0.3436  (164s)
step   7000  loss 1.8466  A: xgap -0.0024 f 1.005 | B: xgap +0.5143 f 1.004 | ygap A -0.0021 B +0.3402  (174s)
step   7500  loss 1.8446  A: xgap -0.0024 f 0.991 | B: xgap +0.5002 f 0.992 | ygap A -0.0020 B +0.3459  (184s)
step   8000  loss 1.8444  A: xgap -0.0024 f 1.004 | B: xgap +0.5132 f 1.004 | ygap A -0.0019 B +0.3405  (195s)
step   8500  loss 1.8520  A: xgap -0.0026 f 1.000 | B: xgap +0.5126 f 1.001 | ygap A -0.0020 B +0.3451  (206s)
step   9000  loss 1.8573  A: xgap -0.0025 f 0.998 | B: xgap +0.5096 f 0.999 | ygap A -0.0018 B +0.3415  (216s)
step   9500  loss 1.8453  A: xgap -0.0025 f 1.005 | B: xgap +0.5184 f 1.006 | ygap A -0.0020 B +0.3403  (226s)
step  10000  loss 1.8540  A: xgap -0.0025 f 0.994 | B: xgap +0.5072 f 0.995 | ygap A -0.0021 B +0.3440  (237s)
saved runs/s1/unanchored
