phase unanchored seed 0 params 705960 device cpu steps 10000 batch 128 init runs/s0/pretrain/model.pt
  eval A: refs t>=16  x_unfl 0.8469  x_fl 0.8469  x_bayes 0.8496  y 0.9919  joint_pre 1.8387  joint_anc 1.8411  wA 0.989
  eval B: refs t>=16  x_unfl 0.8460  x_fl 0.8460  x_bayes 0.8494  y 0.9829  joint_pre 1.8289  joint_anc 1.8320  wA 0.014
step      0  A: xgap +0.5042 f 0.005 | B: xgap -0.0032 f 0.006 | ygap A -0.0002 B +0.0011
step     25  loss 2.3039  A: xgap +0.4598 f 0.039 | B: xgap -0.0023 f 0.037 | ygap A -0.0011 B +0.0043  (10s)
step     50  loss 2.1885  A: xgap +0.3374 f 0.154 | B: xgap +0.0070 f 0.130 | ygap A -0.0015 B +0.0324  (20s)
step     75  loss 1.9987  A: xgap +0.1474 f 0.448 | B: xgap +0.0853 f 0.417 | ygap A +0.0002 B +0.1949  (30s)
step    100  loss 1.8705  A: xgap +0.0298 f 0.798 | B: xgap +0.2848 f 0.764 | ygap A +0.0006 B +0.2741  (39s)
step    125  loss 1.8569  A: xgap +0.0027 f 1.001 | B: xgap +0.5071 f 0.991 | ygap A -0.0011 B +0.3375  (49s)
step    150  loss 1.8550  A: xgap -0.0006 f 0.993 | B: xgap +0.5008 f 0.986 | ygap A -0.0014 B +0.3184  (59s)
step    175  loss 1.8398  A: xgap -0.0010 f 0.990 | B: xgap +0.5012 f 0.986 | ygap A -0.0016 B +0.3288  (69s)
step    200  loss 1.8570  A: xgap -0.0014 f 0.991 | B: xgap +0.5011 f 0.988 | ygap A -0.0017 B +0.3333  (79s)
step    225  loss 1.8450  A: xgap -0.0017 f 0.995 | B: xgap +0.5096 f 0.994 | ygap A -0.0018 B +0.3284  (89s)
step    250  loss 1.8550  A: xgap -0.0019 f 0.996 | B: xgap +0.5049 f 0.992 | ygap A -0.0019 B +0.3292  (98s)
step    275  loss 1.8485  A: xgap -0.0021 f 1.002 | B: xgap +0.5132 f 1.000 | ygap A -0.0019 B +0.3366  (108s)
step    300  loss 1.8451  A: xgap -0.0022 f 0.997 | B: xgap +0.5075 f 0.994 | ygap A -0.0019 B +0.3345  (118s)
step    325  loss 1.8491  A: xgap -0.0022 f 1.000 | B: xgap +0.5083 f 0.996 | ygap A -0.0020 B +0.3341  (128s)
step    350  loss 1.8381  A: xgap -0.0019 f 0.993 | B: xgap +0.5025 f 0.990 | ygap A -0.0020 B +0.3322  (138s)
step    375  loss 1.8570  A: xgap -0.0020 f 0.994 | B: xgap +0.5064 f 0.991 | ygap A -0.0018 B +0.3332  (147s)
step    400  loss 1.8538  A: xgap -0.0019 f 1.000 | B: xgap +0.5070 f 0.996 | ygap A -0.0018 B +0.3279  (157s)
step    425  loss 1.8440  A: xgap -0.0021 f 0.989 | B: xgap +0.4964 f 0.985 | ygap A -0.0019 B +0.3411  (166s)
step    450  loss 1.8404  A: xgap -0.0020 f 0.993 | B: xgap +0.4980 f 0.989 | ygap A -0.0019 B +0.3356  (176s)
step    475  loss 1.8317  A: xgap -0.0022 f 1.000 | B: xgap +0.5089 f 0.997 | ygap A -0.0019 B +0.3399  (186s)
step    500  loss 1.8551  A: xgap -0.0022 f 0.996 | B: xgap +0.4995 f 0.992 | ygap A -0.0020 B +0.3359  (195s)
step    525  loss 1.8431  A: xgap -0.0021 f 1.007 | B: xgap +0.5120 f 1.003 | ygap A -0.0019 B +0.3368  (205s)
step    550  loss 1.8520  A: xgap -0.0023 f 0.994 | B: xgap +0.5019 f 0.990 | ygap A -0.0019 B +0.3379  (214s)
step    575  loss 1.8377  A: xgap -0.0022 f 0.994 | B: xgap +0.4969 f 0.991 | ygap A -0.0020 B +0.3369  (223s)
step    600  loss 1.8403  A: xgap -0.0023 f 0.995 | B: xgap +0.5029 f 0.993 | ygap A -0.0020 B +0.3342  (233s)
step    625  loss 1.8320  A: xgap -0.0021 f 1.009 | B: xgap +0.5195 f 1.005 | ygap A -0.0019 B +0.3261  (242s)
step    650  loss 1.8539  A: xgap -0.0022 f 1.002 | B: xgap +0.5080 f 0.999 | ygap A -0.0018 B +0.3289  (252s)
step    675  loss 1.8295  A: xgap -0.0023 f 1.006 | B: xgap +0.5159 f 1.003 | ygap A -0.0020 B +0.3317  (262s)
step    700  loss 1.8432  A: xgap -0.0023 f 0.999 | B: xgap +0.5067 f 0.997 | ygap A -0.0020 B +0.3329  (271s)
step    725  loss 1.8364  A: xgap -0.0022 f 0.988 | B: xgap +0.4916 f 0.985 | ygap A -0.0020 B +0.3309  (280s)
step    750  loss 1.8561  A: xgap -0.0021 f 1.007 | B: xgap +0.5196 f 1.004 | ygap A -0.0018 B +0.3204  (290s)
step    775  loss 1.8333  A: xgap -0.0021 f 1.011 | B: xgap +0.5242 f 1.009 | ygap A -0.0019 B +0.3278  (300s)
step    800  loss 1.8429  A: xgap -0.0023 f 0.992 | B: xgap +0.4978 f 0.989 | ygap A -0.0016 B +0.3404  (310s)
step    825  loss 1.8583  A: xgap -0.0021 f 0.990 | B: xgap +0.4956 f 0.987 | ygap A -0.0019 B +0.3304  (320s)
step    850  loss 1.8375  A: xgap -0.0021 f 0.999 | B: xgap +0.5094 f 0.998 | ygap A -0.0019 B +0.3316  (330s)
step    875  loss 1.8407  A: xgap -0.0022 f 1.002 | B: xgap +0.5151 f 1.000 | ygap A -0.0018 B +0.3315  (340s)
step    900  loss 1.8334  A: xgap -0.0023 f 0.995 | B: xgap +0.5051 f 0.995 | ygap A -0.0020 B +0.3344  (349s)
step    925  loss 1.8547  A: xgap -0.0023 f 1.001 | B: xgap +0.5096 f 1.000 | ygap A -0.0020 B +0.3328  (359s)
step    950  loss 1.8432  A: xgap -0.0022 f 1.003 | B: xgap +0.5128 f 1.003 | ygap A -0.0021 B +0.3278  (369s)
step    975  loss 1.8391  A: xgap -0.0022 f 1.000 | B: xgap +0.5045 f 0.998 | ygap A -0.0020 B +0.3321  (378s)
step   1000  loss 1.8339  A: xgap -0.0022 f 1.002 | B: xgap +0.5118 f 0.999 | ygap A -0.0021 B +0.3242  (387s)
step   1100  loss 1.8692  A: xgap -0.0023 f 1.000 | B: xgap +0.5101 f 0.996 | ygap A -0.0017 B +0.3392  (408s)
step   1200  loss 1.8429  A: xgap -0.0023 f 0.998 | B: xgap +0.5011 f 0.994 | ygap A -0.0018 B +0.3340  (429s)
step   1300  loss 1.8325  A: xgap -0.0024 f 0.996 | B: xgap +0.5016 f 0.993 | ygap A -0.0019 B +0.3397  (450s)
step   1400  loss 1.8289  A: xgap -0.0023 f 1.005 | B: xgap +0.5118 f 1.002 | ygap A -0.0020 B +0.3250  (470s)
step   1500  loss 1.8237  A: xgap -0.0023 f 0.988 | B: xgap +0.4903 f 0.984 | ygap A -0.0019 B +0.3361  (491s)
step   1600  loss 1.8496  A: xgap -0.0024 f 1.000 | B: xgap +0.5081 f 0.995 | ygap A -0.0020 B +0.3341  (512s)
step   1700  loss 1.8225  A: xgap -0.0022 f 0.988 | B: xgap +0.4921 f 0.984 | ygap A -0.0020 B +0.3317  (533s)
step   1800  loss 1.8487  A: xgap -0.0023 f 0.995 | B: xgap +0.5011 f 0.991 | ygap A -0.0019 B +0.3317  (554s)
step   1900  loss 1.8569  A: xgap -0.0024 f 1.002 | B: xgap +0.5081 f 0.998 | ygap A -0.0017 B +0.3304  (575s)
step   2000  loss 1.8513  A: xgap -0.0022 f 1.008 | B: xgap +0.5152 f 1.005 | ygap A -0.0018 B +0.3358  (596s)
step   2100  loss 1.8503  A: xgap -0.0024 f 0.991 | B: xgap +0.4926 f 0.986 | ygap A -0.0016 B +0.3348  (617s)
step   2200  loss 1.8623  A: xgap -0.0025 f 1.001 | B: xgap +0.5072 f 0.997 | ygap A -0.0020 B +0.3366  (637s)
step   2300  loss 1.8493  A: xgap -0.0025 f 0.997 | B: xgap +0.5025 f 0.992 | ygap A -0.0018 B +0.3305  (659s)
step   2400  loss 1.8235  A: xgap -0.0023 f 0.993 | B: xgap +0.4952 f 0.989 | ygap A -0.0018 B +0.3415  (680s)
step   2500  loss 1.8223  A: xgap -0.0026 f 0.997 | B: xgap +0.5012 f 0.992 | ygap A -0.0020 B +0.3375  (700s)
step   2600  loss 1.8382  A: xgap -0.0025 f 1.001 | B: xgap +0.5074 f 0.996 | ygap A -0.0020 B +0.3371  (721s)
step   2700  loss 1.8482  A: xgap -0.0025 f 0.999 | B: xgap +0.5045 f 0.996 | ygap A -0.0020 B +0.3322  (742s)
step   2800  loss 1.8671  A: xgap -0.0024 f 1.006 | B: xgap +0.5170 f 1.004 | ygap A -0.0019 B +0.3287  (763s)
step   2900  loss 1.8255  A: xgap -0.0024 f 0.998 | B: xgap +0.5098 f 0.995 | ygap A -0.0020 B +0.3429  (783s)
step   3000  loss 1.8447  A: xgap -0.0024 f 1.007 | B: xgap +0.5185 f 1.004 | ygap A -0.0020 B +0.3324  (804s)
step   3100  loss 1.8613  A: xgap -0.0023 f 1.002 | B: xgap +0.5122 f 1.000 | ygap A -0.0019 B +0.3366  (826s)
step   3200  loss 1.8215  A: xgap -0.0024 f 0.994 | B: xgap +0.5011 f 0.993 | ygap A -0.0020 B +0.3301  (847s)
step   3300  loss 1.8382  A: xgap -0.0024 f 0.992 | B: xgap +0.4979 f 0.990 | ygap A -0.0019 B +0.3325  (866s)
step   3400  loss 1.8485  A: xgap -0.0021 f 1.009 | B: xgap +0.5172 f 1.006 | ygap A -0.0020 B +0.3408  (887s)
step   3500  loss 1.8510  A: xgap -0.0025 f 0.995 | B: xgap +0.5031 f 0.993 | ygap A -0.0021 B +0.3394  (908s)
step   3600  loss 1.8271  A: xgap -0.0024 f 0.997 | B: xgap +0.5038 f 0.995 | ygap A -0.0020 B +0.3415  (930s)
step   3700  loss 1.8355  A: xgap -0.0025 f 0.993 | B: xgap +0.5010 f 0.992 | ygap A -0.0020 B +0.3390  (951s)
step   3800  loss 1.8451  A: xgap -0.0022 f 1.008 | B: xgap +0.5232 f 1.007 | ygap A -0.0020 B +0.3404  (971s)
step   3900  loss 1.8429  A: xgap -0.0024 f 1.008 | B: xgap +0.5220 f 1.008 | ygap A -0.0018 B +0.3357  (992s)
step   4000  loss 1.8151  A: xgap -0.0023 f 1.004 | B: xgap +0.5153 f 1.003 | ygap A -0.0020 B +0.3436  (1013s)
step   4100  loss 1.8204  A: xgap -0.0022 f 0.999 | B: xgap +0.5079 f 0.999 | ygap A -0.0021 B +0.3366  (1034s)
step   4200  loss 1.8438  A: xgap -0.0025 f 0.998 | B: xgap +0.5064 f 0.998 | ygap A -0.0019 B +0.3361  (1055s)
step   4300  loss 1.8337  A: xgap -0.0023 f 0.997 | B: xgap +0.5077 f 0.996 | ygap A -0.0019 B +0.3379  (1076s)
step   4400  loss 1.8473  A: xgap -0.0024 f 0.995 | B: xgap +0.5019 f 0.994 | ygap A -0.0021 B +0.3359  (1096s)
step   4500  loss 1.8558  A: xgap -0.0025 f 0.999 | B: xgap +0.5074 f 0.999 | ygap A -0.0020 B +0.3438  (1117s)
step   4600  loss 1.8448  A: xgap -0.0023 f 0.985 | B: xgap +0.4922 f 0.985 | ygap A -0.0020 B +0.3403  (1138s)
step   4700  loss 1.8428  A: xgap -0.0025 f 0.999 | B: xgap +0.5111 f 0.999 | ygap A -0.0020 B +0.3447  (1159s)
step   4800  loss 1.8388  A: xgap -0.0025 f 1.005 | B: xgap +0.5150 f 1.005 | ygap A -0.0021 B +0.3401  (1180s)
step   4900  loss 1.8494  A: xgap -0.0024 f 1.005 | B: xgap +0.5193 f 1.004 | ygap A -0.0019 B +0.3477  (1201s)
step   5000  loss 1.8254  A: xgap -0.0024 f 0.997 | B: xgap +0.5065 f 0.997 | ygap A -0.0020 B +0.3350  (1222s)
step   5500  loss 1.8453  A: xgap -0.0025 f 1.006 | B: xgap +0.5194 f 1.006 | ygap A -0.0020 B +0.3359  (1302s)
step   6000  loss 1.8476  A: xgap -0.0024 f 0.990 | B: xgap +0.4986 f 0.990 | ygap A -0.0019 B +0.3417  (1382s)
step   6500  loss 1.8472  A: xgap -0.0024 f 1.000 | B: xgap +0.5138 f 1.001 | ygap A -0.0020 B +0.3395  (1463s)
step   7000  loss 1.8456  A: xgap -0.0025 f 0.994 | B: xgap +0.5044 f 0.995 | ygap A -0.0020 B +0.3382  (1543s)
step   7500  loss 1.8534  A: xgap -0.0024 f 0.993 | B: xgap +0.5034 f 0.993 | ygap A -0.0021 B +0.3407  (1623s)
step   8000  loss 1.8367  A: xgap -0.0024 f 0.998 | B: xgap +0.5106 f 0.998 | ygap A -0.0019 B +0.3339  (1703s)
step   8500  loss 1.8438  A: xgap -0.0024 f 0.998 | B: xgap +0.5089 f 0.998 | ygap A -0.0021 B +0.3499  (1784s)
step   9000  loss 1.8316  A: xgap -0.0025 f 1.003 | B: xgap +0.5127 f 1.003 | ygap A -0.0021 B +0.3475  (1865s)
step   9500  loss 1.8352  A: xgap -0.0025 f 1.005 | B: xgap +0.5155 f 1.005 | ygap A -0.0020 B +0.3365  (1946s)
step  10000  loss 1.8674  A: xgap -0.0025 f 1.001 | B: xgap +0.5125 f 1.002 | ygap A -0.0021 B +0.3427  (2027s)
saved runs/s0/unanchored
